Archive member included to satisfy reference by file (symbol)

app/libapp.a(main.c.obj)      (--whole-archive)
zephyr/libzephyr.a(heap.c.obj)
                              (--whole-archive)
zephyr/libzephyr.a(cbprintf_packaged.c.obj)
                              (--whole-archive)
zephyr/libzephyr.a(printk.c.obj)
                              (--whole-archive)
zephyr/libzephyr.a(sem.c.obj)
                              (--whole-archive)
zephyr/libzephyr.a(thread_entry.c.obj)
                              (--whole-archive)
zephyr/libzephyr.a(cbprintf_complete.c.obj)
                              (--whole-archive)
zephyr/libzephyr.a(assert.c.obj)
                              (--whole-archive)
zephyr/libzephyr.a(dec.c.obj)
                              (--whole-archive)
zephyr/libzephyr.a(hex.c.obj)
                              (--whole-archive)
zephyr/libzephyr.a(rb.c.obj)  (--whole-archive)
zephyr/libzephyr.a(timeutil.c.obj)
                              (--whole-archive)
zephyr/libzephyr.a(bitarray.c.obj)
                              (--whole-archive)
zephyr/libzephyr.a(onoff.c.obj)
                              (--whole-archive)
zephyr/libzephyr.a(notify.c.obj)
                              (--whole-archive)
zephyr/libzephyr.a(last_section_id.c.obj)
                              (--whole-archive)
zephyr/libzephyr.a(configs.c.obj)
                              (--whole-archive)
zephyr/libzephyr.a(log_minimal.c.obj)
                              (--whole-archive)
zephyr/libzephyr.a(tracing_none.c.obj)
                              (--whole-archive)
zephyr/libzephyr.a(banner.c.obj)
                              (--whole-archive)
zephyr/libzephyr.a(flash_map_partition_manager.c.obj)
                              (--whole-archive)
zephyr/libzephyr.a(nrf_cc3xx_platform_abort_zephyr.c.obj)
                              (--whole-archive)
zephyr/libzephyr.a(nrf_cc3xx_platform_no_mutex_zephyr.c.obj)
                              (--whole-archive)
zephyr/arch/common/libarch__common.a(sw_isr_common.c.obj)
                              (--whole-archive)
zephyr/arch/arch/arm/core/libarch__arm__core.a(fatal.c.obj)
                              (--whole-archive)
zephyr/arch/arch/arm/core/libarch__arm__core.a(nmi.c.obj)
                              (--whole-archive)
zephyr/arch/arch/arm/core/libarch__arm__core.a(nmi_on_reset.S.obj)
                              (--whole-archive)
zephyr/arch/arch/arm/core/libarch__arm__core.a(tls.c.obj)
                              (--whole-archive)
zephyr/arch/arch/arm/core/cortex_m/libarch__arm__core__cortex_m.a(exc_exit.c.obj)
                              (--whole-archive)
zephyr/arch/arch/arm/core/cortex_m/libarch__arm__core__cortex_m.a(fault.c.obj)
                              (--whole-archive)
zephyr/arch/arch/arm/core/cortex_m/libarch__arm__core__cortex_m.a(fault_s.S.obj)
                              (--whole-archive)
zephyr/arch/arch/arm/core/cortex_m/libarch__arm__core__cortex_m.a(fpu.c.obj)
                              (--whole-archive)
zephyr/arch/arch/arm/core/cortex_m/libarch__arm__core__cortex_m.a(reset.S.obj)
                              (--whole-archive)
zephyr/arch/arch/arm/core/cortex_m/libarch__arm__core__cortex_m.a(scb.c.obj)
                              (--whole-archive)
zephyr/arch/arch/arm/core/cortex_m/libarch__arm__core__cortex_m.a(thread_abort.c.obj)
                              (--whole-archive)
zephyr/arch/arch/arm/core/cortex_m/libarch__arm__core__cortex_m.a(vector_table.S.obj)
                              (--whole-archive)
zephyr/arch/arch/arm/core/cortex_m/libarch__arm__core__cortex_m.a(swap_helper.S.obj)
                              (--whole-archive)
zephyr/arch/arch/arm/core/cortex_m/libarch__arm__core__cortex_m.a(irq_manage.c.obj)
                              (--whole-archive)
zephyr/arch/arch/arm/core/cortex_m/libarch__arm__core__cortex_m.a(prep_c.c.obj)
                              (--whole-archive)
zephyr/arch/arch/arm/core/cortex_m/libarch__arm__core__cortex_m.a(thread.c.obj)
                              (--whole-archive)
zephyr/arch/arch/arm/core/cortex_m/libarch__arm__core__cortex_m.a(cpu_idle.c.obj)
                              (--whole-archive)
zephyr/arch/arch/arm/core/cortex_m/libarch__arm__core__cortex_m.a(irq_init.c.obj)
                              (--whole-archive)
zephyr/arch/arch/arm/core/cortex_m/libarch__arm__core__cortex_m.a(isr_wrapper.c.obj)
                              (--whole-archive)
zephyr/arch/arch/arm/core/cortex_m/libarch__arm__core__cortex_m.a(__aeabi_read_tp.S.obj)
                              (--whole-archive)
zephyr/arch/arch/arm/core/cortex_m/cmse/libarch__arm__core__cortex_m__cmse.a(arm_core_cmse.c.obj)
                              (--whole-archive)
zephyr/lib/libc/picolibc/liblib__libc__picolibc.a(assert.c.obj)
                              (--whole-archive)
zephyr/lib/libc/picolibc/liblib__libc__picolibc.a(cbprintf.c.obj)
                              (--whole-archive)
[...]
Memory Configuration

Name             Origin             Length             Attributes
FLASH            0x0000000000000000 0x0000000000008000 xr
RAM              0x000000002000c4e8 0x0000000000033b18 xw
IDT_LIST         0x00000000ffff7fff 0x0000000000008000 xw
*default*        0x0000000000000000 0xffffffffffffffff

Linker script and memory map

                0x0000000000003a68                vfprintf = __d_vfprintf
                0x0000000000000000                vfscanf = __d_vfscanf
LOAD zephyr/CMakeFiles/zephyr_pre0.dir/misc/empty_file.c.obj
LOAD zephyr/CMakeFiles/offsets.dir/./arch/arm/core/offsets/offsets.c.obj
LOAD app/libapp.a
LOAD zephyr/libzephyr.a
LOAD zephyr/arch/common/libarch__common.a
LOAD zephyr/arch/arch/arm/core/libarch__arm__core.a
LOAD zephyr/arch/arch/arm/core/cortex_m/libarch__arm__core__cortex_m.a
LOAD zephyr/arch/arch/arm/core/cortex_m/cmse/libarch__arm__core__cortex_m__cmse.a
LOAD zephyr/lib/libc/picolibc/liblib__libc__picolibc.a
LOAD zephyr/lib/libc/common/liblib__libc__common.a
LOAD zephyr/soc/soc/nrf9151/libsoc__nordic.a
LOAD zephyr/drivers/clock_control/libdrivers__clock_control.a
LOAD zephyr/drivers/console/libdrivers__console.a
LOAD zephyr/drivers/pinctrl/libdrivers__pinctrl.a
LOAD zephyr/drivers/serial/libdrivers__serial.a
LOAD zephyr/drivers/timer/libdrivers__timer.a
LOAD modules/nrf/lib/fprotect/lib..__nrf__lib__fprotect.a
LOAD modules/nrf/subsys/bootloader/bl_boot/lib..__nrf__subsys__bootloader__bl_boot.a
LOAD modules/nrf/subsys/bootloader/bl_crypto/lib..__nrf__subsys__bootloader__bl_crypto.a
LOAD modules/nrf/subsys/bootloader/bl_validation/lib..__nrf__subsys__bootloader__bl_validation.a
LOAD modules/nrf/subsys/bootloader/bl_storage/lib..__nrf__subsys__bootloader__bl_storage.a
LOAD modules/nrf/subsys/fw_info/lib..__nrf__subsys__fw_info.a
LOAD modules/nrf/drivers/hw_cc3xx/lib..__nrf__drivers__hw_cc3xx.a
LOAD modules/hal_nordic/modules/hal_nordic/nrfx/libmodules__hal_nordic__nrfx.a
LOAD zephyr/kernel/libkernel.a
LOAD zephyr/arch/common/libisr_tables.a
LOAD /opt/nordic/ncs/v3.0.0/nrfxlib/crypto/nrf_oberon/lib/cortex-m33/hard-float/liboberon_3.0.16.a
LOAD /opt/nordic/ncs/v3.0.0/nrfxlib/crypto/nrf_cc310_bl/lib/cortex-m33/hard-float/no-interrupts/libnrf_cc310_bl_0.9.12.a
LOAD /opt/nordic/ncs/v3.0.0/nrfxlib/crypto/nrf_cc310_platform/lib/cortex-m33/hard-float/no-interrupts/libnrf_cc310_platform_0.9.19.a
LOAD /opt/nordic/ncs/toolchains/b8efef2ad5/opt/zephyr-sdk/arm-zephyr-eabi/bin/../lib/gcc/../../picolibc/arm-zephyr-eabi/lib/thumb/v8-m.main+fp/hard/libc.a
LOAD /opt/nordic/ncs/toolchains/b8efef2ad5/opt/zephyr-sdk/arm-zephyr-eabi/bin/../lib/gcc/arm-zephyr-eabi/12.2.0/thumb/v8-m.main+fp/hard/libgcc.a
                0x0000000000000007                _image_1_primary_slot_id = 0x7
                0x0000000000000004                _region_min_align = 0x4

.rel.plt        0x0000000000000000        0x0
 *(SORT_BY_ALIGNMENT(.rel.plt))
                [!provide]                        PROVIDE (__rel_iplt_start = .)
 *(SORT_BY_ALIGNMENT(.rel.iplt))
 .rel.iplt      0x0000000000000000        0x0 app/libapp.a(main.c.obj)
                [!provide]                        PROVIDE (__rel_iplt_end = .)

.rela.plt       0x0000000000000000        0x0
 *(SORT_BY_ALIGNMENT(.rela.plt))
                [!provide]                        PROVIDE (__rela_iplt_start = .)
 *(SORT_BY_ALIGNMENT(.rela.iplt))
                [!provide]                        PROVIDE (__rela_iplt_end = .)

.rel.dyn
 *(SORT_BY_ALIGNMENT(.rel.*))

.rela.dyn
 *(SORT_BY_ALIGNMENT(.rela.*))

/DISCARD/
 *(SORT_BY_ALIGNMENT(.plt))

/DISCARD/
 *(SORT_BY_ALIGNMENT(.iplt))
                0x0000000000000000                __rom_region_start = 0x0

rom_start       0x0000000000000000      0x2ec
                0x0000000000000000                __rom_start_address = .
 FILL mask 0x00
                0x0000000000000000                . = (. + (0x0 - (. - __rom_start_address)))
                0x0000000000000000                . = ALIGN (0x4)
                0x0000000000000000                . = ALIGN (0x80)
                0x0000000000000000                . = ALIGN (0x200)
                0x0000000000000000                _vector_start = .
 *(SORT_BY_ALIGNMENT(.exc_vector_table))
 *(SORT_BY_ALIGNMENT(.exc_vector_table.*))
 .exc_vector_table._vector_table_section
                0x0000000000000000       0x40 zephyr/arch/arch/arm/core/cortex_m/libarch__arm__core__cortex_m.a(vector_table.S.obj)
                0x0000000000000000                _vector_table
 *(SORT_BY_ALIGNMENT(.vectors))
                0x0000000000000144                _vector_end = .
                0x0000000000000040                . = ALIGN (0x4)
 *(SORT_BY_ALIGNMENT(.gnu.linkonce.irq_vector_table*))
 .gnu.linkonce.irq_vector_table
                0x0000000000000040      0x104 zephyr/arch/common/libisr_tables.a(isr_tables.c.obj)
                0x0000000000000040                _irq_vector_table
                0x0000000000000144                _vector_end = .
                0x0000000000000200                . = 0x200
 *fill*         0x0000000000000144       0xbc 00
                0x0000000000000200                _fw_info_start = .
 *(SORT_BY_NAME(SORT_BY_ALIGNMENT(.firmware_info*)))
 .firmware_info
                0x0000000000000200       0x3c modules/nrf/subsys/fw_info/lib..__nrf__subsys__fw_info.a(fw_info.c.obj)
                0x0000000000000200                m_firmware_info
 .firmware_info.1
                0x000000000000023c       0x70 modules/nrf/subsys/bootloader/bl_crypto/lib..__nrf__subsys__bootloader__bl_crypto.a(bl_crypto.c.obj)
                0x000000000000023c                bl_secp256r1_ext_api
                0x000000000000025c                bl_sha256_ext_api
                0x000000000000028c                bl_rot_verify_ext_api
 .firmware_info.1
                0x00000000000002ac       0x20 modules/nrf/subsys/bootloader/bl_validation/lib..__nrf__subsys__bootloader__bl_validation.a(bl_validation.c.obj)
                0x00000000000002ac                bl_validate_fw_ext_api
 .firmware_info.1
                0x00000000000002cc       0x20 modules/nrf/subsys/fw_info/lib..__nrf__subsys__fw_info.a(fw_info.c.obj)
                0x00000000000002cc                ext_api_provide_ext_api
                0x00000000000000ec                _fw_info_size = ABSOLUTE ((. - _fw_info_start))

text            0x00000000000002ec     0x5608
                0x00000000000002ec                __text_region_start = .
 *(SORT_BY_ALIGNMENT(.text))
 .text          0x00000000000002ec       0x5c /opt/nordic/ncs/v3.0.0/nrfxlib/crypto/nrf_oberon/lib/cortex-m33/hard-float/liboberon_3.0.16.a(ocrypto_constant_time.s.obj)
                0x00000000000002ec                ocrypto_constant_time_equal
                0x0000000000000314                ocrypto_constant_time_is_zero
                0x0000000000000330                ocrypto_constant_time_xor
 .text          0x0000000000000348       0x30 /opt/nordic/ncs/toolchains/b8efef2ad5/opt/zephyr-sdk/arm-zephyr-eabi/bin/../lib/gcc/arm-zephyr-eabi/12.2.0/thumb/v8-m.main+fp/hard/libgcc.a(_aeabi_uldivmod.o)
                0x0000000000000348                __aeabi_uldivmod
 .text          0x0000000000000378        0x4 /opt/nordic/ncs/toolchains/b8efef2ad5/opt/zephyr-sdk/arm-zephyr-eabi/bin/../lib/gcc/arm-zephyr-eabi/12.2.0/thumb/v8-m.main+fp/hard/libgcc.a(_dvmd_tls.o)
                0x0000000000000378                __aeabi_ldiv0
                0x0000000000000378                __aeabi_idiv0
 .text          0x000000000000037c      0x29c /opt/nordic/ncs/toolchains/b8efef2ad5/opt/zephyr-sdk/arm-zephyr-eabi/bin/../lib/gcc/arm-zephyr-eabi/12.2.0/thumb/v8-m.main+fp/hard/libgcc.a(_udivmoddi4.o)
                0x000000000000037c                __udivmoddi4
 *(SORT_BY_ALIGNMENT(.text.*))
 .text.fw_info_find
                0x0000000000000618       0x48 app/libapp.a(main.c.obj)
 .text.validate_and_boot
                0x0000000000000660       0x9c app/libapp.a(main.c.obj)
 .text.main     0x00000000000006fc       0x68 app/libapp.a(main.c.obj)
                0x00000000000006fc                main
 .text.char_out
                0x0000000000000764        0xc zephyr/libzephyr.a(printk.c.obj)
 .text.__printk_hook_install
                0x0000000000000770        0xc zephyr/libzephyr.a(printk.c.obj)
                0x0000000000000770                __printk_hook_install
 .text.vprintk  0x000000000000077c       0x30 zephyr/libzephyr.a(printk.c.obj)
                0x000000000000077c                vprintk
 .text.boot_banner
                0x00000000000007ac       0x1c zephyr/libzephyr.a(banner.c.obj)
                0x00000000000007ac                boot_banner
 .text.nrf_cc3xx_platform_abort_init
                0x00000000000007c8        0xc zephyr/libzephyr.a(nrf_cc3xx_platform_abort_zephyr.c.obj)
                0x00000000000007c8                nrf_cc3xx_platform_abort_init
 .text.z_SysNmiOnReset
                0x00000000000007d4        0x8 zephyr/arch/arch/arm/core/libarch__arm__core.a(nmi_on_reset.S.obj)
                0x00000000000007d4                z_SysNmiOnReset
 .text.usage_fault.constprop.0
                0x00000000000007dc       0x5c zephyr/arch/arch/arm/core/cortex_m/libarch__arm__core__cortex_m.a(fault.c.obj)
 .text.bus_fault.constprop.0
                0x0000000000000838       0x6c zephyr/arch/arch/arm/core/cortex_m/libarch__arm__core__cortex_m.a(fault.c.obj)
 .text.mem_manage_fault.constprop.0
                0x00000000000008a4       0x78 zephyr/arch/arch/arm/core/cortex_m/libarch__arm__core__cortex_m.a(fault.c.obj)
 .text.z_arm_fault
                0x000000000000091c      0x124 zephyr/arch/arch/arm/core/cortex_m/libarch__arm__core__cortex_m.a(fault.c.obj)
                0x000000000000091c                z_arm_fault
 .text.z_arm_fault_init
                0x0000000000000a40       0x20 zephyr/arch/arch/arm/core/cortex_m/libarch__arm__core__cortex_m.a(fault.c.obj)
                0x0000000000000a40                z_arm_fault_init
 .text.__fault  0x0000000000000a60       0x14 zephyr/arch/arch/arm/core/cortex_m/libarch__arm__core__cortex_m.a(fault_s.S.obj)
                0x0000000000000a60                z_arm_bus_fault
                0x0000000000000a60                z_arm_usage_fault
                0x0000000000000a60                z_arm_mpu_fault
                0x0000000000000a60                z_arm_exc_spurious
                0x0000000000000a60                z_arm_debug_monitor
                0x0000000000000a60                z_arm_hard_fault
 .text._reset_section
                0x0000000000000a74       0x60 zephyr/arch/arch/arm/core/cortex_m/libarch__arm__core__cortex_m.a(reset.S.obj)
                0x0000000000000a74                z_arm_reset
                0x0000000000000a74                __start
 .text.z_arm_init_arch_hw_at_boot
                0x0000000000000ad4       0x44 zephyr/arch/arch/arm/core/cortex_m/libarch__arm__core__cortex_m.a(scb.c.obj)
                0x0000000000000ad4                z_arm_init_arch_hw_at_boot
 .text.z_arm_svc
                0x0000000000000b18       0x24 zephyr/arch/arch/arm/core/cortex_m/libarch__arm__core__cortex_m.a(swap_helper.S.obj)
                0x0000000000000b18                z_arm_svc
 .text.arch_irq_enable
                0x0000000000000b3c       0x1c zephyr/arch/arch/arm/core/cortex_m/libarch__arm__core__cortex_m.a(irq_manage.c.obj)
                0x0000000000000b3c                arch_irq_enable
 .text.arch_irq_is_enabled
                0x0000000000000b58       0x1c zephyr/arch/arch/arm/core/cortex_m/libarch__arm__core__cortex_m.a(irq_manage.c.obj)
                0x0000000000000b58                arch_irq_is_enabled
 .text.z_arm_irq_priority_set
                0x0000000000000b74       0x2c zephyr/arch/arch/arm/core/cortex_m/libarch__arm__core__cortex_m.a(irq_manage.c.obj)
                0x0000000000000b74                z_arm_irq_priority_set
 .text.z_prep_c
                0x0000000000000ba0       0x5c zephyr/arch/arch/arm/core/cortex_m/libarch__arm__core__cortex_m.a(prep_c.c.obj)
                0x0000000000000ba0                z_prep_c
 .text.z_arm_switch_to_main_no_multithreading
                0x0000000000000bfc       0x44 zephyr/arch/arch/arm/core/cortex_m/libarch__arm__core__cortex_m.a(thread.c.obj)
                0x0000000000000bfc                z_arm_switch_to_main_no_multithreading
 .text.z_arm_cpu_idle_init
                0x0000000000000c40        0xc zephyr/arch/arch/arm/core/cortex_m/libarch__arm__core__cortex_m.a(cpu_idle.c.obj)
                0x0000000000000c40                z_arm_cpu_idle_init
 .text.z_arm_interrupt_init
                0x0000000000000c4c       0x18 zephyr/arch/arch/arm/core/cortex_m/libarch__arm__core__cortex_m.a(irq_init.c.obj)
                0x0000000000000c4c                z_arm_interrupt_init
 .text._isr_wrapper
                0x0000000000000c64       0x24 zephyr/arch/arch/arm/core/cortex_m/libarch__arm__core__cortex_m.a(isr_wrapper.c.obj)
                0x0000000000000c64                _isr_wrapper
 .text.z_impl_zephyr_fputc
                0x0000000000000c88       0x10 zephyr/lib/libc/picolibc/liblib__libc__picolibc.a(stdio.c.obj)
                0x0000000000000c88                z_impl_zephyr_fputc
 .text.__stdout_hook_install
                0x0000000000000c98       0x18 zephyr/lib/libc/picolibc/liblib__libc__picolibc.a(stdio.c.obj)
                0x0000000000000c98                __stdout_hook_install
 .text.malloc_prepare
                0x0000000000000cb0       0x24 zephyr/lib/libc/common/liblib__libc__common.a(malloc.c.obj)
 .text.nordicsemi_nrf91_init
                0x0000000000000cd4       0x10 zephyr/soc/soc/nrf9151/libsoc__nordic.a(soc.c.obj)
 .text.arch_busy_wait
                0x0000000000000ce4       0x14 zephyr/soc/soc/nrf9151/libsoc__nordic.a(soc.c.obj)
                0x0000000000000ce4                arch_busy_wait
 .text.onoff_stop
                0x0000000000000cf8       0x30 zephyr/drivers/clock_control/libdrivers__clock_control.a(clock_control_nrf.c.obj)
 .text.onoff_start
                0x0000000000000d28       0x44 zephyr/drivers/clock_control/libdrivers__clock_control.a(clock_control_nrf.c.obj)
 .text.generic_hfclk_stop
                0x0000000000000d6c       0x34 zephyr/drivers/clock_control/libdrivers__clock_control.a(clock_control_nrf.c.obj)
 .text.clk_init
                0x0000000000000da0       0x58 zephyr/drivers/clock_control/libdrivers__clock_control.a(clock_control_nrf.c.obj)
 .text.clkstarted_handle.constprop.0
                0x0000000000000df8       0x4c zephyr/drivers/clock_control/libdrivers__clock_control.a(clock_control_nrf.c.obj)
 .text.generic_hfclk_start
                0x0000000000000e44       0x7c zephyr/drivers/clock_control/libdrivers__clock_control.a(clock_control_nrf.c.obj)
 .text.clock_event_handler
                0x0000000000000ec0       0x1c zephyr/drivers/clock_control/libdrivers__clock_control.a(clock_control_nrf.c.obj)
 .text.uart_console_init
                0x0000000000000edc       0x28 zephyr/drivers/console/libdrivers__console.a(uart_console.c.obj)
 .text.console_out
                0x0000000000000f04       0x28 zephyr/drivers/console/libdrivers__console.a(uart_console.c.obj)
 .text.pinctrl_configure_pins
                0x0000000000000f2c      0x17c zephyr/drivers/pinctrl/libdrivers__pinctrl.a(pinctrl_nrf.c.obj)
                0x0000000000000f2c                pinctrl_configure_pins
 .text.uarte_nrfx_poll_out
                0x00000000000010a8       0xac zephyr/drivers/serial/libdrivers__serial.a(uart_nrfx_uarte.c.obj)
 .text.uarte_instance_init.constprop.0
                0x0000000000001154       0xf8 zephyr/drivers/serial/libdrivers__serial.a(uart_nrfx_uarte.c.obj)
 .text.fprotect_area
                0x000000000000124c       0x3c modules/nrf/lib/fprotect/lib..__nrf__lib__fprotect.a(fprotect_spu.c.obj)
                0x000000000000124c                fprotect_area
 .text.uninit_used_uarte
                0x0000000000001288       0x68 modules/nrf/subsys/bootloader/bl_boot/lib..__nrf__subsys__bootloader__bl_boot.a(bl_boot.c.obj)
 .text.bl_boot  0x00000000000012f0       0xd8 modules/nrf/subsys/bootloader/bl_boot/lib..__nrf__subsys__bootloader__bl_boot.a(bl_boot.c.obj)
                0x00000000000012f0                bl_boot
 .text.cc310_bl_backend_enable
                0x00000000000013c8       0x10 modules/nrf/subsys/bootloader/bl_crypto/lib..__nrf__subsys__bootloader__bl_crypto.a(bl_crypto_cc310_common.c.obj)
                0x00000000000013c8                cc310_bl_backend_enable
 .text.cc310_bl_backend_disable
                0x00000000000013d8       0x10 modules/nrf/subsys/bootloader/bl_crypto/lib..__nrf__subsys__bootloader__bl_crypto.a(bl_crypto_cc310_common.c.obj)
                0x00000000000013d8                cc310_bl_backend_disable
 .text.cc310_bl_init
                0x00000000000013e8       0x3c modules/nrf/subsys/bootloader/bl_crypto/lib..__nrf__subsys__bootloader__bl_crypto.a(bl_crypto_cc310_common.c.obj)
                0x00000000000013e8                cc310_bl_init
 .text.sha256_update
                0x0000000000001424       0x64 modules/nrf/subsys/bootloader/bl_crypto/lib..__nrf__subsys__bootloader__bl_crypto.a(bl_crypto_cc310_hash.c.obj)
 .text.bl_sha256_init
                0x0000000000001488       0x18 modules/nrf/subsys/bootloader/bl_crypto/lib..__nrf__subsys__bootloader__bl_crypto.a(bl_crypto_cc310_hash.c.obj)
                0x0000000000001488                bl_sha256_init
 .text.fw_info_check
                0x00000000000014a0       0x28 modules/nrf/subsys/bootloader/bl_validation/lib..__nrf__subsys__bootloader__bl_validation.a(bl_validation.c.obj)
 .text.fw_info_find
                0x00000000000014c8       0x20 modules/nrf/subsys/bootloader/bl_validation/lib..__nrf__subsys__bootloader__bl_validation.a(bl_validation.c.obj)
 .text.set_monotonic_version
                0x00000000000014e8       0x74 modules/nrf/subsys/bootloader/bl_validation/lib..__nrf__subsys__bootloader__bl_validation.a(bl_validation.c.obj)
                0x00000000000014e8                set_monotonic_version
 .text.get_monotonic_version
                0x000000000000155c       0x38 modules/nrf/subsys/bootloader/bl_validation/lib..__nrf__subsys__bootloader__bl_validation.a(bl_validation.c.obj)
                0x000000000000155c                get_monotonic_version
 .text.validate_firmware
                0x0000000000001594      0x360 modules/nrf/subsys/bootloader/bl_validation/lib..__nrf__subsys__bootloader__bl_validation.a(bl_validation.c.obj)
 .text.s0_address_read
                0x00000000000018f4        0xc modules/nrf/subsys/bootloader/bl_storage/lib..__nrf__subsys__bootloader__bl_storage.a(bl_storage.c.obj)
                0x00000000000018f4                s0_address_read
 .text.s1_address_read
                0x0000000000001900        0xc modules/nrf/subsys/bootloader/bl_storage/lib..__nrf__subsys__bootloader__bl_storage.a(bl_storage.c.obj)
                0x0000000000001900                s1_address_read
 .text.num_public_keys_read
                0x000000000000190c        0xc modules/nrf/subsys/bootloader/bl_storage/lib..__nrf__subsys__bootloader__bl_storage.a(bl_storage.c.obj)
                0x000000000000190c                num_public_keys_read
 .text.key_is_valid
                0x0000000000001918       0x50 modules/nrf/subsys/bootloader/bl_storage/lib..__nrf__subsys__bootloader__bl_storage.a(bl_storage.c.obj)
 .text.get_counter_struct
                0x0000000000001968       0x58 modules/nrf/subsys/bootloader/bl_storage/lib..__nrf__subsys__bootloader__bl_storage.a(bl_storage.c.obj)
 .text.verify_public_keys
                0x00000000000019c0       0x50 modules/nrf/subsys/bootloader/bl_storage/lib..__nrf__subsys__bootloader__bl_storage.a(bl_storage.c.obj)
                0x00000000000019c0                verify_public_keys
 .text.public_key_data_read
                0x0000000000001a10       0x60 modules/nrf/subsys/bootloader/bl_storage/lib..__nrf__subsys__bootloader__bl_storage.a(bl_storage.c.obj)
                0x0000000000001a10                public_key_data_read
 .text.invalidate_public_key
                0x0000000000001a70       0x28 modules/nrf/subsys/bootloader/bl_storage/lib..__nrf__subsys__bootloader__bl_storage.a(bl_storage.c.obj)
                0x0000000000001a70                invalidate_public_key
 .text.fw_info_ext_api_provide
                0x0000000000001a98       0xe0 modules/nrf/subsys/fw_info/lib..__nrf__subsys__fw_info.a(fw_info.c.obj)
                0x0000000000001a98                fw_info_ext_api_provide
 .text.check_ext_api_requests
                0x0000000000001b78       0xa0 modules/nrf/subsys/fw_info/lib..__nrf__subsys__fw_info.a(fw_info.c.obj)
 .text.fw_info_invalidate
                0x0000000000001c18       0x1c modules/nrf/subsys/fw_info/lib..__nrf__subsys__fw_info.a(fw_info.c.obj)
                0x0000000000001c18                fw_info_invalidate
 .text.uicr_HFXOCNT_erased
                0x0000000000001c34       0x40 modules/hal_nordic/modules/hal_nordic/nrfx/libmodules__hal_nordic__nrfx.a(system_nrf91.c.obj)
 .text.uicr_HFXOSRC_erased
                0x0000000000001c74       0x3c modules/hal_nordic/modules/hal_nordic/nrfx/libmodules__hal_nordic__nrfx.a(system_nrf91.c.obj)
 .text.SystemInit
                0x0000000000001cb0      0x1d0 modules/hal_nordic/modules/hal_nordic/nrfx/libmodules__hal_nordic__nrfx.a(system_nrf91.c.obj)
                0x0000000000001cb0                SystemInit
 .text.nrfx_flag32_alloc
                0x0000000000001e80       0x40 modules/hal_nordic/modules/hal_nordic/nrfx/libmodules__hal_nordic__nrfx.a(nrfx_flag32_allocator.c.obj)
                0x0000000000001e80                nrfx_flag32_alloc
 .text.nrfx_gppi_channels_enable
                0x0000000000001ec0        0xc modules/hal_nordic/modules/hal_nordic/nrfx/libmodules__hal_nordic__nrfx.a(nrfx_gppi_dppi.c.obj)
                0x0000000000001ec0                nrfx_gppi_channels_enable
 .text.nrfx_gppi_channel_alloc
                0x0000000000001ecc        0xc modules/hal_nordic/modules/hal_nordic/nrfx/libmodules__hal_nordic__nrfx.a(nrfx_gppi_dppi.c.obj)
                0x0000000000001ecc                nrfx_gppi_channel_alloc
 .text.nrfx_clock_init
                0x0000000000001ed8       0x20 modules/hal_nordic/modules/hal_nordic/nrfx/libmodules__hal_nordic__nrfx.a(nrfx_clock.c.obj)
                0x0000000000001ed8                nrfx_clock_init
 .text.nrfx_clock_enable
                0x0000000000001ef8       0x28 modules/hal_nordic/modules/hal_nordic/nrfx/libmodules__hal_nordic__nrfx.a(nrfx_clock.c.obj)
                0x0000000000001ef8                nrfx_clock_enable
 .text.nrfx_clock_start
                0x0000000000001f20       0xb0 modules/hal_nordic/modules/hal_nordic/nrfx/libmodules__hal_nordic__nrfx.a(nrfx_clock.c.obj)
                0x0000000000001f20                nrfx_clock_start
 .text.nrfx_power_clock_irq_handler
                0x0000000000001fd0       0x70 modules/hal_nordic/modules/hal_nordic/nrfx/libmodules__hal_nordic__nrfx.a(nrfx_clock.c.obj)
                0x0000000000001fd0                nrfx_power_clock_irq_handler
 .text.nrfx_dppi_channel_alloc
                0x0000000000002040       0x10 modules/hal_nordic/modules/hal_nordic/nrfx/libmodules__hal_nordic__nrfx.a(nrfx_dppi.c.obj)
                0x0000000000002040                nrfx_dppi_channel_alloc
 .text.nvmc_readonly_mode_set
                0x0000000000002050       0x14 modules/hal_nordic/modules/hal_nordic/nrfx/libmodules__hal_nordic__nrfx.a(nrfx_nvmc.c.obj)
 .text.nvmc_word_write
                0x0000000000002064       0x18 modules/hal_nordic/modules/hal_nordic/nrfx/libmodules__hal_nordic__nrfx.a(nrfx_nvmc.c.obj)
 .text.nrfx_nvmc_word_write
                0x000000000000207c       0x20 modules/hal_nordic/modules/hal_nordic/nrfx/libmodules__hal_nordic__nrfx.a(nrfx_nvmc.c.obj)
                0x000000000000207c                nrfx_nvmc_word_write
 .text.z_sys_init_run_level
                0x000000000000209c       0x2c zephyr/kernel/libkernel.a(init.c.obj)
 .text.bg_thread_main
                0x00000000000020c8       0x34 zephyr/kernel/libkernel.a(init.c.obj)
 .text.z_bss_zero
                0x00000000000020fc       0x18 zephyr/kernel/libkernel.a(init.c.obj)
                0x00000000000020fc                z_bss_zero
 .text.z_cstart
                0x0000000000002114       0x70 zephyr/kernel/libkernel.a(init.c.obj)
                0x0000000000002114                z_cstart
 .text.z_data_copy
                0x0000000000002184       0x38 zephyr/kernel/libkernel.a(xip.c.obj)
                0x0000000000002184                z_data_copy
 .text.verify_context_ecdsa_verify_secp256r1
                0x00000000000021bc       0x20 /opt/nordic/ncs/v3.0.0/nrfxlib/crypto/nrf_cc310_bl/lib/cortex-m33/hard-float/no-interrupts/libnrf_cc310_bl_0.9.12.a(nrf_cc310_bl_ecdsa_verify_secp256r1.c.obj)
 .text.nrf_cc310_bl_ecdsa_verify_init_secp256r1
                0x00000000000021dc       0x4c /opt/nordic/ncs/v3.0.0/nrfxlib/crypto/nrf_cc310_bl/lib/cortex-m33/hard-float/no-interrupts/libnrf_cc310_bl_0.9.12.a(nrf_cc310_bl_ecdsa_verify_secp256r1.c.obj)
                0x00000000000021dc                nrf_cc310_bl_ecdsa_verify_init_secp256r1
 .text.nrf_cc310_bl_ecdsa_verify_hash_secp256r1
                0x0000000000002228      0x168 /opt/nordic/ncs/v3.0.0/nrfxlib/crypto/nrf_cc310_bl/lib/cortex-m33/hard-float/no-interrupts/libnrf_cc310_bl_0.9.12.a(nrf_cc310_bl_ecdsa_verify_secp256r1.c.obj)
                0x0000000000002228                nrf_cc310_bl_ecdsa_verify_hash_secp256r1
 .text.set_digest_in_hw_sha256
                0x0000000000002390       0x38 /opt/nordic/ncs/v3.0.0/nrfxlib/crypto/nrf_cc310_bl/lib/cortex-m33/hard-float/no-interrupts/libnrf_cc310_bl_0.9.12.a(nrf_cc310_bl_hash_sha256.c.obj)
 .text.read_digest_in_hw_sha256
                0x00000000000023c8       0x54 /opt/nordic/ncs/v3.0.0/nrfxlib/crypto/nrf_cc310_bl/lib/cortex-m33/hard-float/no-interrupts/libnrf_cc310_bl_0.9.12.a(nrf_cc310_bl_hash_sha256.c.obj)
 .text.verify_context_hash_sha256
                0x000000000000241c       0x20 /opt/nordic/ncs/v3.0.0/nrfxlib/crypto/nrf_cc310_bl/lib/cortex-m33/hard-float/no-interrupts/libnrf_cc310_bl_0.9.12.a(nrf_cc310_bl_hash_sha256.c.obj)
 .text.nrf_cc310_bl_hash_sha256_init
                0x000000000000243c       0x34 /opt/nordic/ncs/v3.0.0/nrfxlib/crypto/nrf_cc310_bl/lib/cortex-m33/hard-float/no-interrupts/libnrf_cc310_bl_0.9.12.a(nrf_cc310_bl_hash_sha256.c.obj)
                0x000000000000243c                nrf_cc310_bl_hash_sha256_init
 .text.nrf_cc310_bl_hash_sha256_update
                0x0000000000002470       0xb0 /opt/nordic/ncs/v3.0.0/nrfxlib/crypto/nrf_cc310_bl/lib/cortex-m33/hard-float/no-interrupts/libnrf_cc310_bl_0.9.12.a(nrf_cc310_bl_hash_sha256.c.obj)
                0x0000000000002470                nrf_cc310_bl_hash_sha256_update
 .text.nrf_cc310_bl_hash_sha256_finalize
                0x0000000000002520       0x60 /opt/nordic/ncs/v3.0.0/nrfxlib/crypto/nrf_cc310_bl/lib/cortex-m33/hard-float/no-interrupts/libnrf_cc310_bl_0.9.12.a(nrf_cc310_bl_hash_sha256.c.obj)
                0x0000000000002520                nrf_cc310_bl_hash_sha256_finalize
 .text.nrf_cc310_bl_init
                0x0000000000002580       0x34 /opt/nordic/ncs/v3.0.0/nrfxlib/crypto/nrf_cc310_bl/lib/cortex-m33/hard-float/no-interrupts/libnrf_cc310_bl_0.9.12.a(nrf_cc310_bl_init.c.obj)
                0x0000000000002580                nrf_cc310_bl_init
 .text.PkaSetRegsMapTab
                0x00000000000025b4       0x48 /opt/nordic/ncs/v3.0.0/nrfxlib/crypto/nrf_cc310_bl/lib/cortex-m33/hard-float/no-interrupts/libnrf_cc310_bl_0.9.12.a(pka.c.obj)
                0x00000000000025b4                PkaSetRegsMapTab
 .text.PkaGetRegEffectiveSizeInBits
                0x00000000000025fc       0x8c /opt/nordic/ncs/v3.0.0/nrfxlib/crypto/nrf_cc310_bl/lib/cortex-m33/hard-float/no-interrupts/libnrf_cc310_bl_0.9.12.a(pka.c.obj)
                0x00000000000025fc                PkaGetRegEffectiveSizeInBits
 .text.PkaGetNextMsBit
                0x0000000000002688       0x7c /opt/nordic/ncs/v3.0.0/nrfxlib/crypto/nrf_cc310_bl/lib/cortex-m33/hard-float/no-interrupts/libnrf_cc310_bl_0.9.12.a(pka.c.obj)
                0x0000000000002688                PkaGetNextMsBit
 .text.PkaSetRegsSizesTab
                0x0000000000002704       0x3c /opt/nordic/ncs/v3.0.0/nrfxlib/crypto/nrf_cc310_bl/lib/cortex-m33/hard-float/no-interrupts/libnrf_cc310_bl_0.9.12.a(pka.c.obj)
                0x0000000000002704                PkaSetRegsSizesTab
 .text.PkaInitPka
                0x0000000000002740       0x74 /opt/nordic/ncs/v3.0.0/nrfxlib/crypto/nrf_cc310_bl/lib/cortex-m33/hard-float/no-interrupts/libnrf_cc310_bl_0.9.12.a(pka.c.obj)
                0x0000000000002740                PkaInitPka
 .text.PkaClearBlockOfRegs
                0x00000000000027b4      0x134 /opt/nordic/ncs/v3.0.0/nrfxlib/crypto/nrf_cc310_bl/lib/cortex-m33/hard-float/no-interrupts/libnrf_cc310_bl_0.9.12.a(pka.c.obj)
                0x00000000000027b4                PkaClearBlockOfRegs
 .text.PkaFinishAndMutexUnlock
                0x00000000000028e8       0x24 /opt/nordic/ncs/v3.0.0/nrfxlib/crypto/nrf_cc310_bl/lib/cortex-m33/hard-float/no-interrupts/libnrf_cc310_bl_0.9.12.a(pka.c.obj)
                0x00000000000028e8                PkaFinishAndMutexUnlock
 .text.PkaCopyDataIntoPkaReg
                0x000000000000290c       0xb8 /opt/nordic/ncs/v3.0.0/nrfxlib/crypto/nrf_cc310_bl/lib/cortex-m33/hard-float/no-interrupts/libnrf_cc310_bl_0.9.12.a(pka.c.obj)
                0x000000000000290c                PkaCopyDataIntoPkaReg
 .text.PkaEcdsaVerify
                0x00000000000029c4      0x284 /opt/nordic/ncs/v3.0.0/nrfxlib/crypto/nrf_cc310_bl/lib/cortex-m33/hard-float/no-interrupts/libnrf_cc310_bl_0.9.12.a(pka_ec_wrst_dsa_verify.c.obj)
                0x00000000000029c4                PkaEcdsaVerify
 .text.nrf_cc310_bl_hash_update_internal
                0x0000000000002c48       0xf0 /opt/nordic/ncs/v3.0.0/nrfxlib/crypto/nrf_cc310_bl/lib/cortex-m33/hard-float/no-interrupts/libnrf_cc310_bl_0.9.12.a(nrf_cc310_bl_hash.c.obj)
                0x0000000000002c48                nrf_cc310_bl_hash_update_internal
 .text.PkaDoubleMdf2Mdf
                0x0000000000002d38      0x1ac /opt/nordic/ncs/v3.0.0/nrfxlib/crypto/nrf_cc310_bl/lib/cortex-m33/hard-float/no-interrupts/libnrf_cc310_bl_0.9.12.a(pka_ec_wrst.c.obj)
                0x0000000000002d38                PkaDoubleMdf2Mdf
 .text.PkaDoubleMdf2Jcb
                0x0000000000002ee4      0x178 /opt/nordic/ncs/v3.0.0/nrfxlib/crypto/nrf_cc310_bl/lib/cortex-m33/hard-float/no-interrupts/libnrf_cc310_bl_0.9.12.a(pka_ec_wrst.c.obj)
                0x0000000000002ee4                PkaDoubleMdf2Jcb
 .text.PkaAddJcbAfn2Mdf
                0x000000000000305c      0x194 /opt/nordic/ncs/v3.0.0/nrfxlib/crypto/nrf_cc310_bl/lib/cortex-m33/hard-float/no-interrupts/libnrf_cc310_bl_0.9.12.a(pka_ec_wrst.c.obj)
                0x000000000000305c                PkaAddJcbAfn2Mdf
 .text.PkaJcb2Afn
                0x00000000000031f0       0xb0 /opt/nordic/ncs/v3.0.0/nrfxlib/crypto/nrf_cc310_bl/lib/cortex-m33/hard-float/no-interrupts/libnrf_cc310_bl_0.9.12.a(pka_ec_wrst.c.obj)
                0x00000000000031f0                PkaJcb2Afn
 .text.PkaAddAff
                0x00000000000032a0      0x114 /opt/nordic/ncs/v3.0.0/nrfxlib/crypto/nrf_cc310_bl/lib/cortex-m33/hard-float/no-interrupts/libnrf_cc310_bl_0.9.12.a(pka_ec_wrst.c.obj)
                0x00000000000032a0                PkaAddAff
 .text.PkaSum2ScalarMullt
                0x00000000000033b4      0x1e4 /opt/nordic/ncs/v3.0.0/nrfxlib/crypto/nrf_cc310_bl/lib/cortex-m33/hard-float/no-interrupts/libnrf_cc310_bl_0.9.12.a(pka_ec_wrst.c.obj)
                0x00000000000033b4                PkaSum2ScalarMullt
 .text.SaSi_HalClearInterruptBit
                0x0000000000003598        0xc /opt/nordic/ncs/v3.0.0/nrfxlib/crypto/nrf_cc310_bl/lib/cortex-m33/hard-float/no-interrupts/libnrf_cc310_bl_0.9.12.a(ssi_hal.c.obj)
                0x0000000000003598                SaSi_HalClearInterruptBit
 .text.SaSi_HalMaskInterrupt
                0x00000000000035a4        0xc /opt/nordic/ncs/v3.0.0/nrfxlib/crypto/nrf_cc310_bl/lib/cortex-m33/hard-float/no-interrupts/libnrf_cc310_bl_0.9.12.a(ssi_hal.c.obj)
                0x00000000000035a4                SaSi_HalMaskInterrupt
 .text.SaSi_HalWaitInterrupt
                0x00000000000035b0       0x18 /opt/nordic/ncs/v3.0.0/nrfxlib/crypto/nrf_cc310_bl/lib/cortex-m33/hard-float/no-interrupts/libnrf_cc310_bl_0.9.12.a(ssi_hal.c.obj)
                0x00000000000035b0                SaSi_HalWaitInterrupt
 .text.nrf_cc3xx_platform_init_no_rng
                0x00000000000035c8       0x38 /opt/nordic/ncs/v3.0.0/nrfxlib/crypto/nrf_cc310_platform/lib/cortex-m33/hard-float/no-interrupts/libnrf_cc310_platform_0.9.19.a(nrf_cc3xx_platform.c.obj)
                0x00000000000035c8                nrf_cc3xx_platform_init_no_rng
 .text.nrf_cc3xx_platform_abort
                0x0000000000003600       0x24 /opt/nordic/ncs/v3.0.0/nrfxlib/crypto/nrf_cc310_platform/lib/cortex-m33/hard-float/no-interrupts/libnrf_cc310_platform_0.9.19.a(nrf_cc3xx_platform_abort.c.obj)
 .text.CC_PalAbort
                0x0000000000003624       0x34 /opt/nordic/ncs/v3.0.0/nrfxlib/crypto/nrf_cc310_platform/lib/cortex-m33/hard-float/no-interrupts/libnrf_cc310_platform_0.9.19.a(nrf_cc3xx_platform_abort.c.obj)
                0x0000000000003624                CC_PalAbort
 .text.nrf_cc3xx_platform_set_abort
                0x0000000000003658       0x10 /opt/nordic/ncs/v3.0.0/nrfxlib/crypto/nrf_cc310_platform/lib/cortex-m33/hard-float/no-interrupts/libnrf_cc310_platform_0.9.19.a(nrf_cc3xx_platform_abort.c.obj)
                0x0000000000003658                nrf_cc3xx_platform_set_abort
 .text.CC_LibInitNoRng
                0x0000000000003668       0x64 /opt/nordic/ncs/v3.0.0/nrfxlib/crypto/nrf_cc310_platform/lib/cortex-m33/hard-float/no-interrupts/libnrf_cc310_platform_0.9.19.a(cc_lib.c.obj)
                0x0000000000003668                CC_LibInitNoRng
 .text.CC_HalInit
                0x00000000000036cc        0x4 /opt/nordic/ncs/v3.0.0/nrfxlib/crypto/nrf_cc310_platform/lib/cortex-m33/hard-float/no-interrupts/libnrf_cc310_platform_0.9.19.a(cc_hal.c.obj)
                0x00000000000036cc                CC_HalInit
 .text.CC_HalTerminate
                0x00000000000036d0        0x4 /opt/nordic/ncs/v3.0.0/nrfxlib/crypto/nrf_cc310_platform/lib/cortex-m33/hard-float/no-interrupts/libnrf_cc310_platform_0.9.19.a(cc_hal.c.obj)
                0x00000000000036d0                CC_HalTerminate
 .text.CC_HalMaskInterrupt
                0x00000000000036d4        0xc /opt/nordic/ncs/v3.0.0/nrfxlib/crypto/nrf_cc310_platform/lib/cortex-m33/hard-float/no-interrupts/libnrf_cc310_platform_0.9.19.a(cc_hal.c.obj)
                0x00000000000036d4                CC_HalMaskInterrupt
 .text.CC_PalInit
                0x00000000000036e0       0x5c /opt/nordic/ncs/v3.0.0/nrfxlib/crypto/nrf_cc310_platform/lib/cortex-m33/hard-float/no-interrupts/libnrf_cc310_platform_0.9.19.a(cc_pal.c.obj)
                0x00000000000036e0                CC_PalInit
 .text.CC_PalTerminate
                0x000000000000373c       0x34 /opt/nordic/ncs/v3.0.0/nrfxlib/crypto/nrf_cc310_platform/lib/cortex-m33/hard-float/no-interrupts/libnrf_cc310_platform_0.9.19.a(cc_pal.c.obj)
                0x000000000000373c                CC_PalTerminate
 .text.CC_PalDmaInit
                0x0000000000003770        0x4 /opt/nordic/ncs/v3.0.0/nrfxlib/crypto/nrf_cc310_platform/lib/cortex-m33/hard-float/no-interrupts/libnrf_cc310_platform_0.9.19.a(cc_pal_dma.c.obj)
                0x0000000000003770                CC_PalDmaInit
 .text.CC_PalDmaTerminate
                0x0000000000003774        0x4 /opt/nordic/ncs/v3.0.0/nrfxlib/crypto/nrf_cc310_platform/lib/cortex-m33/hard-float/no-interrupts/libnrf_cc310_platform_0.9.19.a(cc_pal_dma.c.obj)
                0x0000000000003774                CC_PalDmaTerminate
 .text.CC_PalMutexCreate
                0x0000000000003778       0x14 /opt/nordic/ncs/v3.0.0/nrfxlib/crypto/nrf_cc310_platform/lib/cortex-m33/hard-float/no-interrupts/libnrf_cc310_platform_0.9.19.a(cc_pal_mutex.c.obj)
                0x0000000000003778                CC_PalMutexCreate
 .text.CC_PalMutexDestroy
                0x000000000000378c       0x14 /opt/nordic/ncs/v3.0.0/nrfxlib/crypto/nrf_cc310_platform/lib/cortex-m33/hard-float/no-interrupts/libnrf_cc310_platform_0.9.19.a(cc_pal_mutex.c.obj)
                0x000000000000378c                CC_PalMutexDestroy
 .text.CC_PalPowerSaveModeInit
                0x00000000000037a0       0x3c /opt/nordic/ncs/v3.0.0/nrfxlib/crypto/nrf_cc310_platform/lib/cortex-m33/hard-float/no-interrupts/libnrf_cc310_platform_0.9.19.a(cc_pal_pm.c.obj)
                0x00000000000037a0                CC_PalPowerSaveModeInit
 .text.CC_PalPowerSaveModeSelect
                0x00000000000037dc       0x84 /opt/nordic/ncs/v3.0.0/nrfxlib/crypto/nrf_cc310_platform/lib/cortex-m33/hard-float/no-interrupts/libnrf_cc310_platform_0.9.19.a(cc_pal_pm.c.obj)
                0x00000000000037dc                CC_PalPowerSaveModeSelect
 .text.mutex_free
                0x0000000000003860       0x34 /opt/nordic/ncs/v3.0.0/nrfxlib/crypto/nrf_cc310_platform/lib/cortex-m33/hard-float/no-interrupts/libnrf_cc310_platform_0.9.19.a(nrf_cc3xx_platform_mutex.c.obj)
 .text.mutex_lock
                0x0000000000003894       0x48 /opt/nordic/ncs/v3.0.0/nrfxlib/crypto/nrf_cc310_platform/lib/cortex-m33/hard-float/no-interrupts/libnrf_cc310_platform_0.9.19.a(nrf_cc3xx_platform_mutex.c.obj)
 .text.mutex_unlock
                0x00000000000038dc       0x38 /opt/nordic/ncs/v3.0.0/nrfxlib/crypto/nrf_cc310_platform/lib/cortex-m33/hard-float/no-interrupts/libnrf_cc310_platform_0.9.19.a(nrf_cc3xx_platform_mutex.c.obj)
 .text.mutex_init
                0x0000000000003914       0x20 /opt/nordic/ncs/v3.0.0/nrfxlib/crypto/nrf_cc310_platform/lib/cortex-m33/hard-float/no-interrupts/libnrf_cc310_platform_0.9.19.a(nrf_cc3xx_platform_mutex.c.obj)
 .text.skip_to_arg
                0x0000000000003934      0x134 /opt/nordic/ncs/toolchains/b8efef2ad5/opt/zephyr-sdk/arm-zephyr-eabi/bin/../lib/gcc/../../picolibc/arm-zephyr-eabi/lib/thumb/v8-m.main+fp/hard/libc.a(libc_tinystdio_vfprintf.c.o)
 .text.vfprintf
                0x0000000000003a68      0x9a4 /opt/nordic/ncs/toolchains/b8efef2ad5/opt/zephyr-sdk/arm-zephyr-eabi/bin/../lib/gcc/../../picolibc/arm-zephyr-eabi/lib/thumb/v8-m.main+fp/hard/libc.a(libc_tinystdio_vfprintf.c.o)
                0x0000000000003a68                __d_vfprintf
 .text.div10    0x000000000000440c       0x28 /opt/nordic/ncs/toolchains/b8efef2ad5/opt/zephyr-sdk/arm-zephyr-eabi/bin/../lib/gcc/../../picolibc/arm-zephyr-eabi/lib/thumb/v8-m.main+fp/hard/libc.a(libc_tinystdio_dtoa_ryu.c.o)
 .text.__dtoa_engine
                0x0000000000004434      0x4b4 /opt/nordic/ncs/toolchains/b8efef2ad5/opt/zephyr-sdk/arm-zephyr-eabi/bin/../lib/gcc/../../picolibc/arm-zephyr-eabi/lib/thumb/v8-m.main+fp/hard/libc.a(libc_tinystdio_dtoa_ryu.c.o)
                0x0000000000004434                __dtoa_engine
 .text.__log10Pow2
                0x00000000000048e8        0xc /opt/nordic/ncs/toolchains/b8efef2ad5/opt/zephyr-sdk/arm-zephyr-eabi/bin/../lib/gcc/../../picolibc/arm-zephyr-eabi/lib/thumb/v8-m.main+fp/hard/libc.a(libc_tinystdio_ryu_log10.c.o)
                0x00000000000048e8                __log10Pow2
 .text.__log10Pow5
                0x00000000000048f4        0xc /opt/nordic/ncs/toolchains/b8efef2ad5/opt/zephyr-sdk/arm-zephyr-eabi/bin/../lib/gcc/../../picolibc/arm-zephyr-eabi/lib/thumb/v8-m.main+fp/hard/libc.a(libc_tinystdio_ryu_log10.c.o)
                0x00000000000048f4                __log10Pow5
 .text.__pow5bits
                0x0000000000004900       0x10 /opt/nordic/ncs/toolchains/b8efef2ad5/opt/zephyr-sdk/arm-zephyr-eabi/bin/../lib/gcc/../../picolibc/arm-zephyr-eabi/lib/thumb/v8-m.main+fp/hard/libc.a(libc_tinystdio_ryu_pow5bits.c.o)
                0x0000000000004900                __pow5bits
 .text.__pow5Factor
                0x0000000000004910       0x30 /opt/nordic/ncs/toolchains/b8efef2ad5/opt/zephyr-sdk/arm-zephyr-eabi/bin/../lib/gcc/../../picolibc/arm-zephyr-eabi/lib/thumb/v8-m.main+fp/hard/libc.a(libc_tinystdio_ryu_table.c.o)
                0x0000000000004910                __pow5Factor
 .text.__double_computePow5
                0x0000000000004940       0xe4 /opt/nordic/ncs/toolchains/b8efef2ad5/opt/zephyr-sdk/arm-zephyr-eabi/bin/../lib/gcc/../../picolibc/arm-zephyr-eabi/lib/thumb/v8-m.main+fp/hard/libc.a(libc_tinystdio_ryu_table.c.o)
                0x0000000000004940                __double_computePow5
 .text.__double_computeInvPow5
                0x0000000000004a24       0xf8 /opt/nordic/ncs/toolchains/b8efef2ad5/opt/zephyr-sdk/arm-zephyr-eabi/bin/../lib/gcc/../../picolibc/arm-zephyr-eabi/lib/thumb/v8-m.main+fp/hard/libc.a(libc_tinystdio_ryu_table.c.o)
                0x0000000000004a24                __double_computeInvPow5
 .text._OffsetAbsSyms
                0x0000000000004b1c        0x2 zephyr/CMakeFiles/offsets.dir/./arch/arm/core/offsets/offsets.c.obj
                0x0000000000004b1c                _OffsetAbsSyms
 .text.chunk_field
                0x0000000000004b1e       0x16 zephyr/libzephyr.a(heap.c.obj)
 .text.chunk_set
                0x0000000000004b34       0x16 zephyr/libzephyr.a(heap.c.obj)
 .text.chunk_size
                0x0000000000004b4a        0xc zephyr/libzephyr.a(heap.c.obj)
 .text.set_chunk_used
                0x0000000000004b56       0x30 zephyr/libzephyr.a(heap.c.obj)
 .text.set_chunk_size
                0x0000000000004b86        0x8 zephyr/libzephyr.a(heap.c.obj)
 .text.bucket_idx.isra.0
                0x0000000000004b8e       0x1c zephyr/libzephyr.a(heap.c.obj)
 .text.free_list_add
                0x0000000000004baa       0x84 zephyr/libzephyr.a(heap.c.obj)
 .text.sys_heap_init
                0x0000000000004c2e       0xb0 zephyr/libzephyr.a(heap.c.obj)
                0x0000000000004c2e                sys_heap_init
 .text.arch_printk_char_out
                0x0000000000004cde        0x4 zephyr/libzephyr.a(printk.c.obj)
                0x0000000000004cde                arch_printk_char_out
 .text.printk   0x0000000000004ce2       0x1a zephyr/libzephyr.a(printk.c.obj)
                0x0000000000004ce2                printk
 .text.onoff_manager_init
                0x0000000000004cfc       0x26 zephyr/libzephyr.a(onoff.c.obj)
                0x0000000000004cfc                onoff_manager_init
 .text._ConfigAbsSyms
                0x0000000000004d22        0x2 zephyr/libzephyr.a(configs.c.obj)
                0x0000000000004d22                _ConfigAbsSyms
 .text.z_log_minimal_printk
                0x0000000000004d24       0x1a zephyr/libzephyr.a(log_minimal.c.obj)
                0x0000000000004d24                z_log_minimal_printk
 .text.abort_function
                0x0000000000004d3e        0x2 zephyr/libzephyr.a(nrf_cc3xx_platform_abort_zephyr.c.obj)
 .text.nrf_cc3xx_platform_mutex_init
                0x0000000000004d40        0x2 zephyr/libzephyr.a(nrf_cc3xx_platform_no_mutex_zephyr.c.obj)
                0x0000000000004d40                nrf_cc3xx_platform_mutex_init
 .text.z_arm_fatal_error
                0x0000000000004d42        0xc zephyr/arch/arch/arm/core/libarch__arm__core.a(fatal.c.obj)
                0x0000000000004d42                z_arm_fatal_error
 .text.z_do_kernel_oops
                0x0000000000004d4e        0x8 zephyr/arch/arch/arm/core/libarch__arm__core.a(fatal.c.obj)
                0x0000000000004d4e                z_do_kernel_oops
 .text.z_arm_nmi
                0x0000000000004d56        0xe zephyr/arch/arch/arm/core/libarch__arm__core.a(nmi.c.obj)
                0x0000000000004d56                z_arm_nmi
 .text._HandlerModeExit
                0x0000000000004d64        0x2 zephyr/arch/arch/arm/core/cortex_m/libarch__arm__core__cortex_m.a(exc_exit.c.obj)
                0x0000000000004d64                z_arm_exc_exit
                0x0000000000004d64                z_arm_int_exit
 .text.z_irq_spurious
                0x0000000000004d66        0x8 zephyr/arch/arch/arm/core/cortex_m/libarch__arm__core__cortex_m.a(irq_manage.c.obj)
                0x0000000000004d66                z_irq_spurious
 .text.arch_irq_unlock_outlined
                0x0000000000004d6e        0xe zephyr/arch/arch/arm/core/cortex_m/libarch__arm__core__cortex_m.a(thread.c.obj)
                0x0000000000004d6e                arch_irq_unlock_outlined
 .text.arch_irq_lock_outlined
                0x0000000000004d7c       0x10 zephyr/arch/arch/arm/core/cortex_m/libarch__arm__core__cortex_m.a(thread.c.obj)
                0x0000000000004d7c                arch_irq_lock_outlined
 .text.picolibc_put
                0x0000000000004d8c        0xa zephyr/lib/libc/picolibc/liblib__libc__picolibc.a(stdio.c.obj)
 .text.get_status
                0x0000000000004d96       0x12 zephyr/drivers/clock_control/libdrivers__clock_control.a(clock_control_nrf.c.obj)
 .text.stop     0x0000000000004da8       0x50 zephyr/drivers/clock_control/libdrivers__clock_control.a(clock_control_nrf.c.obj)
 .text.api_stop
                0x0000000000004df8        0x6 zephyr/drivers/clock_control/libdrivers__clock_control.a(clock_control_nrf.c.obj)
 .text.async_start
                0x0000000000004dfe       0x5a zephyr/drivers/clock_control/libdrivers__clock_control.a(clock_control_nrf.c.obj)
 .text.api_start
                0x0000000000004e58        0xe zephyr/drivers/clock_control/libdrivers__clock_control.a(clock_control_nrf.c.obj)
 .text.api_blocking_start
                0x0000000000004e66        0x6 zephyr/drivers/clock_control/libdrivers__clock_control.a(clock_control_nrf.c.obj)
 .text.onoff_started_callback
                0x0000000000004e6c       0x14 zephyr/drivers/clock_control/libdrivers__clock_control.a(clock_control_nrf.c.obj)
 .text.lfclk_start
                0x0000000000004e80        0x6 zephyr/drivers/clock_control/libdrivers__clock_control.a(clock_control_nrf.c.obj)
 .text.lfclk_stop
                0x0000000000004e86        0x6 zephyr/drivers/clock_control/libdrivers__clock_control.a(clock_control_nrf.c.obj)
 .text.pinctrl_lookup_state
                0x0000000000004e8c       0x26 zephyr/drivers/pinctrl/libdrivers__pinctrl.a(common.c.obj)
                0x0000000000004e8c                pinctrl_lookup_state
 .text.uarte_nrfx_err_check
                0x0000000000004eb2        0xe zephyr/drivers/serial/libdrivers__serial.a(uart_nrfx_uarte.c.obj)
 .text.uarte_nrfx_poll_in
                0x0000000000004ec0       0x26 zephyr/drivers/serial/libdrivers__serial.a(uart_nrfx_uarte.c.obj)
 .text.is_tx_ready.isra.0
                0x0000000000004ee6       0x20 zephyr/drivers/serial/libdrivers__serial.a(uart_nrfx_uarte.c.obj)
 .text.uarte_nrfx_isr_int
                0x0000000000004f06       0x42 zephyr/drivers/serial/libdrivers__serial.a(uart_nrfx_uarte.c.obj)
 .text.uarte_1_init
                0x0000000000004f48       0x1e zephyr/drivers/serial/libdrivers__serial.a(uart_nrfx_uarte.c.obj)
 .text.uarte_0_init
                0x0000000000004f66       0x1e zephyr/drivers/serial/libdrivers__serial.a(uart_nrfx_uarte.c.obj)
 .text.bl_sha256_verify
                0x0000000000004f84       0x2e modules/nrf/subsys/bootloader/bl_crypto/lib..__nrf__subsys__bootloader__bl_crypto.a(bl_crypto.c.obj)
                0x0000000000004f84                bl_sha256_verify
 .text.root_of_trust_verify
                0x0000000000004fb2       0x68 modules/nrf/subsys/bootloader/bl_crypto/lib..__nrf__subsys__bootloader__bl_crypto.a(bl_crypto.c.obj)
 .text.bl_root_of_trust_verify_external
                0x000000000000501a       0x12 modules/nrf/subsys/bootloader/bl_crypto/lib..__nrf__subsys__bootloader__bl_crypto.a(bl_crypto.c.obj)
                0x000000000000501a                bl_root_of_trust_verify_external
 .text.bl_crypto_init
                0x000000000000502c        0xe modules/nrf/subsys/bootloader/bl_crypto/lib..__nrf__subsys__bootloader__bl_crypto.a(bl_crypto.c.obj)
                0x000000000000502c                bl_crypto_init
 .text.bl_root_of_trust_verify
                0x000000000000503a       0x12 modules/nrf/subsys/bootloader/bl_crypto/lib..__nrf__subsys__bootloader__bl_crypto.a(bl_crypto.c.obj)
                0x000000000000503a                bl_root_of_trust_verify
 .text.crypto_init_signing
                0x000000000000504c        0x4 modules/nrf/subsys/bootloader/bl_crypto/lib..__nrf__subsys__bootloader__bl_crypto.a(bl_crypto_cc310_ecdsa.c.obj)
                0x000000000000504c                crypto_init_signing
 .text.bl_secp256r1_validate
                0x0000000000005050       0x56 modules/nrf/subsys/bootloader/bl_crypto/lib..__nrf__subsys__bootloader__bl_crypto.a(bl_crypto_cc310_ecdsa.c.obj)
                0x0000000000005050                bl_secp256r1_validate
 .text.hash_blocks
                0x00000000000050a6       0x62 modules/nrf/subsys/bootloader/bl_crypto/lib..__nrf__subsys__bootloader__bl_crypto.a(bl_crypto_cc310_hash.c.obj)
 .text.crypto_init_hash
                0x0000000000005108        0x4 modules/nrf/subsys/bootloader/bl_crypto/lib..__nrf__subsys__bootloader__bl_crypto.a(bl_crypto_cc310_hash.c.obj)
                0x0000000000005108                crypto_init_hash
 .text.bl_sha256_update
                0x000000000000510c        0x6 modules/nrf/subsys/bootloader/bl_crypto/lib..__nrf__subsys__bootloader__bl_crypto.a(bl_crypto_cc310_hash.c.obj)
                0x000000000000510c                bl_sha256_update
 .text.bl_sha256_finalize
                0x0000000000005112       0x38 modules/nrf/subsys/bootloader/bl_crypto/lib..__nrf__subsys__bootloader__bl_crypto.a(bl_crypto_cc310_hash.c.obj)
                0x0000000000005112                bl_sha256_finalize
 .text.get_hash
                0x000000000000514a       0x2e modules/nrf/subsys/bootloader/bl_crypto/lib..__nrf__subsys__bootloader__bl_crypto.a(bl_crypto_cc310_hash.c.obj)
                0x000000000000514a                get_hash
 .text.bl_validate_firmware
                0x0000000000005178       0x1c modules/nrf/subsys/bootloader/bl_validation/lib..__nrf__subsys__bootloader__bl_validation.a(bl_validation.c.obj)
                0x0000000000005178                bl_validate_firmware
 .text.bl_validate_firmware_local
                0x0000000000005194        0xa modules/nrf/subsys/bootloader/bl_validation/lib..__nrf__subsys__bootloader__bl_validation.a(bl_validation.c.obj)
                0x0000000000005194                bl_validate_firmware_local
 .text.nrfx_nvmc_uicr_word_read
                0x000000000000519e       0x1c modules/nrf/subsys/bootloader/bl_storage/lib..__nrf__subsys__bootloader__bl_storage.a(bl_storage.c.obj)
 .text.num_monotonic_counter_slots
                0x00000000000051ba       0x2c modules/nrf/subsys/bootloader/bl_storage/lib..__nrf__subsys__bootloader__bl_storage.a(bl_storage.c.obj)
                0x00000000000051ba                num_monotonic_counter_slots
 .text.get_counter
                0x00000000000051e6       0x58 modules/nrf/subsys/bootloader/bl_storage/lib..__nrf__subsys__bootloader__bl_storage.a(bl_storage.c.obj)
                0x00000000000051e6                get_counter
 .text.get_monotonic_counter
                0x000000000000523e        0x6 modules/nrf/subsys/bootloader/bl_storage/lib..__nrf__subsys__bootloader__bl_storage.a(bl_storage.c.obj)
                0x000000000000523e                get_monotonic_counter
 .text.set_monotonic_counter
                0x0000000000005244       0x38 modules/nrf/subsys/bootloader/bl_storage/lib..__nrf__subsys__bootloader__bl_storage.a(bl_storage.c.obj)
                0x0000000000005244                set_monotonic_counter
 .text.skip_ext_apis
                0x000000000000527c       0x16 modules/nrf/subsys/fw_info/lib..__nrf__subsys__fw_info.a(fw_info.c.obj)
                0x000000000000527c                skip_ext_apis
 .text.hw_cc3xx_init_internal
                0x0000000000005292        0x4 modules/nrf/drivers/hw_cc3xx/lib..__nrf__drivers__hw_cc3xx.a(hw_cc3xx.c.obj)
 .text.hw_cc3xx_init
                0x0000000000005296       0x12 modules/nrf/drivers/hw_cc3xx/lib..__nrf__drivers__hw_cc3xx.a(hw_cc3xx.c.obj)
 .text.nrf91_errata_6
                0x00000000000052a8       0x1e modules/hal_nordic/modules/hal_nordic/nrfx/libmodules__hal_nordic__nrfx.a(system_nrf91.c.obj)
 .text.nrf91_errata_14
                0x00000000000052c6       0x24 modules/hal_nordic/modules/hal_nordic/nrfx/libmodules__hal_nordic__nrfx.a(system_nrf91.c.obj)
 .text.nrfx_isr
                0x00000000000052ea        0x2 modules/hal_nordic/modules/hal_nordic/nrfx/libmodules__hal_nordic__nrfx.a(nrfx_glue.c.obj)
                0x00000000000052ea                nrfx_isr
 .text.nrfx_busy_wait
                0x00000000000052ec        0x4 modules/hal_nordic/modules/hal_nordic/nrfx/libmodules__hal_nordic__nrfx.a(nrfx_glue.c.obj)
                0x00000000000052ec                nrfx_busy_wait
 .text.nrfx_gppi_channel_endpoints_setup
                0x00000000000052f0        0xe modules/hal_nordic/modules/hal_nordic/nrfx/libmodules__hal_nordic__nrfx.a(nrfx_gppi_dppi.c.obj)
                0x00000000000052f0                nrfx_gppi_channel_endpoints_setup
 .text.clock_stop
                0x00000000000052fe       0xae modules/hal_nordic/modules/hal_nordic/nrfx/libmodules__hal_nordic__nrfx.a(nrfx_clock.c.obj)
 .text.nrfx_clock_stop
                0x00000000000053ac        0x4 modules/hal_nordic/modules/hal_nordic/nrfx/libmodules__hal_nordic__nrfx.a(nrfx_clock.c.obj)
                0x00000000000053ac                nrfx_clock_stop
 .text.partial_word_create
                0x00000000000053b0       0x1c modules/hal_nordic/modules/hal_nordic/nrfx/libmodules__hal_nordic__nrfx.a(nrfx_nvmc.c.obj)
 .text.nrfx_nvmc_halfword_write
                0x00000000000053cc       0x20 modules/hal_nordic/modules/hal_nordic/nrfx/libmodules__hal_nordic__nrfx.a(nrfx_nvmc.c.obj)
                0x00000000000053cc                nrfx_nvmc_halfword_write
 .text.nrfx_nvmc_otp_halfword_read
                0x00000000000053ec       0x10 modules/hal_nordic/modules/hal_nordic/nrfx/libmodules__hal_nordic__nrfx.a(nrfx_nvmc.c.obj)
                0x00000000000053ec                nrfx_nvmc_otp_halfword_read
 .text.z_impl_k_busy_wait
                0x00000000000053fc        0x8 zephyr/kernel/libkernel.a(busy_wait.c.obj)
                0x00000000000053fc                z_impl_k_busy_wait
 .text.z_device_state_init
                0x0000000000005404        0x2 zephyr/kernel/libkernel.a(device.c.obj)
                0x0000000000005404                z_device_state_init
 .text.z_impl_device_is_ready
                0x0000000000005406       0x16 zephyr/kernel/libkernel.a(device.c.obj)
                0x0000000000005406                z_impl_device_is_ready
 .text.arch_system_halt
                0x000000000000541c       0x10 zephyr/kernel/libkernel.a(fatal.c.obj)
                0x000000000000541c                arch_system_halt
 .text.k_sys_fatal_error_handler
                0x000000000000542c        0x6 zephyr/kernel/libkernel.a(fatal.c.obj)
                0x000000000000542c                k_sys_fatal_error_handler
 .text.z_fatal_error
                0x0000000000005432       0x1e zephyr/kernel/libkernel.a(fatal.c.obj)
                0x0000000000005432                z_fatal_error
 .text.do_device_init
                0x0000000000005450       0x30 zephyr/kernel/libkernel.a(init.c.obj)
 .text.z_early_memset
                0x0000000000005480        0x4 zephyr/kernel/libkernel.a(init.c.obj)
                0x0000000000005480                z_early_memset
 .text.z_early_memcpy
                0x0000000000005484        0x4 zephyr/kernel/libkernel.a(init.c.obj)
                0x0000000000005484                z_early_memcpy
 .text.z_init_static
                0x0000000000005488        0x2 zephyr/kernel/libkernel.a(init_static.c.obj)
                0x0000000000005488                z_init_static
 .text.k_is_in_isr
                0x000000000000548a        0xc zephyr/kernel/libkernel.a(nothread.c.obj)
                0x000000000000548a                k_is_in_isr
 .text.nrf_cc310_bl_ecdsa_verify_secp256r1
                0x0000000000005496       0x26 /opt/nordic/ncs/v3.0.0/nrfxlib/crypto/nrf_cc310_bl/lib/cortex-m33/hard-float/no-interrupts/libnrf_cc310_bl_0.9.12.a(nrf_cc310_bl_ecdsa_verify_secp256r1.c.obj)
                0x0000000000005496                nrf_cc310_bl_ecdsa_verify_secp256r1
 .text.PkaInitAndMutexLock
                0x00000000000054bc        0x8 /opt/nordic/ncs/v3.0.0/nrfxlib/crypto/nrf_cc310_bl/lib/cortex-m33/hard-float/no-interrupts/libnrf_cc310_bl_0.9.12.a(pka.c.obj)
                0x00000000000054bc                PkaInitAndMutexLock
 .text.SaSi_PalMemCopy
                0x00000000000054c4        0x4 /opt/nordic/ncs/v3.0.0/nrfxlib/crypto/nrf_cc310_bl/lib/cortex-m33/hard-float/no-interrupts/libnrf_cc310_bl_0.9.12.a(ssi_pal_mem.c.obj)
                0x00000000000054c4                SaSi_PalMemCopy
 .text.SaSi_PalMemSet
                0x00000000000054c8        0x4 /opt/nordic/ncs/v3.0.0/nrfxlib/crypto/nrf_cc310_bl/lib/cortex-m33/hard-float/no-interrupts/libnrf_cc310_bl_0.9.12.a(ssi_pal_mem.c.obj)
                0x00000000000054c8                SaSi_PalMemSet
 .text.SaSi_PalMemSetZero
                0x00000000000054cc        0x8 /opt/nordic/ncs/v3.0.0/nrfxlib/crypto/nrf_cc310_bl/lib/cortex-m33/hard-float/no-interrupts/libnrf_cc310_bl_0.9.12.a(ssi_pal_mem.c.obj)
                0x00000000000054cc                SaSi_PalMemSetZero
 .text.CRYS_COMMON_ReverseMemcpy32
                0x00000000000054d4       0x1a /opt/nordic/ncs/v3.0.0/nrfxlib/crypto/nrf_cc310_bl/lib/cortex-m33/hard-float/no-interrupts/libnrf_cc310_bl_0.9.12.a(crys_common_conv_endian.c.obj)
                0x00000000000054d4                CRYS_COMMON_ReverseMemcpy32
 .text.memcpy   0x00000000000054ee       0x1a /opt/nordic/ncs/toolchains/b8efef2ad5/opt/zephyr-sdk/arm-zephyr-eabi/bin/../lib/gcc/../../picolibc/arm-zephyr-eabi/lib/thumb/v8-m.main+fp/hard/libc.a(memcpy.c.o)
                0x00000000000054ee                memcpy
                0x00000000000054ee                __aeabi_memcpy
                0x00000000000054ee                __aeabi_memcpy4
                0x00000000000054ee                __aeabi_memcpy8
 .text.memmove  0x0000000000005508       0x34 /opt/nordic/ncs/toolchains/b8efef2ad5/opt/zephyr-sdk/arm-zephyr-eabi/bin/../lib/gcc/../../picolibc/arm-zephyr-eabi/lib/thumb/v8-m.main+fp/hard/libc.a(memmove.c.o)
                0x0000000000005508                memmove
                0x0000000000005508                __aeabi_memmove8
                0x0000000000005508                __aeabi_memmove
                0x0000000000005508                __aeabi_memmove4
 .text.memset   0x000000000000553c       0x10 /opt/nordic/ncs/toolchains/b8efef2ad5/opt/zephyr-sdk/arm-zephyr-eabi/bin/../lib/gcc/../../picolibc/arm-zephyr-eabi/lib/thumb/v8-m.main+fp/hard/libc.a(memset.c.o)
                0x000000000000553c                memset
 .text.memcmp   0x000000000000554c       0x20 /opt/nordic/ncs/toolchains/b8efef2ad5/opt/zephyr-sdk/arm-zephyr-eabi/bin/../lib/gcc/../../picolibc/arm-zephyr-eabi/lib/thumb/v8-m.main+fp/hard/libc.a(libc_string_memcmp.c.o)
                0x000000000000554c                memcmp
 .text.strnlen  0x000000000000556c       0x18 /opt/nordic/ncs/toolchains/b8efef2ad5/opt/zephyr-sdk/arm-zephyr-eabi/bin/../lib/gcc/../../picolibc/arm-zephyr-eabi/lib/thumb/v8-m.main+fp/hard/libc.a(libc_string_strnlen.c.o)
                0x000000000000556c                strnlen
 .text.__ultoa_invert
                0x0000000000005584       0x4e /opt/nordic/ncs/toolchains/b8efef2ad5/opt/zephyr-sdk/arm-zephyr-eabi/bin/../lib/gcc/../../picolibc/arm-zephyr-eabi/lib/thumb/v8-m.main+fp/hard/libc.a(libc_tinystdio_vfprintf.c.o)
 .text.mulShiftAll64
                0x00000000000055d2      0x17a /opt/nordic/ncs/toolchains/b8efef2ad5/opt/zephyr-sdk/arm-zephyr-eabi/bin/../lib/gcc/../../picolibc/arm-zephyr-eabi/lib/thumb/v8-m.main+fp/hard/libc.a(libc_tinystdio_dtoa_ryu.c.o)
 .text.__umul128
                0x000000000000574c       0x36 /opt/nordic/ncs/toolchains/b8efef2ad5/opt/zephyr-sdk/arm-zephyr-eabi/bin/../lib/gcc/../../picolibc/arm-zephyr-eabi/lib/thumb/v8-m.main+fp/hard/libc.a(libc_tinystdio_ryu_umul128.c.o)
                0x000000000000574c                __umul128
 .text.__shiftright128
                0x0000000000005782       0x3e /opt/nordic/ncs/toolchains/b8efef2ad5/opt/zephyr-sdk/arm-zephyr-eabi/bin/../lib/gcc/../../picolibc/arm-zephyr-eabi/lib/thumb/v8-m.main+fp/hard/libc.a(libc_tinystdio_ryu_umul128.c.o)
                0x0000000000005782                __shiftright128
 .text.__dtox_engine
                0x00000000000057c0      0x132 /opt/nordic/ncs/toolchains/b8efef2ad5/opt/zephyr-sdk/arm-zephyr-eabi/bin/../lib/gcc/../../picolibc/arm-zephyr-eabi/lib/thumb/v8-m.main+fp/hard/libc.a(libc_tinystdio_dtox_engine.c.o)
                0x00000000000057c0                __dtox_engine
 *(SORT_BY_ALIGNMENT(.TEXT.*))
 *(SORT_BY_ALIGNMENT(.gnu.linkonce.t.*))
 *(SORT_BY_ALIGNMENT(.glue_7t))
 .glue_7t       0x00000000000058f2        0x0 linker stubs
 *(SORT_BY_ALIGNMENT(.glue_7))
 .glue_7        0x00000000000058f2        0x0 linker stubs
 *(SORT_BY_ALIGNMENT(.vfp11_veneer))
 .vfp11_veneer  0x00000000000058f2        0x0 linker stubs
 *(SORT_BY_ALIGNMENT(.v4_bx))
 .v4_bx         0x00000000000058f2        0x0 linker stubs
                0x00000000000058f4                . = ALIGN (0x4)
 *fill*         0x00000000000058f2        0x2 
                0x00000000000058f4                __text_region_end = .

.ARM.exidx      0x00000000000058f4        0x8
                0x00000000000058f4                __exidx_start = .
 *(SORT_BY_ALIGNMENT(.ARM.exidx*) SORT_BY_ALIGNMENT(gnu.linkonce.armexidx.*))
 .ARM.exidx     0x00000000000058f4        0x8 /opt/nordic/ncs/toolchains/b8efef2ad5/opt/zephyr-sdk/arm-zephyr-eabi/bin/../lib/gcc/arm-zephyr-eabi/12.2.0/thumb/v8-m.main+fp/hard/libgcc.a(_udivmoddi4.o)
                0x00000000000058fc                __exidx_end = .
                0x00000000000058fc                __rodata_region_start = .

initlevel       0x00000000000058fc       0x48
                0x00000000000058fc                __init_start = .
                0x00000000000058fc                __init_EARLY_start = .
 *(SORT_BY_NAME(SORT_BY_ALIGNMENT(.z_init_EARLY?_*)))
 *(SORT_BY_NAME(SORT_BY_ALIGNMENT(.z_init_EARLY??_*)))
                0x00000000000058fc                __init_PRE_KERNEL_1_start = .
 *(SORT_BY_NAME(SORT_BY_ALIGNMENT(.z_init_PRE_KERNEL_1?_*)))
 .z_init_PRE_KERNEL_10_0_
                0x00000000000058fc        0x8 zephyr/soc/soc/nrf9151/libsoc__nordic.a(soc.c.obj)
 *(SORT_BY_NAME(SORT_BY_ALIGNMENT(.z_init_PRE_KERNEL_1??_*)))
 .z_init_PRE_KERNEL_130_00061_
                0x0000000000005904        0x8 zephyr/drivers/clock_control/libdrivers__clock_control.a(clock_control_nrf.c.obj)
 .z_init_PRE_KERNEL_140_0_
                0x000000000000590c        0x8 modules/nrf/drivers/hw_cc3xx/lib..__nrf__drivers__hw_cc3xx.a(hw_cc3xx.c.obj)
 .z_init_PRE_KERNEL_150_00087_
                0x0000000000005914        0x8 zephyr/drivers/serial/libdrivers__serial.a(uart_nrfx_uarte.c.obj)
 .z_init_PRE_KERNEL_150_00088_
                0x000000000000591c        0x8 zephyr/drivers/serial/libdrivers__serial.a(uart_nrfx_uarte.c.obj)
 .z_init_PRE_KERNEL_160_0_
                0x0000000000005924        0x8 zephyr/drivers/console/libdrivers__console.a(uart_console.c.obj)
                0x000000000000592c                __init_PRE_KERNEL_2_start = .
 *(SORT_BY_NAME(SORT_BY_ALIGNMENT(.z_init_PRE_KERNEL_2?_*)))
 *(SORT_BY_NAME(SORT_BY_ALIGNMENT(.z_init_PRE_KERNEL_2??_*)))
                0x000000000000592c                __init_POST_KERNEL_start = .
 *(SORT_BY_NAME(SORT_BY_ALIGNMENT(.z_init_POST_KERNEL?_*)))
 *(SORT_BY_NAME(SORT_BY_ALIGNMENT(.z_init_POST_KERNEL??_*)))
 .z_init_POST_KERNEL35_0_
                0x000000000000592c        0x8 zephyr/lib/libc/common/liblib__libc__common.a(malloc.c.obj)
 .z_init_POST_KERNEL40_0_
                0x0000000000005934        0x8 modules/nrf/drivers/hw_cc3xx/lib..__nrf__drivers__hw_cc3xx.a(hw_cc3xx.c.obj)
 .z_init_POST_KERNEL90_0_
                0x000000000000593c        0x8 modules/nrf/subsys/fw_info/lib..__nrf__subsys__fw_info.a(fw_info.c.obj)
                0x0000000000005944                __init_APPLICATION_start = .
 *(SORT_BY_NAME(SORT_BY_ALIGNMENT(.z_init_APPLICATION?_*)))
 *(SORT_BY_NAME(SORT_BY_ALIGNMENT(.z_init_APPLICATION??_*)))
                0x0000000000005944                __init_SMP_start = .
 *(SORT_BY_NAME(SORT_BY_ALIGNMENT(.z_init_SMP?_*)))
 *(SORT_BY_NAME(SORT_BY_ALIGNMENT(.z_init_SMP??_*)))
                0x0000000000005944                __init_end = .
                0x0000000000005944                __deferred_init_list_start = .
 *(SORT_BY_ALIGNMENT(.z_deferred_init*))
                0x0000000000005944                __deferred_init_list_end = .

device_area     0x0000000000005944       0x3c
                0x0000000000005944                _device_list_start = .
 *(SORT_BY_NAME(SORT_BY_ALIGNMENT(._device.static.*_?_*)))
 *(SORT_BY_NAME(SORT_BY_ALIGNMENT(._device.static.*_??_*)))
 ._device.static.1_30_
                0x0000000000005944       0x14 zephyr/drivers/clock_control/libdrivers__clock_control.a(clock_control_nrf.c.obj)
                0x0000000000005944                __device_dts_ord_61
 ._device.static.1_50_
                0x0000000000005958       0x28 zephyr/drivers/serial/libdrivers__serial.a(uart_nrfx_uarte.c.obj)
                0x0000000000005958                __device_dts_ord_88
                0x000000000000596c                __device_dts_ord_87
                0x0000000000005980                _device_list_end = .

sw_isr_table    0x0000000000005980      0x208
                0x0000000000005980                . = ALIGN (0x4)
 *(SORT_BY_ALIGNMENT(.gnu.linkonce.sw_isr_table*))
 .gnu.linkonce.sw_isr_table
                0x0000000000005980      0x208 zephyr/arch/common/libisr_tables.a(isr_tables.c.obj)
                0x0000000000005980                _sw_isr_table

initlevel_error
                0x00000000000058fc        0x0
 *(SORT_BY_NAME(SORT_BY_ALIGNMENT(.z_init_[_A-Z0-9]*)))
                0x0000000000000001                ASSERT ((SIZEOF (initlevel_error) == 0x0), Undefined initialization levels used.)

app_shmem_regions
                0x0000000000005b88        0x0
                0x0000000000005b88                __app_shmem_regions_start = .
 *(SORT_BY_NAME(SORT_BY_ALIGNMENT(.app_regions.*)))
                0x0000000000005b88                __app_shmem_regions_end = .

k_p4wq_initparam_area
                0x0000000000005b88        0x0
                0x0000000000005b88                _k_p4wq_initparam_list_start = .
 *(SORT_BY_NAME(SORT_BY_ALIGNMENT(._k_p4wq_initparam.static.*)))
                0x0000000000005b88                _k_p4wq_initparam_list_end = .

_static_thread_data_area
                0x0000000000005b88        0x0
                0x0000000000005b88                __static_thread_data_list_start = .
 *(SORT_BY_NAME(SORT_BY_ALIGNMENT(.__static_thread_data.static.*)))
                0x0000000000005b88                __static_thread_data_list_end = .

device_deps     0x0000000000005b88        0x0
                0x0000000000005b88                __device_deps_start = .
 *(SORT_BY_NAME(SORT_BY_ALIGNMENT(.__device_deps_pass2*)))
                0x0000000000005b88                __device_deps_end = .

shared_irq_driver_api_area
                0x0000000000005b88        0x0
                0x0000000000005b88                _shared_irq_driver_api_list_start = .
 *(SORT_BY_NAME(SORT_BY_ALIGNMENT(._shared_irq_driver_api.static.*)))
                0x0000000000005b88                _shared_irq_driver_api_list_end = .

crypto_driver_api_area
                0x0000000000005b88        0x0
                0x0000000000005b88                _crypto_driver_api_list_start = .
 *(SORT_BY_NAME(SORT_BY_ALIGNMENT(._crypto_driver_api.static.*)))
                0x0000000000005b88                _crypto_driver_api_list_end = .

adc_driver_api_area
                0x0000000000005b88        0x0
                0x0000000000005b88                _adc_driver_api_list_start = .
 *(SORT_BY_NAME(SORT_BY_ALIGNMENT(._adc_driver_api.static.*)))
                0x0000000000005b88                _adc_driver_api_list_end = .

auxdisplay_driver_api_area
                0x0000000000005b88        0x0
                0x0000000000005b88                _auxdisplay_driver_api_list_start = .
 *(SORT_BY_NAME(SORT_BY_ALIGNMENT(._auxdisplay_driver_api.static.*)))
                0x0000000000005b88                _auxdisplay_driver_api_list_end = .

bbram_driver_api_area
                0x0000000000005b88        0x0
                0x0000000000005b88                _bbram_driver_api_list_start = .
 *(SORT_BY_NAME(SORT_BY_ALIGNMENT(._bbram_driver_api.static.*)))
                0x0000000000005b88                _bbram_driver_api_list_end = .

bt_hci_driver_api_area
                0x0000000000005b88        0x0
                0x0000000000005b88                _bt_hci_driver_api_list_start = .
 *(SORT_BY_NAME(SORT_BY_ALIGNMENT(._bt_hci_driver_api.static.*)))
                0x0000000000005b88                _bt_hci_driver_api_list_end = .

can_driver_api_area
                0x0000000000005b88        0x0
                0x0000000000005b88                _can_driver_api_list_start = .
 *(SORT_BY_NAME(SORT_BY_ALIGNMENT(._can_driver_api.static.*)))
                0x0000000000005b88                _can_driver_api_list_end = .

cellular_driver_api_area
                0x0000000000005b88        0x0
                0x0000000000005b88                _cellular_driver_api_list_start = .
 *(SORT_BY_NAME(SORT_BY_ALIGNMENT(._cellular_driver_api.static.*)))
                0x0000000000005b88                _cellular_driver_api_list_end = .

charger_driver_api_area
                0x0000000000005b88        0x0
                0x0000000000005b88                _charger_driver_api_list_start = .
 *(SORT_BY_NAME(SORT_BY_ALIGNMENT(._charger_driver_api.static.*)))
                0x0000000000005b88                _charger_driver_api_list_end = .

clock_control_driver_api_area
                0x0000000000005b88       0x1c
                0x0000000000005b88                _clock_control_driver_api_list_start = .
 *(SORT_BY_NAME(SORT_BY_ALIGNMENT(._clock_control_driver_api.static.*)))
 ._clock_control_driver_api.static.clock_control_api_
                0x0000000000005b88       0x1c zephyr/drivers/clock_control/libdrivers__clock_control.a(clock_control_nrf.c.obj)
                0x0000000000005ba4                _clock_control_driver_api_list_end = .

comparator_driver_api_area
                0x0000000000005ba4        0x0
                0x0000000000005ba4                _comparator_driver_api_list_start = .
 *(SORT_BY_NAME(SORT_BY_ALIGNMENT(._comparator_driver_api.static.*)))
                0x0000000000005ba4                _comparator_driver_api_list_end = .

coredump_driver_api_area
                0x0000000000005ba4        0x0
                0x0000000000005ba4                _coredump_driver_api_list_start = .
 *(SORT_BY_NAME(SORT_BY_ALIGNMENT(._coredump_driver_api.static.*)))
                0x0000000000005ba4                _coredump_driver_api_list_end = .

counter_driver_api_area
                0x0000000000005ba4        0x0
                0x0000000000005ba4                _counter_driver_api_list_start = .
 *(SORT_BY_NAME(SORT_BY_ALIGNMENT(._counter_driver_api.static.*)))
                0x0000000000005ba4                _counter_driver_api_list_end = .

dac_driver_api_area
                0x0000000000005ba4        0x0
                0x0000000000005ba4                _dac_driver_api_list_start = .
 *(SORT_BY_NAME(SORT_BY_ALIGNMENT(._dac_driver_api.static.*)))
                0x0000000000005ba4                _dac_driver_api_list_end = .

dai_driver_api_area
                0x0000000000005ba4        0x0
                0x0000000000005ba4                _dai_driver_api_list_start = .
 *(SORT_BY_NAME(SORT_BY_ALIGNMENT(._dai_driver_api.static.*)))
                0x0000000000005ba4                _dai_driver_api_list_end = .

display_driver_api_area
                0x0000000000005ba4        0x0
                0x0000000000005ba4                _display_driver_api_list_start = .
 *(SORT_BY_NAME(SORT_BY_ALIGNMENT(._display_driver_api.static.*)))
                0x0000000000005ba4                _display_driver_api_list_end = .

dma_driver_api_area
                0x0000000000005ba4        0x0
                0x0000000000005ba4                _dma_driver_api_list_start = .
 *(SORT_BY_NAME(SORT_BY_ALIGNMENT(._dma_driver_api.static.*)))
                0x0000000000005ba4                _dma_driver_api_list_end = .

edac_driver_api_area
                0x0000000000005ba4        0x0
                0x0000000000005ba4                _edac_driver_api_list_start = .
 *(SORT_BY_NAME(SORT_BY_ALIGNMENT(._edac_driver_api.static.*)))
                0x0000000000005ba4                _edac_driver_api_list_end = .

eeprom_driver_api_area
                0x0000000000005ba4        0x0
                0x0000000000005ba4                _eeprom_driver_api_list_start = .
 *(SORT_BY_NAME(SORT_BY_ALIGNMENT(._eeprom_driver_api.static.*)))
                0x0000000000005ba4                _eeprom_driver_api_list_end = .

emul_bbram_driver_api_area
                0x0000000000005ba4        0x0
                0x0000000000005ba4                _emul_bbram_driver_api_list_start = .
 *(SORT_BY_NAME(SORT_BY_ALIGNMENT(._emul_bbram_driver_api.static.*)))
                0x0000000000005ba4                _emul_bbram_driver_api_list_end = .

fuel_gauge_emul_driver_api_area
                0x0000000000005ba4        0x0
                0x0000000000005ba4                _fuel_gauge_emul_driver_api_list_start = .
 *(SORT_BY_NAME(SORT_BY_ALIGNMENT(._fuel_gauge_emul_driver_api.static.*)))
                0x0000000000005ba4                _fuel_gauge_emul_driver_api_list_end = .

emul_sensor_driver_api_area
                0x0000000000005ba4        0x0
                0x0000000000005ba4                _emul_sensor_driver_api_list_start = .
 *(SORT_BY_NAME(SORT_BY_ALIGNMENT(._emul_sensor_driver_api.static.*)))
                0x0000000000005ba4                _emul_sensor_driver_api_list_end = .

entropy_driver_api_area
                0x0000000000005ba4        0x0
                0x0000000000005ba4                _entropy_driver_api_list_start = .
 *(SORT_BY_NAME(SORT_BY_ALIGNMENT(._entropy_driver_api.static.*)))
                0x0000000000005ba4                _entropy_driver_api_list_end = .

espi_driver_api_area
                0x0000000000005ba4        0x0
                0x0000000000005ba4                _espi_driver_api_list_start = .
 *(SORT_BY_NAME(SORT_BY_ALIGNMENT(._espi_driver_api.static.*)))
                0x0000000000005ba4                _espi_driver_api_list_end = .

espi_saf_driver_api_area
                0x0000000000005ba4        0x0
                0x0000000000005ba4                _espi_saf_driver_api_list_start = .
 *(SORT_BY_NAME(SORT_BY_ALIGNMENT(._espi_saf_driver_api.static.*)))
                0x0000000000005ba4                _espi_saf_driver_api_list_end = .

flash_driver_api_area
                0x0000000000005ba4        0x0
                0x0000000000005ba4                _flash_driver_api_list_start = .
 *(SORT_BY_NAME(SORT_BY_ALIGNMENT(._flash_driver_api.static.*)))
                0x0000000000005ba4                _flash_driver_api_list_end = .

fpga_driver_api_area
                0x0000000000005ba4        0x0
                0x0000000000005ba4                _fpga_driver_api_list_start = .
 *(SORT_BY_NAME(SORT_BY_ALIGNMENT(._fpga_driver_api.static.*)))
                0x0000000000005ba4                _fpga_driver_api_list_end = .

fuel_gauge_driver_api_area
                0x0000000000005ba4        0x0
                0x0000000000005ba4                _fuel_gauge_driver_api_list_start = .
 *(SORT_BY_NAME(SORT_BY_ALIGNMENT(._fuel_gauge_driver_api.static.*)))
                0x0000000000005ba4                _fuel_gauge_driver_api_list_end = .

gnss_driver_api_area
                0x0000000000005ba4        0x0
                0x0000000000005ba4                _gnss_driver_api_list_start = .
 *(SORT_BY_NAME(SORT_BY_ALIGNMENT(._gnss_driver_api.static.*)))
                0x0000000000005ba4                _gnss_driver_api_list_end = .

gpio_driver_api_area
                0x0000000000005ba4        0x0
                0x0000000000005ba4                _gpio_driver_api_list_start = .
 *(SORT_BY_NAME(SORT_BY_ALIGNMENT(._gpio_driver_api.static.*)))
                0x0000000000005ba4                _gpio_driver_api_list_end = .

haptics_driver_api_area
                0x0000000000005ba4        0x0
                0x0000000000005ba4                _haptics_driver_api_list_start = .
 *(SORT_BY_NAME(SORT_BY_ALIGNMENT(._haptics_driver_api.static.*)))
                0x0000000000005ba4                _haptics_driver_api_list_end = .

hwspinlock_driver_api_area
                0x0000000000005ba4        0x0
                0x0000000000005ba4                _hwspinlock_driver_api_list_start = .
 *(SORT_BY_NAME(SORT_BY_ALIGNMENT(._hwspinlock_driver_api.static.*)))
                0x0000000000005ba4                _hwspinlock_driver_api_list_end = .

i2c_driver_api_area
                0x0000000000005ba4        0x0
                0x0000000000005ba4                _i2c_driver_api_list_start = .
 *(SORT_BY_NAME(SORT_BY_ALIGNMENT(._i2c_driver_api.static.*)))
                0x0000000000005ba4                _i2c_driver_api_list_end = .

i2c_target_driver_api_area
                0x0000000000005ba4        0x0
                0x0000000000005ba4                _i2c_target_driver_api_list_start = .
 *(SORT_BY_NAME(SORT_BY_ALIGNMENT(._i2c_target_driver_api.static.*)))
                0x0000000000005ba4                _i2c_target_driver_api_list_end = .

i2s_driver_api_area
                0x0000000000005ba4        0x0
                0x0000000000005ba4                _i2s_driver_api_list_start = .
 *(SORT_BY_NAME(SORT_BY_ALIGNMENT(._i2s_driver_api.static.*)))
                0x0000000000005ba4                _i2s_driver_api_list_end = .

i3c_driver_api_area
                0x0000000000005ba4        0x0
                0x0000000000005ba4                _i3c_driver_api_list_start = .
 *(SORT_BY_NAME(SORT_BY_ALIGNMENT(._i3c_driver_api.static.*)))
                0x0000000000005ba4                _i3c_driver_api_list_end = .

ipm_driver_api_area
                0x0000000000005ba4        0x0
                0x0000000000005ba4                _ipm_driver_api_list_start = .
 *(SORT_BY_NAME(SORT_BY_ALIGNMENT(._ipm_driver_api.static.*)))
                0x0000000000005ba4                _ipm_driver_api_list_end = .

kscan_driver_api_area
                0x0000000000005ba4        0x0
                0x0000000000005ba4                _kscan_driver_api_list_start = .
 *(SORT_BY_NAME(SORT_BY_ALIGNMENT(._kscan_driver_api.static.*)))
                0x0000000000005ba4                _kscan_driver_api_list_end = .

led_driver_api_area
                0x0000000000005ba4        0x0
                0x0000000000005ba4                _led_driver_api_list_start = .
 *(SORT_BY_NAME(SORT_BY_ALIGNMENT(._led_driver_api.static.*)))
                0x0000000000005ba4                _led_driver_api_list_end = .

led_strip_driver_api_area
                0x0000000000005ba4        0x0
                0x0000000000005ba4                _led_strip_driver_api_list_start = .
 *(SORT_BY_NAME(SORT_BY_ALIGNMENT(._led_strip_driver_api.static.*)))
                0x0000000000005ba4                _led_strip_driver_api_list_end = .

lora_driver_api_area
                0x0000000000005ba4        0x0
                0x0000000000005ba4                _lora_driver_api_list_start = .
 *(SORT_BY_NAME(SORT_BY_ALIGNMENT(._lora_driver_api.static.*)))
                0x0000000000005ba4                _lora_driver_api_list_end = .

mbox_driver_api_area
                0x0000000000005ba4        0x0
                0x0000000000005ba4                _mbox_driver_api_list_start = .
 *(SORT_BY_NAME(SORT_BY_ALIGNMENT(._mbox_driver_api.static.*)))
                0x0000000000005ba4                _mbox_driver_api_list_end = .

mdio_driver_api_area
                0x0000000000005ba4        0x0
                0x0000000000005ba4                _mdio_driver_api_list_start = .
 *(SORT_BY_NAME(SORT_BY_ALIGNMENT(._mdio_driver_api.static.*)))
                0x0000000000005ba4                _mdio_driver_api_list_end = .

mipi_dbi_driver_api_area
                0x0000000000005ba4        0x0
                0x0000000000005ba4                _mipi_dbi_driver_api_list_start = .
 *(SORT_BY_NAME(SORT_BY_ALIGNMENT(._mipi_dbi_driver_api.static.*)))
                0x0000000000005ba4                _mipi_dbi_driver_api_list_end = .

mipi_dsi_driver_api_area
                0x0000000000005ba4        0x0
                0x0000000000005ba4                _mipi_dsi_driver_api_list_start = .
 *(SORT_BY_NAME(SORT_BY_ALIGNMENT(._mipi_dsi_driver_api.static.*)))
                0x0000000000005ba4                _mipi_dsi_driver_api_list_end = .

mspi_driver_api_area
                0x0000000000005ba4        0x0
                0x0000000000005ba4                _mspi_driver_api_list_start = .
 *(SORT_BY_NAME(SORT_BY_ALIGNMENT(._mspi_driver_api.static.*)))
                0x0000000000005ba4                _mspi_driver_api_list_end = .

peci_driver_api_area
                0x0000000000005ba4        0x0
                0x0000000000005ba4                _peci_driver_api_list_start = .
 *(SORT_BY_NAME(SORT_BY_ALIGNMENT(._peci_driver_api.static.*)))
                0x0000000000005ba4                _peci_driver_api_list_end = .

ps2_driver_api_area
                0x0000000000005ba4        0x0
                0x0000000000005ba4                _ps2_driver_api_list_start = .
 *(SORT_BY_NAME(SORT_BY_ALIGNMENT(._ps2_driver_api.static.*)))
                0x0000000000005ba4                _ps2_driver_api_list_end = .

ptp_clock_driver_api_area
                0x0000000000005ba4        0x0
                0x0000000000005ba4                _ptp_clock_driver_api_list_start = .
 *(SORT_BY_NAME(SORT_BY_ALIGNMENT(._ptp_clock_driver_api.static.*)))
                0x0000000000005ba4                _ptp_clock_driver_api_list_end = .

pwm_driver_api_area
                0x0000000000005ba4        0x0
                0x0000000000005ba4                _pwm_driver_api_list_start = .
 *(SORT_BY_NAME(SORT_BY_ALIGNMENT(._pwm_driver_api.static.*)))
                0x0000000000005ba4                _pwm_driver_api_list_end = .

regulator_parent_driver_api_area
                0x0000000000005ba4        0x0
                0x0000000000005ba4                _regulator_parent_driver_api_list_start = .
 *(SORT_BY_NAME(SORT_BY_ALIGNMENT(._regulator_parent_driver_api.static.*)))
                0x0000000000005ba4                _regulator_parent_driver_api_list_end = .

regulator_driver_api_area
                0x0000000000005ba4        0x0
                0x0000000000005ba4                _regulator_driver_api_list_start = .
 *(SORT_BY_NAME(SORT_BY_ALIGNMENT(._regulator_driver_api.static.*)))
                0x0000000000005ba4                _regulator_driver_api_list_end = .

reset_driver_api_area
                0x0000000000005ba4        0x0
                0x0000000000005ba4                _reset_driver_api_list_start = .
 *(SORT_BY_NAME(SORT_BY_ALIGNMENT(._reset_driver_api.static.*)))
                0x0000000000005ba4                _reset_driver_api_list_end = .

retained_mem_driver_api_area
                0x0000000000005ba4        0x0
                0x0000000000005ba4                _retained_mem_driver_api_list_start = .
 *(SORT_BY_NAME(SORT_BY_ALIGNMENT(._retained_mem_driver_api.static.*)))
                0x0000000000005ba4                _retained_mem_driver_api_list_end = .

rtc_driver_api_area
                0x0000000000005ba4        0x0
                0x0000000000005ba4                _rtc_driver_api_list_start = .
 *(SORT_BY_NAME(SORT_BY_ALIGNMENT(._rtc_driver_api.static.*)))
                0x0000000000005ba4                _rtc_driver_api_list_end = .

sdhc_driver_api_area
                0x0000000000005ba4        0x0
                0x0000000000005ba4                _sdhc_driver_api_list_start = .
 *(SORT_BY_NAME(SORT_BY_ALIGNMENT(._sdhc_driver_api.static.*)))
                0x0000000000005ba4                _sdhc_driver_api_list_end = .

sensor_driver_api_area
                0x0000000000005ba4        0x0
                0x0000000000005ba4                _sensor_driver_api_list_start = .
 *(SORT_BY_NAME(SORT_BY_ALIGNMENT(._sensor_driver_api.static.*)))
                0x0000000000005ba4                _sensor_driver_api_list_end = .

smbus_driver_api_area
                0x0000000000005ba4        0x0
                0x0000000000005ba4                _smbus_driver_api_list_start = .
 *(SORT_BY_NAME(SORT_BY_ALIGNMENT(._smbus_driver_api.static.*)))
                0x0000000000005ba4                _smbus_driver_api_list_end = .

spi_driver_api_area
                0x0000000000005ba4        0x0
                0x0000000000005ba4                _spi_driver_api_list_start = .
 *(SORT_BY_NAME(SORT_BY_ALIGNMENT(._spi_driver_api.static.*)))
                0x0000000000005ba4                _spi_driver_api_list_end = .

stepper_driver_api_area
                0x0000000000005ba4        0x0
                0x0000000000005ba4                _stepper_driver_api_list_start = .
 *(SORT_BY_NAME(SORT_BY_ALIGNMENT(._stepper_driver_api.static.*)))
                0x0000000000005ba4                _stepper_driver_api_list_end = .

syscon_driver_api_area
                0x0000000000005ba4        0x0
                0x0000000000005ba4                _syscon_driver_api_list_start = .
 *(SORT_BY_NAME(SORT_BY_ALIGNMENT(._syscon_driver_api.static.*)))
                0x0000000000005ba4                _syscon_driver_api_list_end = .

tee_driver_api_area
                0x0000000000005ba4        0x0
                0x0000000000005ba4                _tee_driver_api_list_start = .
 *(SORT_BY_NAME(SORT_BY_ALIGNMENT(._tee_driver_api.static.*)))
                0x0000000000005ba4                _tee_driver_api_list_end = .

video_driver_api_area
                0x0000000000005ba4        0x0
                0x0000000000005ba4                _video_driver_api_list_start = .
 *(SORT_BY_NAME(SORT_BY_ALIGNMENT(._video_driver_api.static.*)))
                0x0000000000005ba4                _video_driver_api_list_end = .

w1_driver_api_area
                0x0000000000005ba4        0x0
                0x0000000000005ba4                _w1_driver_api_list_start = .
 *(SORT_BY_NAME(SORT_BY_ALIGNMENT(._w1_driver_api.static.*)))
                0x0000000000005ba4                _w1_driver_api_list_end = .

wdt_driver_api_area
                0x0000000000005ba4        0x0
                0x0000000000005ba4                _wdt_driver_api_list_start = .
 *(SORT_BY_NAME(SORT_BY_ALIGNMENT(._wdt_driver_api.static.*)))
                0x0000000000005ba4                _wdt_driver_api_list_end = .

can_transceiver_driver_api_area
                0x0000000000005ba4        0x0
                0x0000000000005ba4                _can_transceiver_driver_api_list_start = .
 *(SORT_BY_NAME(SORT_BY_ALIGNMENT(._can_transceiver_driver_api.static.*)))
                0x0000000000005ba4                _can_transceiver_driver_api_list_end = .

nrf_clock_control_driver_api_area
                0x0000000000005ba4        0x0
                0x0000000000005ba4                _nrf_clock_control_driver_api_list_start = .
 *(SORT_BY_NAME(SORT_BY_ALIGNMENT(._nrf_clock_control_driver_api.static.*)))
                0x0000000000005ba4                _nrf_clock_control_driver_api_list_end = .

i3c_target_driver_api_area
                0x0000000000005ba4        0x0
                0x0000000000005ba4                _i3c_target_driver_api_list_start = .
 *(SORT_BY_NAME(SORT_BY_ALIGNMENT(._i3c_target_driver_api.static.*)))
                0x0000000000005ba4                _i3c_target_driver_api_list_end = .

its_driver_api_area
                0x0000000000005ba4        0x0
                0x0000000000005ba4                _its_driver_api_list_start = .
 *(SORT_BY_NAME(SORT_BY_ALIGNMENT(._its_driver_api.static.*)))
                0x0000000000005ba4                _its_driver_api_list_end = .

vtd_driver_api_area
                0x0000000000005ba4        0x0
                0x0000000000005ba4                _vtd_driver_api_list_start = .
 *(SORT_BY_NAME(SORT_BY_ALIGNMENT(._vtd_driver_api.static.*)))
                0x0000000000005ba4                _vtd_driver_api_list_end = .

tgpio_driver_api_area
                0x0000000000005ba4        0x0
                0x0000000000005ba4                _tgpio_driver_api_list_start = .
 *(SORT_BY_NAME(SORT_BY_ALIGNMENT(._tgpio_driver_api.static.*)))
                0x0000000000005ba4                _tgpio_driver_api_list_end = .

pcie_ctrl_driver_api_area
                0x0000000000005ba4        0x0
                0x0000000000005ba4                _pcie_ctrl_driver_api_list_start = .
 *(SORT_BY_NAME(SORT_BY_ALIGNMENT(._pcie_ctrl_driver_api.static.*)))
                0x0000000000005ba4                _pcie_ctrl_driver_api_list_end = .

pcie_ep_driver_api_area
                0x0000000000005ba4        0x0
                0x0000000000005ba4                _pcie_ep_driver_api_list_start = .
 *(SORT_BY_NAME(SORT_BY_ALIGNMENT(._pcie_ep_driver_api.static.*)))
                0x0000000000005ba4                _pcie_ep_driver_api_list_end = .

svc_driver_api_area
                0x0000000000005ba4        0x0
                0x0000000000005ba4                _svc_driver_api_list_start = .
 *(SORT_BY_NAME(SORT_BY_ALIGNMENT(._svc_driver_api.static.*)))
                0x0000000000005ba4                _svc_driver_api_list_end = .

uart_driver_api_area
                0x0000000000005ba4        0xc
                0x0000000000005ba4                _uart_driver_api_list_start = .
 *(SORT_BY_NAME(SORT_BY_ALIGNMENT(._uart_driver_api.static.*)))
 ._uart_driver_api.static.uart_nrfx_uarte_driver_api_
                0x0000000000005ba4        0xc zephyr/drivers/serial/libdrivers__serial.a(uart_nrfx_uarte.c.obj)
                0x0000000000005bb0                _uart_driver_api_list_end = .

bc12_emul_driver_api_area
                0x0000000000005bb0        0x0
                0x0000000000005bb0                _bc12_emul_driver_api_list_start = .
 *(SORT_BY_NAME(SORT_BY_ALIGNMENT(._bc12_emul_driver_api.static.*)))
                0x0000000000005bb0                _bc12_emul_driver_api_list_end = .

bc12_driver_api_area
                0x0000000000005bb0        0x0
                0x0000000000005bb0                _bc12_driver_api_list_start = .
 *(SORT_BY_NAME(SORT_BY_ALIGNMENT(._bc12_driver_api.static.*)))
                0x0000000000005bb0                _bc12_driver_api_list_end = .

usbc_ppc_driver_api_area
                0x0000000000005bb0        0x0
                0x0000000000005bb0                _usbc_ppc_driver_api_list_start = .
 *(SORT_BY_NAME(SORT_BY_ALIGNMENT(._usbc_ppc_driver_api.static.*)))
                0x0000000000005bb0                _usbc_ppc_driver_api_list_end = .

tcpc_driver_api_area
                0x0000000000005bb0        0x0
                0x0000000000005bb0                _tcpc_driver_api_list_start = .
 *(SORT_BY_NAME(SORT_BY_ALIGNMENT(._tcpc_driver_api.static.*)))
                0x0000000000005bb0                _tcpc_driver_api_list_end = .

usbc_vbus_driver_api_area
                0x0000000000005bb0        0x0
                0x0000000000005bb0                _usbc_vbus_driver_api_list_start = .
 *(SORT_BY_NAME(SORT_BY_ALIGNMENT(._usbc_vbus_driver_api.static.*)))
                0x0000000000005bb0                _usbc_vbus_driver_api_list_end = .

ivshmem_driver_api_area
                0x0000000000005bb0        0x0
                0x0000000000005bb0                _ivshmem_driver_api_list_start = .
 *(SORT_BY_NAME(SORT_BY_ALIGNMENT(._ivshmem_driver_api.static.*)))
                0x0000000000005bb0                _ivshmem_driver_api_list_end = .

ethphy_driver_api_area
                0x0000000000005bb0        0x0
                0x0000000000005bb0                _ethphy_driver_api_list_start = .
 *(SORT_BY_NAME(SORT_BY_ALIGNMENT(._ethphy_driver_api.static.*)))
                0x0000000000005bb0                _ethphy_driver_api_list_end = .

ztest           0x0000000000005bb0        0x0
                0x0000000000005bb0                _ztest_expected_result_entry_list_start = .
 *(SORT_BY_NAME(SORT_BY_ALIGNMENT(._ztest_expected_result_entry.static.*)))
                0x0000000000005bb0                _ztest_expected_result_entry_list_end = .
                0x0000000000005bb0                _ztest_suite_node_list_start = .
 *(SORT_BY_NAME(SORT_BY_ALIGNMENT(._ztest_suite_node.static.*)))
                0x0000000000005bb0                _ztest_suite_node_list_end = .
                0x0000000000005bb0                _ztest_unit_test_list_start = .
 *(SORT_BY_NAME(SORT_BY_ALIGNMENT(._ztest_unit_test.static.*)))
                0x0000000000005bb0                _ztest_unit_test_list_end = .
                0x0000000000005bb0                _ztest_test_rule_list_start = .
 *(SORT_BY_NAME(SORT_BY_ALIGNMENT(._ztest_test_rule.static.*)))
                0x0000000000005bb0                _ztest_test_rule_list_end = .

init_array      0x0000000000005bb0        0x0
 *(SORT_BY_NAME(SORT_BY_ALIGNMENT(.ctors*)))
 *(SORT_BY_NAME(SORT_BY_ALIGNMENT(.init_array*)))
                0x0000000000000001                ASSERT ((SIZEOF (init_array) == 0x0), GNU-style constructors required but STATIC_INIT_GNU not enabled)

bt_l2cap_fixed_chan_area
                0x0000000000005bb0        0x0
                0x0000000000005bb0                _bt_l2cap_fixed_chan_list_start = .
 *(SORT_BY_NAME(SORT_BY_ALIGNMENT(._bt_l2cap_fixed_chan.static.*)))
                0x0000000000005bb0                _bt_l2cap_fixed_chan_list_end = .

bt_gatt_service_static_area
                0x0000000000005bb0        0x0
                0x0000000000005bb0                _bt_gatt_service_static_list_start = .
 *(SORT_BY_NAME(SORT_BY_ALIGNMENT(._bt_gatt_service_static.static.*)))