Archive member included to satisfy reference by file (symbol)

app/libapp.a(main.c.obj)      (--whole-archive)
app/libapp.a(io.c.obj)        (--whole-archive)
app/libapp.a(flash_map_extended.c.obj)
                              (--whole-archive)
app/libapp.a(os.c.obj)        (--whole-archive)
app/libapp.a(keys.c.obj)      (--whole-archive)
app/libapp.a(image_validate.c.obj)
                              (--whole-archive)
app/libapp.a(tlv.c.obj)       (--whole-archive)
app/libapp.a(encrypted.c.obj)
                              (--whole-archive)
app/libapp.a(image_rsa.c.obj)
                              (--whole-archive)
app/libapp.a(image_ecdsa.c.obj)
                              (--whole-archive)
app/libapp.a(image_ed25519.c.obj)
                              (--whole-archive)
app/libapp.a(bootutil_misc.c.obj)
                              (--whole-archive)
app/libapp.a(fault_injection_hardening.c.obj)
                              (--whole-archive)
app/libapp.a(loader.c.obj)    (--whole-archive)
app/libapp.a(swap_misc.c.obj)
                              (--whole-archive)
app/libapp.a(caps.c.obj)      (--whole-archive)
app/libapp.a(swap_move.c.obj)
                              (--whole-archive)
app/libapp.a(swap_nsib.c.obj)
                              (--whole-archive)
app/libapp.a(asn1parse.c.obj)
                              (--whole-archive)
app/libapp.a(platform_util.c.obj)
                              (--whole-archive)
app/libapp.a(autogen-pubkey.c.obj)
                              (--whole-archive)
app/libapp.a(arm_cleanup.c.obj)
                              (--whole-archive)
app/libapp.a(flash_check.c.obj)
                              (--whole-archive)
app/libapp.a(nrf_cleanup.c.obj)
                              (--whole-archive)
zephyr/libzephyr.a(crc32c_sw.c.obj)
                              (--whole-archive)
zephyr/libzephyr.a(crc32_sw.c.obj)
                              (--whole-archive)
zephyr/libzephyr.a(crc24_sw.c.obj)
                              (--whole-archive)
zephyr/libzephyr.a(crc16_sw.c.obj)
                              (--whole-archive)
zephyr/libzephyr.a(crc8_sw.c.obj)
                              (--whole-archive)
zephyr/libzephyr.a(crc7_sw.c.obj)
                              (--whole-archive)
zephyr/libzephyr.a(crc4_sw.c.obj)
                              (--whole-archive)
zephyr/libzephyr.a(heap.c.obj)
                              (--whole-archive)
zephyr/libzephyr.a(cbprintf_packaged.c.obj)
                              (--whole-archive)
zephyr/libzephyr.a(printk.c.obj)
                              (--whole-archive)
zephyr/libzephyr.a(sem.c.obj)
                              (--whole-archive)
zephyr/libzephyr.a(thread_entry.c.obj)
                              (--whole-archive)
zephyr/libzephyr.a(cbprintf_nano.c.obj)
                              (--whole-archive)
zephyr/libzephyr.a(cbprintf.c.obj)
                              (--whole-archive)
zephyr/libzephyr.a(assert.c.obj)
                              (--whole-archive)
zephyr/libzephyr.a(reboot.c.obj)
                              (--whole-archive)
zephyr/libzephyr.a(base64.c.obj)
                              (--whole-archive)
zephyr/libzephyr.a(dec.c.obj)
                              (--whole-archive)
zephyr/libzephyr.a(hex.c.obj)
                              (--whole-archive)
zephyr/libzephyr.a(rb.c.obj)  (--whole-archive)
zephyr/libzephyr.a(timeutil.c.obj)
                              (--whole-archive)
zephyr/libzephyr.a(bitarray.c.obj)
                              (--whole-archive)
zephyr/libzephyr.a(onoff.c.obj)
                              (--whole-archive)
zephyr/libzephyr.a(notify.c.obj)
                              (--whole-archive)
zephyr/libzephyr.a(last_section_id.c.obj)
                              (--whole-archive)
zephyr/libzephyr.a(configs.c.obj)
                              (--whole-archive)
zephyr/libzephyr.a(log_minimal.c.obj)
                              (--whole-archive)
zephyr/libzephyr.a(flash_map.c.obj)
                              (--whole-archive)
zephyr/libzephyr.a(flash_map_layout.c.obj)
                              (--whole-archive)
zephyr/libzephyr.a(tracing_none.c.obj)
                              (--whole-archive)
zephyr/libzephyr.a(flash_util.c.obj)
                              (--whole-archive)
zephyr/libzephyr.a(banner.c.obj)
                              (--whole-archive)
zephyr/libzephyr.a(flash_map_partition_manager.c.obj)
                              (--whole-archive)
zephyr/libzephyr.a(nrf_cc3xx_platform_abort_zephyr.c.obj)
                              (--whole-archive)
zephyr/libzephyr.a(nrf_cc3xx_platform_mutex_zephyr.c.obj)
                              (--whole-archive)
zephyr/libzephyr.a(serial_adapter.c.obj)
                              (--whole-archive)
zephyr/libzephyr.a(boot_serial.c.obj)
                              (--whole-archive)
zephyr/libzephyr.a(zcbor_bulk.c.obj)
                              (--whole-archive)
[...]
Memory Configuration

Name             Origin             Length             Attributes
FLASH            0x000000000001c200 0x0000000000013e00 xr
RAM              0x000000002000c4e8 0x0000000000033b18 xw
IDT_LIST         0x00000000ffff7fff 0x0000000000008000 xw
*default*        0x0000000000000000 0xffffffffffffffff

Linker script and memory map

LOAD zephyr/CMakeFiles/zephyr_final.dir/misc/empty_file.c.obj
LOAD zephyr/CMakeFiles/zephyr_final.dir/isr_tables.c.obj
LOAD zephyr/CMakeFiles/offsets.dir/./arch/arm/core/offsets/offsets.c.obj
LOAD app/libapp.a
LOAD zephyr/libzephyr.a
LOAD zephyr/arch/common/libarch__common.a
LOAD zephyr/arch/arch/arm/core/libarch__arm__core.a
LOAD zephyr/arch/arch/arm/core/cortex_m/libarch__arm__core__cortex_m.a
LOAD zephyr/arch/arch/arm/core/cortex_m/cmse/libarch__arm__core__cortex_m__cmse.a
LOAD zephyr/lib/libc/minimal/liblib__libc__minimal.a
LOAD zephyr/lib/libc/common/liblib__libc__common.a
LOAD zephyr/soc/soc/nrf9151/libsoc__nordic.a
LOAD zephyr/drivers/clock_control/libdrivers__clock_control.a
LOAD zephyr/drivers/flash/libdrivers__flash.a
LOAD zephyr/drivers/gpio/libdrivers__gpio.a
LOAD zephyr/drivers/pinctrl/libdrivers__pinctrl.a
LOAD zephyr/drivers/serial/libdrivers__serial.a
LOAD zephyr/drivers/spi/libdrivers__spi.a
LOAD zephyr/drivers/timer/libdrivers__timer.a
LOAD modules/nrf/lib/fprotect/lib..__nrf__lib__fprotect.a
LOAD modules/nrf/subsys/bootloader/bl_crypto/lib..__nrf__subsys__bootloader__bl_crypto.a
LOAD modules/nrf/subsys/fw_info/lib..__nrf__subsys__fw_info.a
LOAD modules/nrf/drivers/hw_cc3xx/lib..__nrf__drivers__hw_cc3xx.a
LOAD modules/mcuboot/boot/bootutil/zephyr/libmcuboot_util.a
LOAD modules/hal_nordic/modules/hal_nordic/nrfx/libmodules__hal_nordic__nrfx.a
LOAD modules/zcbor/libmodules__zcbor.a
LOAD zephyr/kernel/libkernel.a
LOAD zephyr/arch/common/libisr_tables.a
LOAD /opt/nordic/ncs/v3.0.0/nrfxlib/crypto/nrf_oberon/lib/cortex-m33/soft-float/liboberon_3.0.16.a
LOAD /opt/nordic/ncs/v3.0.0/nrfxlib/crypto/nrf_cc310_platform/lib/cortex-m33/soft-float/no-interrupts/libnrf_cc310_platform_0.9.19.a
LOAD /opt/nordic/ncs/toolchains/b8efef2ad5/opt/zephyr-sdk/arm-zephyr-eabi/bin/../lib/gcc/arm-zephyr-eabi/12.2.0/thumb/v8-m.main/nofp/libgcc.a
                0x0000000000000003                _image_1_primary_slot_id = 0x3
                0x0000000000000004                _region_min_align = 0x4

.rel.plt        0x000000000001c200        0x0
 *(SORT_BY_ALIGNMENT(.rel.plt))
                [!provide]                        PROVIDE (__rel_iplt_start = .)
 *(SORT_BY_ALIGNMENT(.rel.iplt))
 .rel.iplt      0x000000000001c200        0x0 zephyr/CMakeFiles/zephyr_final.dir/isr_tables.c.obj
                [!provide]                        PROVIDE (__rel_iplt_end = .)

.rela.plt       0x0000000000000000        0x0
 *(SORT_BY_ALIGNMENT(.rela.plt))
                [!provide]                        PROVIDE (__rela_iplt_start = .)
 *(SORT_BY_ALIGNMENT(.rela.iplt))
                [!provide]                        PROVIDE (__rela_iplt_end = .)

.rel.dyn
 *(SORT_BY_ALIGNMENT(.rel.*))

.rela.dyn
 *(SORT_BY_ALIGNMENT(.rela.*))

/DISCARD/
 *(SORT_BY_ALIGNMENT(.plt))

/DISCARD/
 *(SORT_BY_ALIGNMENT(.iplt))
                0x000000000001c200                __rom_region_start = 0x1c200

rom_start       0x000000000001c200      0x28c
                0x000000000001c200                __rom_start_address = .
 FILL mask 0x00
                0x000000000001c200                . = (. + (0x0 - (. - __rom_start_address)))
                0x000000000001c200                . = ALIGN (0x4)
                0x000000000001c200                . = ALIGN (0x80)
                0x000000000001c200                . = ALIGN (0x200)
                0x000000000001c200                _vector_start = .
 *(SORT_BY_ALIGNMENT(.exc_vector_table))
 *(SORT_BY_ALIGNMENT(.exc_vector_table.*))
 .exc_vector_table._vector_table_section
                0x000000000001c200       0x40 zephyr/arch/arch/arm/core/cortex_m/libarch__arm__core__cortex_m.a(vector_table.S.obj)
                0x000000000001c200                _vector_table
 *(SORT_BY_ALIGNMENT(.vectors))
                0x000000000001c344                _vector_end = .
                0x000000000001c240                . = ALIGN (0x4)
 *(SORT_BY_ALIGNMENT(.gnu.linkonce.irq_vector_table*))
 .gnu.linkonce.irq_vector_table
                0x000000000001c240      0x104 zephyr/CMakeFiles/zephyr_final.dir/isr_tables.c.obj
                0x000000000001c240                _irq_vector_table
                0x000000000001c344                _vector_end = .
                0x0000000000000200                . = 0x200
 *fill*         0x000000000001c344       0xbc 00
                0x000000000001c400                _fw_info_start = .
 *(SORT_BY_NAME(SORT_BY_ALIGNMENT(.firmware_info*)))
 .firmware_info
                0x000000000001c400       0x3c modules/nrf/subsys/fw_info/lib..__nrf__subsys__fw_info.a(fw_info.c.obj)
                0x000000000001c400                m_firmware_info
 .firmware_info.2
                0x000000000001c43c       0x50 modules/nrf/subsys/bootloader/bl_crypto/lib..__nrf__subsys__bootloader__bl_crypto.a(bl_crypto_client.c.obj)
                0x000000000001c43c                bl_secp256r1_req
                0x000000000001c464                bl_sha256_req
                0x000000000000008c                _fw_info_size = ABSOLUTE ((. - _fw_info_start))

text            0x000000000001c48c     0xa154
                0x000000000001c48c                __text_region_start = .
 *(SORT_BY_ALIGNMENT(.text))
 .text          0x000000000001c48c       0x30 /opt/nordic/ncs/toolchains/b8efef2ad5/opt/zephyr-sdk/arm-zephyr-eabi/bin/../lib/gcc/arm-zephyr-eabi/12.2.0/thumb/v8-m.main/nofp/libgcc.a(_aeabi_uldivmod.o)
                0x000000000001c48c                __aeabi_uldivmod
 .text          0x000000000001c4bc        0x4 /opt/nordic/ncs/toolchains/b8efef2ad5/opt/zephyr-sdk/arm-zephyr-eabi/bin/../lib/gcc/arm-zephyr-eabi/12.2.0/thumb/v8-m.main/nofp/libgcc.a(_dvmd_tls.o)
                0x000000000001c4bc                __aeabi_ldiv0
                0x000000000001c4bc                __aeabi_idiv0
 .text          0x000000000001c4c0      0x29c /opt/nordic/ncs/toolchains/b8efef2ad5/opt/zephyr-sdk/arm-zephyr-eabi/bin/../lib/gcc/arm-zephyr-eabi/12.2.0/thumb/v8-m.main/nofp/libgcc.a(_udivmoddi4.o)
                0x000000000001c4c0                __udivmoddi4
 *(SORT_BY_ALIGNMENT(.text.*))
 .text.main     0x000000000001c75c      0x140 app/libapp.a(main.c.obj)
                0x000000000001c75c                main
 .text.io_detect_pin
                0x000000000001c89c       0x48 app/libapp.a(io.c.obj)
                0x000000000001c89c                io_detect_pin
 .text.flash_device_base
                0x000000000001c8e4       0x20 app/libapp.a(flash_map_extended.c.obj)
                0x000000000001c8e4                flash_device_base
 .text.flash_area_id_from_multi_image_slot
                0x000000000001c904       0x24 app/libapp.a(flash_map_extended.c.obj)
                0x000000000001c904                flash_area_id_from_multi_image_slot
 .text.bootutil_img_validate
                0x000000000001c928      0x218 app/libapp.a(image_validate.c.obj)
                0x000000000001c928                bootutil_img_validate
 .text.bootutil_verify_sig
                0x000000000001cb40      0x104 app/libapp.a(image_ecdsa.c.obj)
                0x000000000001cb40                bootutil_verify_sig
 .text.boot_fih_memequal
                0x000000000001cc44       0x30 app/libapp.a(bootutil_misc.c.obj)
                0x000000000001cc44                boot_fih_memequal
 .text.boot_status_entries
                0x000000000001cc74       0x2c app/libapp.a(bootutil_misc.c.obj)
                0x000000000001cc74                boot_status_entries
 .text.boot_find_status
                0x000000000001cca0       0x44 app/libapp.a(bootutil_misc.c.obj)
                0x000000000001cca0                boot_find_status
 .text.bootutil_max_image_size
                0x000000000001cce4       0x2c app/libapp.a(bootutil_misc.c.obj)
                0x000000000001cce4                bootutil_max_image_size
 .text.fih_cfi_get_and_increment
                0x000000000001cd10       0x10 app/libapp.a(fault_injection_hardening.c.obj)
                0x000000000001cd10                fih_cfi_get_and_increment
 .text.fih_cfi_decrement
                0x000000000001cd20       0x10 app/libapp.a(fault_injection_hardening.c.obj)
                0x000000000001cd20                fih_cfi_decrement
 .text.fih_cfi_validate
                0x000000000001cd30       0x14 app/libapp.a(fault_injection_hardening.c.obj)
                0x000000000001cd30                fih_cfi_validate
 .text.boot_initialize_area
                0x000000000001cd44       0x60 app/libapp.a(loader.c.obj)
 .text.boot_read_sectors
                0x000000000001cda4       0x4c app/libapp.a(loader.c.obj)
 .text.boot_validate_slot.constprop.0
                0x000000000001cdf0      0x158 app/libapp.a(loader.c.obj)
 .text.boot_swap_image.isra.0
                0x000000000001cf48       0xbc app/libapp.a(loader.c.obj)
 .text.boot_write_status
                0x000000000001d004       0x74 app/libapp.a(loader.c.obj)
                0x000000000001d004                boot_write_status
 .text.boot_copy_region
                0x000000000001d078       0x84 app/libapp.a(loader.c.obj)
                0x000000000001d078                boot_copy_region
 .text.context_boot_go
                0x000000000001d0fc      0x6c8 app/libapp.a(loader.c.obj)
                0x000000000001d0fc                context_boot_go
 .text.boot_go  0x000000000001d7c4       0x34 app/libapp.a(loader.c.obj)
                0x000000000001d7c4                boot_go
 .text.boot_get_max_app_size
                0x000000000001d7f8       0xd0 app/libapp.a(loader.c.obj)
                0x000000000001d7f8                boot_get_max_app_size
 .text.swap_read_status
                0x000000000001d8c8       0x88 app/libapp.a(swap_misc.c.obj)
                0x000000000001d8c8                swap_read_status
 .text.swap_set_copy_done
                0x000000000001d950       0x2c app/libapp.a(swap_misc.c.obj)
                0x000000000001d950                swap_set_copy_done
 .text.swap_set_image_ok
                0x000000000001d97c       0x44 app/libapp.a(swap_misc.c.obj)
                0x000000000001d97c                swap_set_image_ok
 .text.boot_read_image_header
                0x000000000001d9c0       0xc0 app/libapp.a(swap_move.c.obj)
                0x000000000001d9c0                boot_read_image_header
 .text.swap_read_status_bytes
                0x000000000001da80       0xd0 app/libapp.a(swap_move.c.obj)
                0x000000000001da80                swap_read_status_bytes
 .text.swap_status_source
                0x000000000001db50       0xdc app/libapp.a(swap_move.c.obj)
                0x000000000001db50                swap_status_source
 .text.fixup_revert
                0x000000000001dc2c       0x98 app/libapp.a(swap_move.c.obj)
                0x000000000001dc2c                fixup_revert
 .text.swap_run
                0x000000000001dcc4      0x22c app/libapp.a(swap_move.c.obj)
                0x000000000001dcc4                swap_run
 .text.nsib_swap_run
                0x000000000001def0       0x88 app/libapp.a(swap_nsib.c.obj)
                0x000000000001def0                nsib_swap_run
 .text.mbedtls_platform_zeroize
                0x000000000001df78       0x14 app/libapp.a(platform_util.c.obj)
                0x000000000001df78                mbedtls_platform_zeroize
 .text.cleanup_arm_nvic
                0x000000000001df8c       0x38 app/libapp.a(arm_cleanup.c.obj)
                0x000000000001df8c                cleanup_arm_nvic
 .text.z_arm_clear_arm_mpu_config
                0x000000000001dfc4       0x24 app/libapp.a(arm_cleanup.c.obj)
                0x000000000001dfc4                z_arm_clear_arm_mpu_config
 .text.nrf_cleanup_peripheral
                0x000000000001dfe8       0x9c app/libapp.a(nrf_cleanup.c.obj)
                0x000000000001dfe8                nrf_cleanup_peripheral
 .text.char_out
                0x000000000001e084        0xc zephyr/libzephyr.a(printk.c.obj)
 .text.vprintk  0x000000000001e090       0x1c zephyr/libzephyr.a(printk.c.obj)
                0x000000000001e090                vprintk
 .text.z_cbvprintf_impl
                0x000000000001e0ac      0x444 zephyr/libzephyr.a(cbprintf_nano.c.obj)
                0x000000000001e0ac                z_cbvprintf_impl
 .text.sys_reboot
                0x000000000001e4f0       0x2c zephyr/libzephyr.a(reboot.c.obj)
                0x000000000001e4f0                sys_reboot
 .text.base64_encode
                0x000000000001e51c       0xfc zephyr/libzephyr.a(base64.c.obj)
                0x000000000001e51c                base64_encode
 .text.base64_decode
                0x000000000001e618      0x140 zephyr/libzephyr.a(base64.c.obj)
                0x000000000001e618                base64_decode
 .text.process_event
                0x000000000001e758      0x21c zephyr/libzephyr.a(onoff.c.obj)
 .text.flash_area_open
                0x000000000001e974       0x4c zephyr/libzephyr.a(flash_map.c.obj)
                0x000000000001e974                flash_area_open
 .text.flash_area_sectors
                0x000000000001e9c0       0x34 zephyr/libzephyr.a(flash_map_layout.c.obj)
                0x000000000001e9c0                flash_area_sectors
 .text.boot_banner
                0x000000000001e9f4       0x24 zephyr/libzephyr.a(banner.c.obj)
                0x000000000001e9f4                boot_banner
 .text.nrf_cc3xx_platform_abort_init
                0x000000000001ea18        0xc zephyr/libzephyr.a(nrf_cc3xx_platform_abort_zephyr.c.obj)
                0x000000000001ea18                nrf_cc3xx_platform_abort_init
 .text.mutex_free_platform
                0x000000000001ea24       0x54 zephyr/libzephyr.a(nrf_cc3xx_platform_mutex_zephyr.c.obj)
 .text.mutex_lock_platform
                0x000000000001ea78       0x58 zephyr/libzephyr.a(nrf_cc3xx_platform_mutex_zephyr.c.obj)
 .text.mutex_unlock_platform
                0x000000000001ead0       0x50 zephyr/libzephyr.a(nrf_cc3xx_platform_mutex_zephyr.c.obj)
 .text.mutex_init_platform
                0x000000000001eb20       0x94 zephyr/libzephyr.a(nrf_cc3xx_platform_mutex_zephyr.c.obj)
 .text.nrf_cc3xx_platform_mutex_init
                0x000000000001ebb4       0x2c zephyr/libzephyr.a(nrf_cc3xx_platform_mutex_zephyr.c.obj)
                0x000000000001ebb4                nrf_cc3xx_platform_mutex_init
 .text.boot_uart_fifo_callback
                0x000000000001ebe0       0xb0 zephyr/libzephyr.a(serial_adapter.c.obj)
 .text.console_out
                0x000000000001ec90       0x18 zephyr/libzephyr.a(serial_adapter.c.obj)
                0x000000000001ec90                console_out
 .text.console_read
                0x000000000001eca8       0x90 zephyr/libzephyr.a(serial_adapter.c.obj)
                0x000000000001eca8                console_read
 .text.boot_console_init
                0x000000000001ed38       0xa4 zephyr/libzephyr.a(serial_adapter.c.obj)
                0x000000000001ed38                boot_console_init
 .text.boot_serial_output
                0x000000000001eddc      0x140 zephyr/libzephyr.a(boot_serial.c.obj)
 .text.bs_rc_rsp
                0x000000000001ef1c       0x38 zephyr/libzephyr.a(boot_serial.c.obj)
 .text.erase_range
                0x000000000001ef54       0x48 zephyr/libzephyr.a(boot_serial.c.obj)
 .text.bs_upload
                0x000000000001ef9c      0x2a4 zephyr/libzephyr.a(boot_serial.c.obj)
 .text.boot_serial_in_dec.constprop.0
                0x000000000001f240       0x68 zephyr/libzephyr.a(boot_serial.c.obj)
 .text.bs_list.constprop.0
                0x000000000001f2a8      0x2c8 zephyr/libzephyr.a(boot_serial.c.obj)
 .text.bs_set   0x000000000001f570      0x170 zephyr/libzephyr.a(boot_serial.c.obj)
 .text.reset_cbor_state
                0x000000000001f6e0       0x24 zephyr/libzephyr.a(boot_serial.c.obj)
                0x000000000001f6e0                reset_cbor_state
 .text.boot_serial_input
                0x000000000001f704      0x25c zephyr/libzephyr.a(boot_serial.c.obj)
                0x000000000001f704                boot_serial_input
 .text.boot_serial_start
                0x000000000001f960       0xbc zephyr/libzephyr.a(boot_serial.c.obj)
                0x000000000001f960                boot_serial_start
 .text.z_SysNmiOnReset
                0x000000000001fa1c        0x8 zephyr/arch/arch/arm/core/libarch__arm__core.a(nmi_on_reset.S.obj)
                0x000000000001fa1c                z_SysNmiOnReset
 .text._HandlerModeExit
                0x000000000001fa24       0x28 zephyr/arch/arch/arm/core/cortex_m/libarch__arm__core__cortex_m.a(exc_exit.c.obj)
                0x000000000001fa24                z_arm_exc_exit
                0x000000000001fa24                z_arm_int_exit
 .text.usage_fault.constprop.0
                0x000000000001fa4c       0x5c zephyr/arch/arch/arm/core/cortex_m/libarch__arm__core__cortex_m.a(fault.c.obj)
 .text.bus_fault.constprop.0
                0x000000000001faa8       0x6c zephyr/arch/arch/arm/core/cortex_m/libarch__arm__core__cortex_m.a(fault.c.obj)
 .text.mem_manage_fault.constprop.0
                0x000000000001fb14       0x78 zephyr/arch/arch/arm/core/cortex_m/libarch__arm__core__cortex_m.a(fault.c.obj)
 .text.z_arm_fault
                0x000000000001fb8c      0x118 zephyr/arch/arch/arm/core/cortex_m/libarch__arm__core__cortex_m.a(fault.c.obj)
                0x000000000001fb8c                z_arm_fault
 .text.z_arm_fault_init
                0x000000000001fca4       0x20 zephyr/arch/arch/arm/core/cortex_m/libarch__arm__core__cortex_m.a(fault.c.obj)
                0x000000000001fca4                z_arm_fault_init
 .text.__fault  0x000000000001fcc4       0x14 zephyr/arch/arch/arm/core/cortex_m/libarch__arm__core__cortex_m.a(fault_s.S.obj)
                0x000000000001fcc4                z_arm_bus_fault
                0x000000000001fcc4                z_arm_usage_fault
                0x000000000001fcc4                z_arm_mpu_fault
                0x000000000001fcc4                z_arm_exc_spurious
                0x000000000001fcc4                z_arm_debug_monitor
                0x000000000001fcc4                z_arm_hard_fault
 .text._reset_section
                0x000000000001fcd8       0x60 zephyr/arch/arch/arm/core/cortex_m/libarch__arm__core__cortex_m.a(reset.S.obj)
                0x000000000001fcd8                z_arm_reset
                0x000000000001fcd8                __start
 .text.z_arm_init_arch_hw_at_boot
                0x000000000001fd38       0x44 zephyr/arch/arch/arm/core/cortex_m/libarch__arm__core__cortex_m.a(scb.c.obj)
                0x000000000001fd38                z_arm_init_arch_hw_at_boot
 .text.z_impl_k_thread_abort
                0x000000000001fd7c       0x2c zephyr/arch/arch/arm/core/cortex_m/libarch__arm__core__cortex_m.a(thread_abort.c.obj)
                0x000000000001fd7c                z_impl_k_thread_abort
 .text.z_arm_pendsv
                0x000000000001fda8       0x58 zephyr/arch/arch/arm/core/cortex_m/libarch__arm__core__cortex_m.a(swap_helper.S.obj)
                0x000000000001fda8                z_arm_pendsv
 .text.z_arm_svc
                0x000000000001fe00       0x24 zephyr/arch/arch/arm/core/cortex_m/libarch__arm__core__cortex_m.a(swap_helper.S.obj)
                0x000000000001fe00                z_arm_svc
 .text.arch_irq_enable
                0x000000000001fe24       0x1c zephyr/arch/arch/arm/core/cortex_m/libarch__arm__core__cortex_m.a(irq_manage.c.obj)
                0x000000000001fe24                arch_irq_enable
 .text.arch_irq_disable
                0x000000000001fe40       0x28 zephyr/arch/arch/arm/core/cortex_m/libarch__arm__core__cortex_m.a(irq_manage.c.obj)
                0x000000000001fe40                arch_irq_disable
 .text.arch_irq_is_enabled
                0x000000000001fe68       0x1c zephyr/arch/arch/arm/core/cortex_m/libarch__arm__core__cortex_m.a(irq_manage.c.obj)
                0x000000000001fe68                arch_irq_is_enabled
 .text.z_arm_irq_priority_set
                0x000000000001fe84       0x2c zephyr/arch/arch/arm/core/cortex_m/libarch__arm__core__cortex_m.a(irq_manage.c.obj)
                0x000000000001fe84                z_arm_irq_priority_set
 .text.z_prep_c
                0x000000000001feb0       0x38 zephyr/arch/arch/arm/core/cortex_m/libarch__arm__core__cortex_m.a(prep_c.c.obj)
                0x000000000001feb0                z_prep_c
 .text.arch_new_thread
                0x000000000001fee8       0x38 zephyr/arch/arch/arm/core/cortex_m/libarch__arm__core__cortex_m.a(thread.c.obj)
                0x000000000001fee8                arch_new_thread
 .text.arch_switch_to_main_thread
                0x000000000001ff20       0x34 zephyr/arch/arch/arm/core/cortex_m/libarch__arm__core__cortex_m.a(thread.c.obj)
                0x000000000001ff20                arch_switch_to_main_thread
 .text.z_arm_cpu_idle_init
                0x000000000001ff54        0xc zephyr/arch/arch/arm/core/cortex_m/libarch__arm__core__cortex_m.a(cpu_idle.c.obj)
                0x000000000001ff54                z_arm_cpu_idle_init
 .text.z_arm_interrupt_init
                0x000000000001ff60       0x18 zephyr/arch/arch/arm/core/cortex_m/libarch__arm__core__cortex_m.a(irq_init.c.obj)
                0x000000000001ff60                z_arm_interrupt_init
 .text._isr_wrapper
                0x000000000001ff78       0x24 zephyr/arch/arch/arm/core/cortex_m/libarch__arm__core__cortex_m.a(isr_wrapper.c.obj)
                0x000000000001ff78                _isr_wrapper
 .text.snprintf
                0x000000000001ff9c       0x34 zephyr/lib/libc/minimal/liblib__libc__minimal.a(sprintf.c.obj)
                0x000000000001ff9c                snprintf
 .text.nordicsemi_nrf91_init
                0x000000000001ffd0       0x10 zephyr/soc/soc/nrf9151/libsoc__nordic.a(soc.c.obj)
 .text.arch_busy_wait
                0x000000000001ffe0       0x14 zephyr/soc/soc/nrf9151/libsoc__nordic.a(soc.c.obj)
                0x000000000001ffe0                arch_busy_wait
 .text.sys_arch_reboot
                0x000000000001fff4       0x24 zephyr/soc/soc/nrf9151/libsoc__nordic.a(reboot.c.obj)
                0x000000000001fff4                sys_arch_reboot
 .text.onoff_stop
                0x0000000000020018       0x30 zephyr/drivers/clock_control/libdrivers__clock_control.a(clock_control_nrf.c.obj)
 .text.onoff_start
                0x0000000000020048       0x44 zephyr/drivers/clock_control/libdrivers__clock_control.a(clock_control_nrf.c.obj)
 .text.generic_hfclk_stop
                0x000000000002008c       0x34 zephyr/drivers/clock_control/libdrivers__clock_control.a(clock_control_nrf.c.obj)
 .text.clk_init
                0x00000000000200c0       0x58 zephyr/drivers/clock_control/libdrivers__clock_control.a(clock_control_nrf.c.obj)
 .text.api_blocking_start
                0x0000000000020118       0x34 zephyr/drivers/clock_control/libdrivers__clock_control.a(clock_control_nrf.c.obj)
 .text.clkstarted_handle.constprop.0
                0x000000000002014c       0x4c zephyr/drivers/clock_control/libdrivers__clock_control.a(clock_control_nrf.c.obj)
 .text.generic_hfclk_start
                0x0000000000020198       0x78 zephyr/drivers/clock_control/libdrivers__clock_control.a(clock_control_nrf.c.obj)
 .text.clock_event_handler
                0x0000000000020210       0x1c zephyr/drivers/clock_control/libdrivers__clock_control.a(clock_control_nrf.c.obj)
 .text.z_nrf_clock_control_lf_on
                0x000000000002022c       0xf8 zephyr/drivers/clock_control/libdrivers__clock_control.a(clock_control_nrf.c.obj)
                0x000000000002022c                z_nrf_clock_control_lf_on
 .text.jesd216_bfp_decode_dw16
                0x0000000000020324       0x40 zephyr/drivers/flash/libdrivers__flash.a(jesd216.c.obj)
                0x0000000000020324                jesd216_bfp_decode_dw16
 .text.flash_nrf_pages_layout
                0x0000000000020364       0x10 zephyr/drivers/flash/libdrivers__flash.a(soc_flash_nrf.c.obj)
 .text.flash_nrf_get_parameters
                0x0000000000020374        0x8 zephyr/drivers/flash/libdrivers__flash.a(soc_flash_nrf.c.obj)
 .text.nrf_flash_init
                0x000000000002037c       0x28 zephyr/drivers/flash/libdrivers__flash.a(soc_flash_nrf.c.obj)
 .text.flash_nrf_erase
                0x00000000000203a4       0x64 zephyr/drivers/flash/libdrivers__flash.a(soc_flash_nrf.c.obj)
 .text.flash_nrf_write
                0x0000000000020408       0x64 zephyr/drivers/flash/libdrivers__flash.a(soc_flash_nrf.c.obj)
 .text.flash_nor_get_parameters
                0x000000000002046c        0x8 zephyr/drivers/flash/libdrivers__flash.a(spi_nor.c.obj)
 .text.gpio_nrfx_init
                0x0000000000020474       0x48 zephyr/drivers/gpio/libdrivers__gpio.a(gpio_nrfx.c.obj)
 .text.nrfx_gpio_handler
                0x00000000000204bc       0x3c zephyr/drivers/gpio/libdrivers__gpio.a(gpio_nrfx.c.obj)
 .text.gpio_nrfx_pin_configure
                0x00000000000204f8      0x17c zephyr/drivers/gpio/libdrivers__gpio.a(gpio_nrfx.c.obj)
 .text.gpio_nrfx_pin_interrupt_configure
                0x0000000000020674       0xf4 zephyr/drivers/gpio/libdrivers__gpio.a(gpio_nrfx.c.obj)
 .text.pinctrl_configure_pins
                0x0000000000020768      0x17c zephyr/drivers/pinctrl/libdrivers__pinctrl.a(pinctrl_nrf.c.obj)
                0x0000000000020768                pinctrl_configure_pins
 .text.uarte_nrfx_poll_out
                0x00000000000208e4       0xb4 zephyr/drivers/serial/libdrivers__serial.a(uart_nrfx_uarte.c.obj)
 .text.uarte_instance_init.constprop.0
                0x0000000000020998       0xf8 zephyr/drivers/serial/libdrivers__serial.a(uart_nrfx_uarte.c.obj)
 .text.transfer_next_chunk
                0x0000000000020a90       0xd0 zephyr/drivers/spi/libdrivers__spi.a(spi_nrfx_spim.c.obj)
 .text.spi_nrfx_transceive
                0x0000000000020b60      0x30c zephyr/drivers/spi/libdrivers__spi.a(spi_nrfx_spim.c.obj)
 .text.spi_nrfx_wake_init
                0x0000000000020e6c       0x60 zephyr/drivers/spi/libdrivers__spi.a(spi_nrfx_common.c.obj)
                0x0000000000020e6c                spi_nrfx_wake_init
 .text.spi_nrfx_wake_request
                0x0000000000020ecc       0x88 zephyr/drivers/spi/libdrivers__spi.a(spi_nrfx_common.c.obj)
                0x0000000000020ecc                spi_nrfx_wake_request
 .text.compare_int_lock
                0x0000000000020f54       0x40 zephyr/drivers/timer/libdrivers__timer.a(nrf_rtc_timer.c.obj)
 .text.sys_clock_timeout_handler
                0x0000000000020f94       0x48 zephyr/drivers/timer/libdrivers__timer.a(nrf_rtc_timer.c.obj)
 .text.compare_int_unlock
                0x0000000000020fdc       0x4c zephyr/drivers/timer/libdrivers__timer.a(nrf_rtc_timer.c.obj)
 .text.z_nrf_rtc_timer_read
                0x0000000000021028       0x44 zephyr/drivers/timer/libdrivers__timer.a(nrf_rtc_timer.c.obj)
                0x0000000000021028                z_nrf_rtc_timer_read
 .text.compare_set
                0x000000000002106c      0x124 zephyr/drivers/timer/libdrivers__timer.a(nrf_rtc_timer.c.obj)
 .text.sys_clock_driver_init
                0x0000000000021190       0x90 zephyr/drivers/timer/libdrivers__timer.a(nrf_rtc_timer.c.obj)
 .text.rtc_nrf_isr
                0x0000000000021220       0xd0 zephyr/drivers/timer/libdrivers__timer.a(nrf_rtc_timer.c.obj)
                0x0000000000021220                rtc_nrf_isr
 .text.sys_clock_set_timeout
                0x00000000000212f0       0x5c zephyr/drivers/timer/libdrivers__timer.a(nrf_rtc_timer.c.obj)
                0x00000000000212f0                sys_clock_set_timeout
 .text.sys_clock_elapsed
                0x000000000002134c       0x14 zephyr/drivers/timer/libdrivers__timer.a(nrf_rtc_timer.c.obj)
                0x000000000002134c                sys_clock_elapsed
 .text.sys_clock_disable
                0x0000000000021360       0x30 zephyr/drivers/timer/libdrivers__timer.a(nrf_rtc_timer.c.obj)
                0x0000000000021360                sys_clock_disable
 .text.fprotect_area
                0x0000000000021390       0x3c modules/nrf/lib/fprotect/lib..__nrf__lib__fprotect.a(fprotect_spu.c.obj)
                0x0000000000021390                fprotect_area
 .text.bl_sha256_init
                0x00000000000213cc       0x1c modules/nrf/subsys/bootloader/bl_crypto/lib..__nrf__subsys__bootloader__bl_crypto.a(bl_crypto_client.c.obj)
                0x00000000000213cc                bl_sha256_init
 .text.bl_sha256_update
                0x00000000000213e8        0xc modules/nrf/subsys/bootloader/bl_crypto/lib..__nrf__subsys__bootloader__bl_crypto.a(bl_crypto_client.c.obj)
                0x00000000000213e8                bl_sha256_update
 .text.bl_sha256_finalize
                0x00000000000213f4        0xc modules/nrf/subsys/bootloader/bl_crypto/lib..__nrf__subsys__bootloader__bl_crypto.a(bl_crypto_client.c.obj)
                0x00000000000213f4                bl_sha256_finalize
 .text.bl_secp256r1_validate
                0x0000000000021400       0x14 modules/nrf/subsys/bootloader/bl_crypto/lib..__nrf__subsys__bootloader__bl_crypto.a(bl_crypto_client.c.obj)
                0x0000000000021400                bl_secp256r1_validate
 .text.check_ext_api_requests
                0x0000000000021414       0xa4 modules/nrf/subsys/fw_info/lib..__nrf__subsys__fw_info.a(fw_info.c.obj)
 .text.boot_write_magic
                0x00000000000214b8       0x40 modules/mcuboot/boot/bootutil/zephyr/libmcuboot_util.a(bootutil_public.c.obj)
                0x00000000000214b8                boot_write_magic
 .text.boot_read_swap_state
                0x00000000000214f8       0xac modules/mcuboot/boot/bootutil/zephyr/libmcuboot_util.a(bootutil_public.c.obj)
                0x00000000000214f8                boot_read_swap_state
 .text.boot_swap_type_multi
                0x00000000000215a4      0x100 modules/mcuboot/boot/bootutil/zephyr/libmcuboot_util.a(bootutil_public.c.obj)
                0x00000000000215a4                boot_swap_type_multi
 .text.boot_set_pending_multi
                0x00000000000216a4       0x38 modules/mcuboot/boot/bootutil/zephyr/libmcuboot_util.a(bootutil_public.c.obj)
                0x00000000000216a4                boot_set_pending_multi
 .text.uicr_HFXOCNT_erased
                0x00000000000216dc       0x40 modules/hal_nordic/modules/hal_nordic/nrfx/libmodules__hal_nordic__nrfx.a(system_nrf91.c.obj)
 .text.uicr_HFXOSRC_erased
                0x000000000002171c       0x3c modules/hal_nordic/modules/hal_nordic/nrfx/libmodules__hal_nordic__nrfx.a(system_nrf91.c.obj)
 .text.SystemInit
                0x0000000000021758      0x1bc modules/hal_nordic/modules/hal_nordic/nrfx/libmodules__hal_nordic__nrfx.a(system_nrf91.c.obj)
                0x0000000000021758                SystemInit
 .text.nrfx_flag32_alloc
                0x0000000000021914       0x40 modules/hal_nordic/modules/hal_nordic/nrfx/libmodules__hal_nordic__nrfx.a(nrfx_flag32_allocator.c.obj)
                0x0000000000021914                nrfx_flag32_alloc
 .text.nrfx_flag32_free
                0x0000000000021954       0x38 modules/hal_nordic/modules/hal_nordic/nrfx/libmodules__hal_nordic__nrfx.a(nrfx_flag32_allocator.c.obj)
                0x0000000000021954                nrfx_flag32_free
 .text.nrfx_gppi_channels_enable
                0x000000000002198c        0xc modules/hal_nordic/modules/hal_nordic/nrfx/libmodules__hal_nordic__nrfx.a(nrfx_gppi_dppi.c.obj)
                0x000000000002198c                nrfx_gppi_channels_enable
 .text.nrfx_gppi_channel_alloc
                0x0000000000021998        0xc modules/hal_nordic/modules/hal_nordic/nrfx/libmodules__hal_nordic__nrfx.a(nrfx_gppi_dppi.c.obj)
                0x0000000000021998                nrfx_gppi_channel_alloc
 .text.nrfx_clock_init
                0x00000000000219a4       0x20 modules/hal_nordic/modules/hal_nordic/nrfx/libmodules__hal_nordic__nrfx.a(nrfx_clock.c.obj)
                0x00000000000219a4                nrfx_clock_init
 .text.nrfx_clock_enable
                0x00000000000219c4       0x28 modules/hal_nordic/modules/hal_nordic/nrfx/libmodules__hal_nordic__nrfx.a(nrfx_clock.c.obj)
                0x00000000000219c4                nrfx_clock_enable
 .text.nrfx_clock_start
                0x00000000000219ec       0xb0 modules/hal_nordic/modules/hal_nordic/nrfx/libmodules__hal_nordic__nrfx.a(nrfx_clock.c.obj)
                0x00000000000219ec                nrfx_clock_start
 .text.nrfx_power_clock_irq_handler
                0x0000000000021a9c       0x70 modules/hal_nordic/modules/hal_nordic/nrfx/libmodules__hal_nordic__nrfx.a(nrfx_clock.c.obj)
                0x0000000000021a9c                nrfx_power_clock_irq_handler
 .text.nrfx_dppi_channel_alloc
                0x0000000000021b0c       0x10 modules/hal_nordic/modules/hal_nordic/nrfx/libmodules__hal_nordic__nrfx.a(nrfx_dppi.c.obj)
                0x0000000000021b0c                nrfx_dppi_channel_alloc
 .text.nrf_gpio_pin_port_decode
                0x0000000000021b1c       0x18 modules/hal_nordic/modules/hal_nordic/nrfx/libmodules__hal_nordic__nrfx.a(nrfx_gpiote.c.obj)
 .text.call_handler.constprop.0
                0x0000000000021b34       0x3c modules/hal_nordic/modules/hal_nordic/nrfx/libmodules__hal_nordic__nrfx.a(nrfx_gpiote.c.obj)
 .text.latch_pending_read_and_check
                0x0000000000021b70       0x1c modules/hal_nordic/modules/hal_nordic/nrfx/libmodules__hal_nordic__nrfx.a(nrfx_gpiote.c.obj)
 .text.release_handler.isra.0
                0x0000000000021b8c       0x54 modules/hal_nordic/modules/hal_nordic/nrfx/libmodules__hal_nordic__nrfx.a(nrfx_gpiote.c.obj)
 .text.__nrfy_internal_gpiote_events_process.constprop.0
                0x0000000000021be0       0x5c modules/hal_nordic/modules/hal_nordic/nrfx/libmodules__hal_nordic__nrfx.a(nrfx_gpiote.c.obj)
 .text.pin_in_event_get.isra.0
                0x0000000000021c3c       0x20 modules/hal_nordic/modules/hal_nordic/nrfx/libmodules__hal_nordic__nrfx.a(nrfx_gpiote.c.obj)
 .text.pin_trigger_disable
                0x0000000000021c5c       0x40 modules/hal_nordic/modules/hal_nordic/nrfx/libmodules__hal_nordic__nrfx.a(nrfx_gpiote.c.obj)
 .text.pin_uninit
                0x0000000000021c9c       0x78 modules/hal_nordic/modules/hal_nordic/nrfx/libmodules__hal_nordic__nrfx.a(nrfx_gpiote.c.obj)
 .text.nrfx_gpiote_input_configure
                0x0000000000021d14      0x15c modules/hal_nordic/modules/hal_nordic/nrfx/libmodules__hal_nordic__nrfx.a(nrfx_gpiote.c.obj)
                0x0000000000021d14                nrfx_gpiote_input_configure
 .text.nrfx_gpiote_output_configure
                0x0000000000021e70       0xf0 modules/hal_nordic/modules/hal_nordic/nrfx/libmodules__hal_nordic__nrfx.a(nrfx_gpiote.c.obj)
                0x0000000000021e70                nrfx_gpiote_output_configure
 .text.nrfx_gpiote_global_callback_set
                0x0000000000021f60        0xc modules/hal_nordic/modules/hal_nordic/nrfx/libmodules__hal_nordic__nrfx.a(nrfx_gpiote.c.obj)
                0x0000000000021f60                nrfx_gpiote_global_callback_set
 .text.nrfx_gpiote_channel_get
                0x0000000000021f6c       0x24 modules/hal_nordic/modules/hal_nordic/nrfx/libmodules__hal_nordic__nrfx.a(nrfx_gpiote.c.obj)
                0x0000000000021f6c                nrfx_gpiote_channel_get
 .text.nrfx_gpiote_init
                0x0000000000021f90       0x64 modules/hal_nordic/modules/hal_nordic/nrfx/libmodules__hal_nordic__nrfx.a(nrfx_gpiote.c.obj)
                0x0000000000021f90                nrfx_gpiote_init
 .text.nrfx_gpiote_init_check
                0x0000000000021ff4       0x14 modules/hal_nordic/modules/hal_nordic/nrfx/libmodules__hal_nordic__nrfx.a(nrfx_gpiote.c.obj)
                0x0000000000021ff4                nrfx_gpiote_init_check
 .text.nrfx_gpiote_channel_free
                0x0000000000022008        0xc modules/hal_nordic/modules/hal_nordic/nrfx/libmodules__hal_nordic__nrfx.a(nrfx_gpiote.c.obj)
                0x0000000000022008                nrfx_gpiote_channel_free
 .text.nrfx_gpiote_channel_alloc
                0x0000000000022014        0xc modules/hal_nordic/modules/hal_nordic/nrfx/libmodules__hal_nordic__nrfx.a(nrfx_gpiote.c.obj)
                0x0000000000022014                nrfx_gpiote_channel_alloc
 .text.nrfx_gpiote_trigger_enable
                0x0000000000022020       0x94 modules/hal_nordic/modules/hal_nordic/nrfx/libmodules__hal_nordic__nrfx.a(nrfx_gpiote.c.obj)
                0x0000000000022020                nrfx_gpiote_trigger_enable
 .text.nrfx_gpiote_0_irq_handler
                0x00000000000220b4      0x15c modules/hal_nordic/modules/hal_nordic/nrfx/libmodules__hal_nordic__nrfx.a(nrfx_gpiote.c.obj)
                0x00000000000220b4                nrfx_gpiote_0_irq_handler
 .text.nvmc_readonly_mode_set
                0x0000000000022210       0x14 modules/hal_nordic/modules/hal_nordic/nrfx/libmodules__hal_nordic__nrfx.a(nrfx_nvmc.c.obj)
 .text.nvmc_word_write
                0x0000000000022224       0x18 modules/hal_nordic/modules/hal_nordic/nrfx/libmodules__hal_nordic__nrfx.a(nrfx_nvmc.c.obj)
 .text.nrfx_nvmc_page_erase
                0x000000000002223c       0x3c modules/hal_nordic/modules/hal_nordic/nrfx/libmodules__hal_nordic__nrfx.a(nrfx_nvmc.c.obj)
                0x000000000002223c                nrfx_nvmc_page_erase
 .text.nrfx_nvmc_word_write
                0x0000000000022278       0x20 modules/hal_nordic/modules/hal_nordic/nrfx/libmodules__hal_nordic__nrfx.a(nrfx_nvmc.c.obj)
                0x0000000000022278                nrfx_nvmc_word_write
 .text.nrf_gpio_pin_set
                0x0000000000022298       0x18 modules/hal_nordic/modules/hal_nordic/nrfx/libmodules__hal_nordic__nrfx.a(nrfx_spim.c.obj)
 .text.spim_frequency_valid_check.constprop.0
                0x00000000000222b0       0x50 modules/hal_nordic/modules/hal_nordic/nrfx/libmodules__hal_nordic__nrfx.a(nrfx_spim.c.obj)
 .text.spim_pin_uninit
                0x0000000000022300       0x38 modules/hal_nordic/modules/hal_nordic/nrfx/libmodules__hal_nordic__nrfx.a(nrfx_spim.c.obj)
 .text.nrf_gpio_pin_clear
                0x0000000000022338       0x18 modules/hal_nordic/modules/hal_nordic/nrfx/libmodules__hal_nordic__nrfx.a(nrfx_spim.c.obj)
 .text.pin_init.constprop.0
                0x0000000000022350       0x54 modules/hal_nordic/modules/hal_nordic/nrfx/libmodules__hal_nordic__nrfx.a(nrfx_spim.c.obj)
 .text.spim_configure
                0x00000000000223a4      0x164 modules/hal_nordic/modules/hal_nordic/nrfx/libmodules__hal_nordic__nrfx.a(nrfx_spim.c.obj)
 .text.nrfx_spim_init
                0x0000000000022508       0x68 modules/hal_nordic/modules/hal_nordic/nrfx/libmodules__hal_nordic__nrfx.a(nrfx_spim.c.obj)
                0x0000000000022508                nrfx_spim_init
 .text.nrfx_spim_uninit
                0x0000000000022570       0x78 modules/hal_nordic/modules/hal_nordic/nrfx/libmodules__hal_nordic__nrfx.a(nrfx_spim.c.obj)
                0x0000000000022570                nrfx_spim_uninit
 .text.nrfx_spim_xfer
                0x00000000000225e8      0x168 modules/hal_nordic/modules/hal_nordic/nrfx/libmodules__hal_nordic__nrfx.a(nrfx_spim.c.obj)
                0x00000000000225e8                nrfx_spim_xfer
 .text.nrfx_spim_3_irq_handler
                0x0000000000022750       0x54 modules/hal_nordic/modules/hal_nordic/nrfx/libmodules__hal_nordic__nrfx.a(nrfx_spim.c.obj)
                0x0000000000022750                nrfx_spim_3_irq_handler
 .text.value_encode_len
                0x00000000000227a4       0x60 modules/zcbor/libmodules__zcbor.a(zcbor_encode.c.obj)
 .text.z_fatal_error
                0x0000000000022804       0x30 zephyr/kernel/libkernel.a(fatal.c.obj)
                0x0000000000022804                z_fatal_error
 .text.z_sys_init_run_level
                0x0000000000022834       0x2c zephyr/kernel/libkernel.a(init.c.obj)
 .text.bg_thread_main
                0x0000000000022860       0xc4 zephyr/kernel/libkernel.a(init.c.obj)
 .text.z_bss_zero
                0x0000000000022924       0x18 zephyr/kernel/libkernel.a(init.c.obj)
                0x0000000000022924                z_bss_zero
 .text.z_init_cpu
                0x000000000002293c       0x68 zephyr/kernel/libkernel.a(init.c.obj)
                0x000000000002293c                z_init_cpu
 .text.z_cstart
                0x00000000000229a4       0xd4 zephyr/kernel/libkernel.a(init.c.obj)
                0x00000000000229a4                z_cstart
 .text.init_mem_slab_obj_core_list
                0x0000000000022a78       0x24 zephyr/kernel/libkernel.a(mem_slab.c.obj)
 .text.k_mem_slab_alloc
                0x0000000000022a9c       0x5c zephyr/kernel/libkernel.a(mem_slab.c.obj)
                0x0000000000022a9c                k_mem_slab_alloc
 .text.z_impl_k_mutex_lock
                0x0000000000022af8       0xf0 zephyr/kernel/libkernel.a(mutex.c.obj)
                0x0000000000022af8                z_impl_k_mutex_lock
 .text.z_impl_k_mutex_unlock
                0x0000000000022be8       0xa0 zephyr/kernel/libkernel.a(mutex.c.obj)
                0x0000000000022be8                z_impl_k_mutex_unlock
 .text.z_impl_k_sem_give
                0x0000000000022c88       0x68 zephyr/kernel/libkernel.a(sem.c.obj)
                0x0000000000022c88                z_impl_k_sem_give
 .text.z_impl_k_sem_take
                0x0000000000022cf0       0x4c zephyr/kernel/libkernel.a(sem.c.obj)
                0x0000000000022cf0                z_impl_k_sem_take
 .text.z_impl_k_sem_reset
                0x0000000000022d3c       0x60 zephyr/kernel/libkernel.a(sem.c.obj)
                0x0000000000022d3c                z_impl_k_sem_reset
 .text.z_setup_new_thread
                0x0000000000022d9c       0x60 zephyr/kernel/libkernel.a(thread.c.obj)
                0x0000000000022d9c                z_setup_new_thread
 .text.z_swap_irqlock
                0x0000000000022dfc       0x30 zephyr/kernel/libkernel.a(sched.c.obj)
 .text.ready_thread
                0x0000000000022e2c       0x90 zephyr/kernel/libkernel.a(sched.c.obj)
 .text.unready_thread
                0x0000000000022ebc       0x54 zephyr/kernel/libkernel.a(sched.c.obj)
 .text.move_thread_to_end_of_prio_q
                0x0000000000022f10       0x90 zephyr/kernel/libkernel.a(sched.c.obj)
                0x0000000000022f10                move_thread_to_end_of_prio_q
 .text.z_pend_curr
                0x0000000000022fa0       0x58 zephyr/kernel/libkernel.a(sched.c.obj)
                0x0000000000022fa0                z_pend_curr
 .text.z_thread_prio_set
                0x0000000000022ff8       0x9c zephyr/kernel/libkernel.a(sched.c.obj)
                0x0000000000022ff8                z_thread_prio_set
 .text.z_reschedule
                0x0000000000023094       0x24 zephyr/kernel/libkernel.a(sched.c.obj)
                0x0000000000023094                z_reschedule
 .text.z_reschedule_irqlock
                0x00000000000230b8       0x28 zephyr/kernel/libkernel.a(sched.c.obj)
                0x00000000000230b8                z_reschedule_irqlock
 .text.k_sched_lock
                0x00000000000230e0       0x28 zephyr/kernel/libkernel.a(sched.c.obj)
                0x00000000000230e0                k_sched_lock
 .text.k_sched_unlock
                0x0000000000023108       0x68 zephyr/kernel/libkernel.a(sched.c.obj)
                0x0000000000023108                k_sched_unlock
 .text.z_sched_init
                0x0000000000023170       0x10 zephyr/kernel/libkernel.a(sched.c.obj)
                0x0000000000023170                z_sched_init
 .text.z_impl_k_yield
                0x0000000000023180       0x88 zephyr/kernel/libkernel.a(sched.c.obj)
                0x0000000000023180                z_impl_k_yield
 .text.z_tick_sleep
                0x0000000000023208       0x80 zephyr/kernel/libkernel.a(sched.c.obj)
 .text.z_impl_k_wakeup
                0x0000000000023288       0x4c zephyr/kernel/libkernel.a(sched.c.obj)
                0x0000000000023288                z_impl_k_wakeup
 .text.z_impl_k_sched_current_thread_query
                0x00000000000232d4        0xc zephyr/kernel/libkernel.a(sched.c.obj)
                0x00000000000232d4                z_impl_k_sched_current_thread_query
 .text.z_thread_abort
                0x00000000000232e0      0x110 zephyr/kernel/libkernel.a(sched.c.obj)
                0x00000000000232e0                z_thread_abort
 .text.slice_timeout
                0x00000000000233f0       0x20 zephyr/kernel/libkernel.a(timeslicing.c.obj)
 .text.thread_is_sliceable
                0x0000000000023410       0x3c zephyr/kernel/libkernel.a(timeslicing.c.obj)
                0x0000000000023410                thread_is_sliceable
 .text.z_reset_time_slice
                0x000000000002344c       0x50 zephyr/kernel/libkernel.a(timeslicing.c.obj)
                0x000000000002344c                z_reset_time_slice
 .text.z_time_slice
                0x000000000002349c       0x60 zephyr/kernel/libkernel.a(timeslicing.c.obj)
                0x000000000002349c                z_time_slice
 .text.z_data_copy
                0x00000000000234fc       0x38 zephyr/kernel/libkernel.a(xip.c.obj)
                0x00000000000234fc                z_data_copy
 .text.first    0x0000000000023534       0x10 zephyr/kernel/libkernel.a(timeout.c.obj)
 .text.elapsed  0x0000000000023544       0x14 zephyr/kernel/libkernel.a(timeout.c.obj)
 .text.remove_timeout
                0x0000000000023558       0x38 zephyr/kernel/libkernel.a(timeout.c.obj)
 .text.z_add_timeout
                0x0000000000023590       0xec zephyr/kernel/libkernel.a(timeout.c.obj)
                0x0000000000023590                z_add_timeout
 .text.sys_clock_announce
                0x000000000002367c       0xbc zephyr/kernel/libkernel.a(timeout.c.obj)
                0x000000000002367c                sys_clock_announce
 .text.sys_clock_tick_get
                0x0000000000023738       0x30 zephyr/kernel/libkernel.a(timeout.c.obj)
                0x0000000000023738                sys_clock_tick_get
 .text.nrf_cc3xx_platform_init_no_rng
                0x0000000000023768       0x38 /opt/nordic/ncs/v3.0.0/nrfxlib/crypto/nrf_cc310_platform/lib/cortex-m33/soft-float/no-interrupts/libnrf_cc310_platform_0.9.19.a(nrf_cc3xx_platform.c.obj)
                0x0000000000023768                nrf_cc3xx_platform_init_no_rng
 .text.nrf_cc3xx_platform_abort
                0x00000000000237a0       0x24 /opt/nordic/ncs/v3.0.0/nrfxlib/crypto/nrf_cc310_platform/lib/cortex-m33/soft-float/no-interrupts/libnrf_cc310_platform_0.9.19.a(nrf_cc3xx_platform_abort.c.obj)
 .text.CC_PalAbort
                0x00000000000237c4       0x34 /opt/nordic/ncs/v3.0.0/nrfxlib/crypto/nrf_cc310_platform/lib/cortex-m33/soft-float/no-interrupts/libnrf_cc310_platform_0.9.19.a(nrf_cc3xx_platform_abort.c.obj)
                0x00000000000237c4                CC_PalAbort
 .text.nrf_cc3xx_platform_set_abort
                0x00000000000237f8       0x10 /opt/nordic/ncs/v3.0.0/nrfxlib/crypto/nrf_cc310_platform/lib/cortex-m33/soft-float/no-interrupts/libnrf_cc310_platform_0.9.19.a(nrf_cc3xx_platform_abort.c.obj)
                0x00000000000237f8                nrf_cc3xx_platform_set_abort
 .text.mutex_free
                0x0000000000023808       0x34 /opt/nordic/ncs/v3.0.0/nrfxlib/crypto/nrf_cc310_platform/lib/cortex-m33/soft-float/no-interrupts/libnrf_cc310_platform_0.9.19.a(nrf_cc3xx_platform_mutex.c.obj)
 .text.mutex_lock
                0x000000000002383c       0x48 /opt/nordic/ncs/v3.0.0/nrfxlib/crypto/nrf_cc310_platform/lib/cortex-m33/soft-float/no-interrupts/libnrf_cc310_platform_0.9.19.a(nrf_cc3xx_platform_mutex.c.obj)
 .text.mutex_unlock
                0x0000000000023884       0x38 /opt/nordic/ncs/v3.0.0/nrfxlib/crypto/nrf_cc310_platform/lib/cortex-m33/soft-float/no-interrupts/libnrf_cc310_platform_0.9.19.a(nrf_cc3xx_platform_mutex.c.obj)
 .text.mutex_init
                0x00000000000238bc       0x20 /opt/nordic/ncs/v3.0.0/nrfxlib/crypto/nrf_cc310_platform/lib/cortex-m33/soft-float/no-interrupts/libnrf_cc310_platform_0.9.19.a(nrf_cc3xx_platform_mutex.c.obj)
 .text.nrf_cc3xx_platform_set_mutexes
                0x00000000000238dc       0x78 /opt/nordic/ncs/v3.0.0/nrfxlib/crypto/nrf_cc310_platform/lib/cortex-m33/soft-float/no-interrupts/libnrf_cc310_platform_0.9.19.a(nrf_cc3xx_platform_mutex.c.obj)
                0x00000000000238dc                nrf_cc3xx_platform_set_mutexes
 .text.CC_LibInitNoRng
                0x0000000000023954       0x64 /opt/nordic/ncs/v3.0.0/nrfxlib/crypto/nrf_cc310_platform/lib/cortex-m33/soft-float/no-interrupts/libnrf_cc310_platform_0.9.19.a(cc_lib.c.obj)
                0x0000000000023954                CC_LibInitNoRng
 .text.CC_HalInit
                0x00000000000239b8        0x4 /opt/nordic/ncs/v3.0.0/nrfxlib/crypto/nrf_cc310_platform/lib/cortex-m33/soft-float/no-interrupts/libnrf_cc310_platform_0.9.19.a(cc_hal.c.obj)
                0x00000000000239b8                CC_HalInit
 .text.CC_HalTerminate
                0x00000000000239bc        0x4 /opt/nordic/ncs/v3.0.0/nrfxlib/crypto/nrf_cc310_platform/lib/cortex-m33/soft-float/no-interrupts/libnrf_cc310_platform_0.9.19.a(cc_hal.c.obj)
                0x00000000000239bc                CC_HalTerminate
 .text.CC_HalMaskInterrupt
                0x00000000000239c0        0xc /opt/nordic/ncs/v3.0.0/nrfxlib/crypto/nrf_cc310_platform/lib/cortex-m33/soft-float/no-interrupts/libnrf_cc310_platform_0.9.19.a(cc_hal.c.obj)
                0x00000000000239c0                CC_HalMaskInterrupt
 .text.CC_PalInit
                0x00000000000239cc       0x5c /opt/nordic/ncs/v3.0.0/nrfxlib/crypto/nrf_cc310_platform/lib/cortex-m33/soft-float/no-interrupts/libnrf_cc310_platform_0.9.19.a(cc_pal.c.obj)
                0x00000000000239cc                CC_PalInit
 .text.CC_PalTerminate
                0x0000000000023a28       0x34 /opt/nordic/ncs/v3.0.0/nrfxlib/crypto/nrf_cc310_platform/lib/cortex-m33/soft-float/no-interrupts/libnrf_cc310_platform_0.9.19.a(cc_pal.c.obj)
                0x0000000000023a28                CC_PalTerminate
 .text.CC_PalDmaInit
                0x0000000000023a5c        0x4 /opt/nordic/ncs/v3.0.0/nrfxlib/crypto/nrf_cc310_platform/lib/cortex-m33/soft-float/no-interrupts/libnrf_cc310_platform_0.9.19.a(cc_pal_dma.c.obj)
                0x0000000000023a5c                CC_PalDmaInit
 .text.CC_PalDmaTerminate
                0x0000000000023a60        0x4 /opt/nordic/ncs/v3.0.0/nrfxlib/crypto/nrf_cc310_platform/lib/cortex-m33/soft-float/no-interrupts/libnrf_cc310_platform_0.9.19.a(cc_pal_dma.c.obj)
                0x0000000000023a60                CC_PalDmaTerminate
 .text.CC_PalMutexCreate
                0x0000000000023a64       0x14 /opt/nordic/ncs/v3.0.0/nrfxlib/crypto/nrf_cc310_platform/lib/cortex-m33/soft-float/no-interrupts/libnrf_cc310_platform_0.9.19.a(cc_pal_mutex.c.obj)
                0x0000000000023a64                CC_PalMutexCreate
 .text.CC_PalMutexDestroy
                0x0000000000023a78       0x14 /opt/nordic/ncs/v3.0.0/nrfxlib/crypto/nrf_cc310_platform/lib/cortex-m33/soft-float/no-interrupts/libnrf_cc310_platform_0.9.19.a(cc_pal_mutex.c.obj)
                0x0000000000023a78                CC_PalMutexDestroy
 .text.CC_PalPowerSaveModeInit
                0x0000000000023a8c       0x3c /opt/nordic/ncs/v3.0.0/nrfxlib/crypto/nrf_cc310_platform/lib/cortex-m33/soft-float/no-interrupts/libnrf_cc310_platform_0.9.19.a(cc_pal_pm.c.obj)
                0x0000000000023a8c                CC_PalPowerSaveModeInit
 .text.CC_PalPowerSaveModeSelect
                0x0000000000023ac8       0x84 /opt/nordic/ncs/v3.0.0/nrfxlib/crypto/nrf_cc310_platform/lib/cortex-m33/soft-float/no-interrupts/libnrf_cc310_platform_0.9.19.a(cc_pal_pm.c.obj)
                0x0000000000023ac8                CC_PalPowerSaveModeSelect
 .text._OffsetAbsSyms
                0x0000000000023b4c        0x2 zephyr/CMakeFiles/offsets.dir/./arch/arm/core/offsets/offsets.c.obj
                0x0000000000023b4c                _OffsetAbsSyms
 .text.flash_area_id_from_direct_image
                0x0000000000023b4e       0x1a app/libapp.a(flash_map_extended.c.obj)
                0x0000000000023b4e                flash_area_id_from_direct_image
 .text.flash_area_get_device_id
                0x0000000000023b68        0x4 app/libapp.a(flash_map_extended.c.obj)
                0x0000000000023b68                flash_area_get_device_id
 .text.flash_area_get_sector
                0x0000000000023b6c       0x32 app/libapp.a(flash_map_extended.c.obj)
                0x0000000000023b6c                flash_area_get_sector
 .text.os_heap_init
                0x0000000000023b9e        0x2 app/libapp.a(os.c.obj)
                0x0000000000023b9e                os_heap_init
 .text.bootutil_tlv_iter_begin
                0x0000000000023ba0       0x9c app/libapp.a(tlv.c.obj)
                0x0000000000023ba0                bootutil_tlv_iter_begin
 .text.bootutil_tlv_iter_next
                0x0000000000023c3c       0x98 app/libapp.a(tlv.c.obj)
                0x0000000000023c3c                bootutil_tlv_iter_next
 .text.bootutil_tlv_iter_is_prot
                0x0000000000023cd4       0x1c app/libapp.a(tlv.c.obj)
                0x0000000000023cd4                bootutil_tlv_iter_is_prot
 .text.bootutil_read_bigint
                0x0000000000023cf0       0x58 app/libapp.a(image_ecdsa.c.obj)
 .text.boot_trailer_sz
                0x0000000000023d48        0xa app/libapp.a(bootutil_misc.c.obj)
                0x0000000000023d48                boot_trailer_sz
 .text.boot_status_off
                0x0000000000023d52       0x16 app/libapp.a(bootutil_misc.c.obj)
                0x0000000000023d52                boot_status_off
 .text.boot_read_swap_size
                0x0000000000023d68       0x1c app/libapp.a(bootutil_misc.c.obj)
                0x0000000000023d68                boot_read_swap_size
 .text.boot_write_swap_size
                0x0000000000023d84       0x1e app/libapp.a(bootutil_misc.c.obj)
                0x0000000000023d84                boot_write_swap_size
 .text.boot_read_image_size
                0x0000000000023da2       0xb0 app/libapp.a(bootutil_misc.c.obj)
                0x0000000000023da2                boot_read_image_size
 .text.fih_panic_loop
                0x0000000000023e52       0x26 app/libapp.a(fault_injection_hardening.c.obj)
                0x0000000000023e52                fih_panic_loop
 .text.close_all_flash_areas
                0x0000000000023e78       0x3c app/libapp.a(loader.c.obj)
 .text.boot_read_image_headers
                0x0000000000023eb4       0x42 app/libapp.a(loader.c.obj)
 .text.boot_status_reset
                0x0000000000023ef6       0x12 app/libapp.a(loader.c.obj)
                0x0000000000023ef6                boot_status_reset
 .text.boot_status_is_reset
                0x0000000000023f08       0x1a app/libapp.a(loader.c.obj)
                0x0000000000023f08                boot_status_is_reset
 .text.boot_erase_region
                0x0000000000023f22        0x4 app/libapp.a(loader.c.obj)
                0x0000000000023f22                boot_erase_region
 .text.swap_erase_trailer_sectors
                0x0000000000023f26       0x7a app/libapp.a(swap_misc.c.obj)
                0x0000000000023f26                swap_erase_trailer_sectors
 .text.swap_status_init
                0x0000000000023fa0       0x48 app/libapp.a(swap_misc.c.obj)
                0x0000000000023fa0                swap_status_init
 .text.find_last_idx
                0x0000000000023fe8       0x1e app/libapp.a(swap_move.c.obj)
                0x0000000000023fe8                find_last_idx
 .text.boot_status_internal_off
                0x0000000000024006       0x26 app/libapp.a(swap_move.c.obj)
                0x0000000000024006                boot_status_internal_off
 .text.boot_slots_compatible
                0x000000000002402c        0x4 app/libapp.a(swap_move.c.obj)
                0x000000000002402c                boot_slots_compatible
 .text.app_max_size
                0x0000000000024030       0x4a app/libapp.a(swap_move.c.obj)
                0x0000000000024030                app_max_size
 .text.mbedtls_asn1_get_len
                0x000000000002407a       0x98 app/libapp.a(asn1parse.c.obj)
                0x000000000002407a                mbedtls_asn1_get_len
 .text.mbedtls_asn1_get_tag
                0x0000000000024112       0x28 app/libapp.a(asn1parse.c.obj)
                0x0000000000024112                mbedtls_asn1_get_tag
 .text.mbedtls_asn1_get_bitstring_null
                0x000000000002413a       0x28 app/libapp.a(asn1parse.c.obj)
                0x000000000002413a                mbedtls_asn1_get_bitstring_null
 .text.mbedtls_asn1_get_alg
                0x0000000000024162       0x94 app/libapp.a(asn1parse.c.obj)
                0x0000000000024162                mbedtls_asn1_get_alg
 .text.crc16_itu_t
                0x00000000000241f6       0x28 zephyr/libzephyr.a(crc16_sw.c.obj)
                0x00000000000241f6                crc16_itu_t
 .text.arch_printk_char_out
                0x000000000002421e        0x4 zephyr/libzephyr.a(printk.c.obj)
                0x000000000002421e                arch_printk_char_out
 .text.printk   0x0000000000024222       0x1a zephyr/libzephyr.a(printk.c.obj)
                0x0000000000024222                printk
 .text.z_thread_entry
                0x000000000002423c       0x14 zephyr/libzephyr.a(thread_entry.c.obj)
                0x000000000002423c                z_thread_entry
 .text.process_recheck
                0x0000000000024250       0x38 zephyr/libzephyr.a(onoff.c.obj)
 .text.validate_args
                0x0000000000024288       0x20 zephyr/libzephyr.a(onoff.c.obj)
 .text.notify_one
                0x00000000000242a8       0x2c zephyr/libzephyr.a(onoff.c.obj)
 .text.transition_complete
                0x00000000000242d4       0x1a zephyr/libzephyr.a(onoff.c.obj)
 .text.onoff_manager_init
                0x00000000000242ee       0x26 zephyr/libzephyr.a(onoff.c.obj)
                0x00000000000242ee                onoff_manager_init
 .text.onoff_request
                0x0000000000024314       0xae zephyr/libzephyr.a(onoff.c.obj)
                0x0000000000024314                onoff_request
 .text.sys_notify_validate
                0x00000000000243c2       0x22 zephyr/libzephyr.a(notify.c.obj)
                0x00000000000243c2                sys_notify_validate
 .text.sys_notify_finalize
                0x00000000000243e4       0x1a zephyr/libzephyr.a(notify.c.obj)
                0x00000000000243e4                sys_notify_finalize
 .text._ConfigAbsSyms
                0x00000000000243fe        0x2 zephyr/libzephyr.a(configs.c.obj)
                0x00000000000243fe                _ConfigAbsSyms
 .text.z_log_minimal_printk
                0x0000000000024400       0x1a zephyr/libzephyr.a(log_minimal.c.obj)
                0x0000000000024400                z_log_minimal_printk
 .text.flash_area_close
                0x000000000002441a        0x2 zephyr/libzephyr.a(flash_map.c.obj)
                0x000000000002441a                flash_area_close
 .text.flash_area_read
                0x000000000002441c       0x2a zephyr/libzephyr.a(flash_map.c.obj)
                0x000000000002441c                flash_area_read
 .text.flash_area_write
                0x0000000000024446       0x2a zephyr/libzephyr.a(flash_map.c.obj)
                0x0000000000024446                flash_area_write
 .text.flash_area_erase
                0x0000000000024470       0x30 zephyr/libzephyr.a(flash_map.c.obj)
                0x0000000000024470                flash_area_erase
 .text.flash_area_align
                0x00000000000244a0        0xe zephyr/libzephyr.a(flash_map.c.obj)
                0x00000000000244a0                flash_area_align
 .text.flash_area_erased_val
                0x00000000000244ae        0xe zephyr/libzephyr.a(flash_map.c.obj)
                0x00000000000244ae                flash_area_erased_val
 .text.get_sectors_cb
                0x00000000000244bc       0x44 zephyr/libzephyr.a(flash_map_layout.c.obj)
 .text.flash_area_get_sectors
                0x0000000000024500       0x32 zephyr/libzephyr.a(flash_map_layout.c.obj)
                0x0000000000024500                flash_area_get_sectors
 .text.abort_function
                0x0000000000024532        0x8 zephyr/libzephyr.a(nrf_cc3xx_platform_abort_zephyr.c.obj)
 .text.console_write
                0x000000000002453a       0x1c zephyr/libzephyr.a(serial_adapter.c.obj)
                0x000000000002453a                console_write
 .text.boot_serial_get_hash
                0x0000000000024556       0x5a zephyr/libzephyr.a(boot_serial.c.obj)
 .text.zcbor_map_decode_bulk
                0x00000000000245b0       0xa4 zephyr/libzephyr.a(zcbor_bulk.c.obj)
                0x00000000000245b0                zcbor_map_decode_bulk
 .text.z_arm_fatal_error
                0x0000000000024654        0xc zephyr/arch/arch/arm/core/libarch__arm__core.a(fatal.c.obj)
                0x0000000000024654                z_arm_fatal_error
 .text.z_do_kernel_oops
                0x0000000000024660        0x8 zephyr/arch/arch/arm/core/libarch__arm__core.a(fatal.c.obj)
                0x0000000000024660                z_do_kernel_oops
 .text.z_arm_nmi
                0x0000000000024668        0xe zephyr/arch/arch/arm/core/libarch__arm__core.a(nmi.c.obj)
                0x0000000000024668                z_arm_nmi
 .text.z_irq_spurious
                0x0000000000024676        0x8 zephyr/arch/arch/arm/core/cortex_m/libarch__arm__core__cortex_m.a(irq_manage.c.obj)
                0x0000000000024676                z_irq_spurious
 .text.configure_builtin_stack_guard
                0x000000000002467e        0x8 zephyr/arch/arch/arm/core/cortex_m/libarch__arm__core__cortex_m.a(thread.c.obj)
                0x000000000002467e                configure_builtin_stack_guard
 .text.arch_irq_unlock_outlined
                0x0000000000024686        0xe zephyr/arch/arch/arm/core/cortex_m/libarch__arm__core__cortex_m.a(thread.c.obj)
                0x0000000000024686                arch_irq_unlock_outlined
 .text.arch_cpu_idle
                0x0000000000024694       0x1a zephyr/arch/arch/arm/core/cortex_m/libarch__arm__core__cortex_m.a(cpu_idle.c.obj)
                0x0000000000024694                arch_cpu_idle
 .text.arch_cpu_atomic_idle
                0x00000000000246ae       0x1e zephyr/arch/arch/arm/core/cortex_m/libarch__arm__core__cortex_m.a(cpu_idle.c.obj)
                0x00000000000246ae                arch_cpu_atomic_idle
 .text.strlen   0x00000000000246cc        0xe zephyr/lib/libc/minimal/liblib__libc__minimal.a(string.c.obj)
                0x00000000000246cc                strlen
 .text.memcmp   0x00000000000246da       0x20 zephyr/lib/libc/minimal/liblib__libc__minimal.a(string.c.obj)
                0x00000000000246da                memcmp
 .text.memmove  0x00000000000246fa       0x2e zephyr/lib/libc/minimal/liblib__libc__minimal.a(string.c.obj)
                0x00000000000246fa                memmove
 .text.memcpy   0x0000000000024728       0x16 zephyr/lib/libc/minimal/liblib__libc__minimal.a(string.c.obj)
                0x0000000000024728                memcpy
 .text.memset   0x000000000002473e       0x12 zephyr/lib/libc/minimal/liblib__libc__minimal.a(string.c.obj)
                0x000000000002473e                memset
 .text.sprintf_out
                0x0000000000024750       0x1a zephyr/lib/libc/minimal/liblib__libc__minimal.a(sprintf.c.obj)
 .text.get_status
                0x000000000002476a       0x12 zephyr/drivers/clock_control/libdrivers__clock_control.a(clock_control_nrf.c.obj)
 .text.stop     0x000000000002477c       0x50 zephyr/drivers/clock_control/libdrivers__clock_control.a(clock_control_nrf.c.obj)
 .text.api_stop
                0x00000000000247cc        0x6 zephyr/drivers/clock_control/libdrivers__clock_control.a(clock_control_nrf.c.obj)
 .text.async_start
                0x00000000000247d2       0x5a zephyr/drivers/clock_control/libdrivers__clock_control.a(clock_control_nrf.c.obj)
 .text.api_start
                0x000000000002482c        0xe zephyr/drivers/clock_control/libdrivers__clock_control.a(clock_control_nrf.c.obj)
 .text.onoff_started_callback
                0x000000000002483a       0x12 zephyr/drivers/clock_control/libdrivers__clock_control.a(clock_control_nrf.c.obj)
 .text.lfclk_start
                0x000000000002484c        0x6 zephyr/drivers/clock_control/libdrivers__clock_control.a(clock_control_nrf.c.obj)
 .text.lfclk_stop
                0x0000000000024852        0x6 zephyr/drivers/clock_control/libdrivers__clock_control.a(clock_control_nrf.c.obj)
 .text.blocking_start_callback
                0x0000000000024858        0x6 zephyr/drivers/clock_control/libdrivers__clock_control.a(clock_control_nrf.c.obj)
 .text.jesd216_bfp_erase
                0x000000000002485e       0x26 zephyr/drivers/flash/libdrivers__flash.a(jesd216.c.obj)
                0x000000000002485e                jesd216_bfp_erase
 .text.flash_get_page_info
                0x0000000000024884       0x62 zephyr/drivers/flash/libdrivers__flash.a(flash_page_layout.c.obj)
 .text.z_impl_flash_get_page_info_by_offs
                0x00000000000248e6        0x8 zephyr/drivers/flash/libdrivers__flash.a(flash_page_layout.c.obj)
                0x00000000000248e6                z_impl_flash_get_page_info_by_offs
 .text.flash_page_foreach
                0x00000000000248ee       0x58 zephyr/drivers/flash/libdrivers__flash.a(flash_page_layout.c.obj)
                0x00000000000248ee                flash_page_foreach
 .text.flash_nrf_get_size
                0x0000000000024946       0x12 zephyr/drivers/flash/libdrivers__flash.a(soc_flash_nrf.c.obj)
 .text.is_regular_addr_valid
                0x0000000000024958       0x22 zephyr/drivers/flash/libdrivers__flash.a(soc_flash_nrf.c.obj)
 .text.flash_nrf_read
                0x000000000002497a       0x28 zephyr/drivers/flash/libdrivers__flash.a(soc_flash_nrf.c.obj)
 .text.spi_nor_pages_layout
                0x00000000000249a2        0xc zephyr/drivers/flash/libdrivers__flash.a(spi_nor.c.obj)
 .text.flash_nor_get_size
                0x00000000000249ae        0xc zephyr/drivers/flash/libdrivers__flash.a(spi_nor.c.obj)
 .text.release_device.isra.0
                0x00000000000249ba        0x4 zephyr/drivers/flash/libdrivers__flash.a(spi_nor.c.obj)
 .text.acquire_device.isra.0
                0x00000000000249be        0xc zephyr/drivers/flash/libdrivers__flash.a(spi_nor.c.obj)
 .text.spi_nor_access
                0x00000000000249ca       0x8e zephyr/drivers/flash/libdrivers__flash.a(spi_nor.c.obj)
 .text.spi_nor_write_protection_set
                0x0000000000024a58       0x3a zephyr/drivers/flash/libdrivers__flash.a(spi_nor.c.obj)
 .text.spi_nor_rdsr
                0x0000000000024a92       0x22 zephyr/drivers/flash/libdrivers__flash.a(spi_nor.c.obj)
 .text.spi_nor_wait_until_ready
                0x0000000000024ab4       0x3a zephyr/drivers/flash/libdrivers__flash.a(spi_nor.c.obj)
 .text.spi_nor_erase
                0x0000000000024aee      0x116 zephyr/drivers/flash/libdrivers__flash.a(spi_nor.c.obj)
 .text.spi_nor_write
                0x0000000000024c04       0xc0 zephyr/drivers/flash/libdrivers__flash.a(spi_nor.c.obj)
 .text.spi_nor_read
                0x0000000000024cc4       0x40 zephyr/drivers/flash/libdrivers__flash.a(spi_nor.c.obj)
 .text.exit_dpd
                0x0000000000024d04       0x9e zephyr/drivers/flash/libdrivers__flash.a(spi_nor.c.obj)
 .text.spi_nor_init
                0x0000000000024da2      0x2ba zephyr/drivers/flash/libdrivers__flash.a(spi_nor.c.obj)
 .text.gpio_nrfx_port_get_raw
                0x000000000002505c        0xc zephyr/drivers/gpio/libdrivers__gpio.a(gpio_nrfx.c.obj)
 .text.gpio_nrfx_port_set_masked_raw
                0x0000000000025068       0x14 zephyr/drivers/gpio/libdrivers__gpio.a(gpio_nrfx.c.obj)
 .text.gpio_nrfx_port_set_bits_raw
                0x000000000002507c        0xa zephyr/drivers/gpio/libdrivers__gpio.a(gpio_nrfx.c.obj)
 .text.gpio_nrfx_port_clear_bits_raw
                0x0000000000025086        0xa zephyr/drivers/gpio/libdrivers__gpio.a(gpio_nrfx.c.obj)
 .text.gpio_nrfx_port_toggle_bits
                0x0000000000025090       0x14 zephyr/drivers/gpio/libdrivers__gpio.a(gpio_nrfx.c.obj)
 .text.gpio_nrfx_manage_callback
                0x00000000000250a4       0x52 zephyr/drivers/gpio/libdrivers__gpio.a(gpio_nrfx.c.obj)
 .text.pinctrl_lookup_state
                0x00000000000250f6       0x26 zephyr/drivers/pinctrl/libdrivers__pinctrl.a(common.c.obj)
                0x00000000000250f6                pinctrl_lookup_state
 .text.uarte_nrfx_err_check
                0x000000000002511c        0xe zephyr/drivers/serial/libdrivers__serial.a(uart_nrfx_uarte.c.obj)
 .text.uarte_nrfx_poll_in
                0x000000000002512a       0x26 zephyr/drivers/serial/libdrivers__serial.a(uart_nrfx_uarte.c.obj)
 .text.uarte_nrfx_fifo_read
                0x0000000000025150       0x28 zephyr/drivers/serial/libdrivers__serial.a(uart_nrfx_uarte.c.obj)
 .text.uarte_nrfx_irq_tx_enable
                0x0000000000025178       0x34 zephyr/drivers/serial/libdrivers__serial.a(uart_nrfx_uarte.c.obj)
 .text.uarte_nrfx_irq_tx_disable
                0x00000000000251ac       0x10 zephyr/drivers/serial/libdrivers__serial.a(uart_nrfx_uarte.c.obj)
 .text.uarte_nrfx_irq_tx_ready_complete
                0x00000000000251bc       0x1e zephyr/drivers/serial/libdrivers__serial.a(uart_nrfx_uarte.c.obj)
 .text.uarte_nrfx_irq_rx_ready
                0x00000000000251da       0x10 zephyr/drivers/serial/libdrivers__serial.a(uart_nrfx_uarte.c.obj)
 .text.uarte_nrfx_irq_rx_enable
                0x00000000000251ea        0xc zephyr/drivers/serial/libdrivers__serial.a(uart_nrfx_uarte.c.obj)
 .text.uarte_nrfx_irq_rx_disable
                0x00000000000251f6        0xc zephyr/drivers/serial/libdrivers__serial.a(uart_nrfx_uarte.c.obj)
 .text.uarte_nrfx_irq_err_enable
                0x0000000000025202        0xe zephyr/drivers/serial/libdrivers__serial.a(uart_nrfx_uarte.c.obj)
 .text.uarte_nrfx_irq_err_disable
                0x0000000000025210        0xe zephyr/drivers/serial/libdrivers__serial.a(uart_nrfx_uarte.c.obj)
 .text.uarte_nrfx_irq_is_pending
                0x000000000002521e       0x36 zephyr/drivers/serial/libdrivers__serial.a(uart_nrfx_uarte.c.obj)
 .text.uarte_nrfx_irq_update
                0x0000000000025254        0x4 zephyr/drivers/serial/libdrivers__serial.a(uart_nrfx_uarte.c.obj)
 .text.uarte_nrfx_irq_callback_set
                0x0000000000025258        0xc zephyr/drivers/serial/libdrivers__serial.a(uart_nrfx_uarte.c.obj)
 .text.is_tx_ready.isra.0
                0x0000000000025264       0x20 zephyr/drivers/serial/libdrivers__serial.a(uart_nrfx_uarte.c.obj)
 .text.uarte_nrfx_isr_int
                0x0000000000025284       0x88 zephyr/drivers/serial/libdrivers__serial.a(uart_nrfx_uarte.c.obj)
 .text.uarte_1_init
                0x000000000002530c       0x1e zephyr/drivers/serial/libdrivers__serial.a(uart_nrfx_uarte.c.obj)
 .text.uarte_0_init
                0x000000000002532a       0x1e zephyr/drivers/serial/libdrivers__serial.a(uart_nrfx_uarte.c.obj)
 .text.uarte_nrfx_fifo_fill
                0x0000000000025348       0x8a zephyr/drivers/serial/libdrivers__serial.a(uart_nrfx_uarte.c.obj)
 .text.irq_connect3
                0x00000000000253d2        0xa zephyr/drivers/spi/libdrivers__spi.a(spi_nrfx_spim.c.obj)
 .text.spi_context_get_next_buf.constprop.0
                0x00000000000253dc       0x26 zephyr/drivers/spi/libdrivers__spi.a(spi_nrfx_spim.c.obj)
 .text.pinctrl_apply_state.constprop.0
                0x0000000000025402       0x20 zephyr/drivers/spi/libdrivers__spi.a(spi_nrfx_spim.c.obj)
 .text.gpio_pin_set_dt.isra.0
                0x0000000000025422       0x28 zephyr/drivers/spi/libdrivers__spi.a(spi_nrfx_spim.c.obj)
 .text._spi_context_cs_control
                0x000000000002544a       0x40 zephyr/drivers/spi/libdrivers__spi.a(spi_nrfx_spim.c.obj)
 .text.spi_context_unlock_unconditionally
                0x000000000002548a       0x20 zephyr/drivers/spi/libdrivers__spi.a(spi_nrfx_spim.c.obj)
 .text.spi_nrfx_release
                0x00000000000254aa       0x24 zephyr/drivers/spi/libdrivers__spi.a(spi_nrfx_spim.c.obj)
 .text.spi_nrfx_init
                0x00000000000254ce       0xb8 zephyr/drivers/spi/libdrivers__spi.a(spi_nrfx_spim.c.obj)
 .text.finish_transaction
                0x0000000000025586       0x22 zephyr/drivers/spi/libdrivers__spi.a(spi_nrfx_spim.c.obj)
 .text.event_handler
                0x00000000000255a8       0xb2 zephyr/drivers/spi/libdrivers__spi.a(spi_nrfx_spim.c.obj)
 .text.event_clear
                0x000000000002565a       0x18 zephyr/drivers/timer/libdrivers__timer.a(nrf_rtc_timer.c.obj)
 .text.sys_clock_cycle_get_32
                0x0000000000025672        0x8 zephyr/drivers/timer/libdrivers__timer.a(nrf_rtc_timer.c.obj)
                0x0000000000025672                sys_clock_cycle_get_32
 .text.skip_ext_apis
                0x000000000002567a       0x16 modules/nrf/subsys/fw_info/lib..__nrf__subsys__fw_info.a(fw_info.c.obj)
                0x000000000002567a                skip_ext_apis
 .text.hw_cc3xx_init_internal
                0x0000000000025690        0x4 modules/nrf/drivers/hw_cc3xx/lib..__nrf__drivers__hw_cc3xx.a(hw_cc3xx.c.obj)
 .text.hw_cc3xx_init
                0x0000000000025694       0x12 modules/nrf/drivers/hw_cc3xx/lib..__nrf__drivers__hw_cc3xx.a(hw_cc3xx.c.obj)
 .text.boot_swap_info_off
                0x00000000000256a6        0xc modules/mcuboot/boot/bootutil/zephyr/libmcuboot_util.a(bootutil_public.c.obj)
                0x00000000000256a6                boot_swap_info_off
 .text.boot_magic_compatible_check
                0x00000000000256b2       0x1c modules/mcuboot/boot/bootutil/zephyr/libmcuboot_util.a(bootutil_public.c.obj)
                0x00000000000256b2                boot_magic_compatible_check
 .text.bootutil_buffer_is_erased
                0x00000000000256ce       0x26 modules/mcuboot/boot/bootutil/zephyr/libmcuboot_util.a(bootutil_public.c.obj)
                0x00000000000256ce                bootutil_buffer_is_erased
 .text.boot_read_flag
                0x00000000000256f4       0x38 modules/mcuboot/boot/bootutil/zephyr/libmcuboot_util.a(bootutil_public.c.obj)
 .text.boot_write_trailer
                0x000000000002572c       0x58 modules/mcuboot/boot/bootutil/zephyr/libmcuboot_util.a(bootutil_public.c.obj)
                0x000000000002572c                boot_write_trailer
 .text.boot_write_trailer_flag
                0x0000000000025784       0x14 modules/mcuboot/boot/bootutil/zephyr/libmcuboot_util.a(bootutil_public.c.obj)
                0x0000000000025784                boot_write_trailer_flag
 .text.boot_write_image_ok
                0x0000000000025798        0xe modules/mcuboot/boot/bootutil/zephyr/libmcuboot_util.a(bootutil_public.c.obj)
                0x0000000000025798                boot_write_image_ok
 .text.boot_read_image_ok
                0x00000000000257a6        0xc modules/mcuboot/boot/bootutil/zephyr/libmcuboot_util.a(bootutil_public.c.obj)
                0x00000000000257a6                boot_read_image_ok
 .text.boot_read_swap_state_by_id
                0x00000000000257b2       0x28 modules/mcuboot/boot/bootutil/zephyr/libmcuboot_util.a(bootutil_public.c.obj)
                0x00000000000257b2                boot_read_swap_state_by_id
 .text.boot_write_swap_info
                0x00000000000257da       0x22 modules/mcuboot/boot/bootutil/zephyr/libmcuboot_util.a(bootutil_public.c.obj)
                0x00000000000257da                boot_write_swap_info
 .text.boot_write_copy_done
                0x00000000000257fc       0x10 modules/mcuboot/boot/bootutil/zephyr/libmcuboot_util.a(bootutil_public.c.obj)
                0x00000000000257fc                boot_write_copy_done
 .text.boot_set_next
                0x000000000002580c       0x7c modules/mcuboot/boot/bootutil/zephyr/libmcuboot_util.a(bootutil_public.c.obj)
                0x000000000002580c                boot_set_next
 .text.nrf91_errata_6
                0x0000000000025888       0x1e modules/hal_nordic/modules/hal_nordic/nrfx/libmodules__hal_nordic__nrfx.a(system_nrf91.c.obj)
 .text.nrf91_errata_14
                0x00000000000258a6       0x24 modules/hal_nordic/modules/hal_nordic/nrfx/libmodules__hal_nordic__nrfx.a(system_nrf91.c.obj)
 .text.nrfx_isr
                0x00000000000258ca        0x2 modules/hal_nordic/modules/hal_nordic/nrfx/libmodules__hal_nordic__nrfx.a(nrfx_glue.c.obj)
                0x00000000000258ca                nrfx_isr
 .text.nrfx_busy_wait
                0x00000000000258cc        0x4 modules/hal_nordic/modules/hal_nordic/nrfx/libmodules__hal_nordic__nrfx.a(nrfx_glue.c.obj)
                0x00000000000258cc                nrfx_busy_wait
 .text.nrfx_gppi_channel_endpoints_setup
                0x00000000000258d0        0xe modules/hal_nordic/modules/hal_nordic/nrfx/libmodules__hal_nordic__nrfx.a(nrfx_gppi_dppi.c.obj)
                0x00000000000258d0                nrfx_gppi_channel_endpoints_setup
 .text.clock_stop
                0x00000000000258de       0xae modules/hal_nordic/modules/hal_nordic/nrfx/libmodules__hal_nordic__nrfx.a(nrfx_clock.c.obj)
 .text.nrfx_clock_stop
                0x000000000002598c        0x4 modules/hal_nordic/modules/hal_nordic/nrfx/libmodules__hal_nordic__nrfx.a(nrfx_clock.c.obj)
                0x000000000002598c                nrfx_clock_stop
 .text.nrf_gpio_reconfigure
                0x0000000000025990       0x92 modules/hal_nordic/modules/hal_nordic/nrfx/libmodules__hal_nordic__nrfx.a(nrfx_gpiote.c.obj)
 .text.nrf_gpio_cfg_sense_set
                0x0000000000025a22       0x1e modules/hal_nordic/modules/hal_nordic/nrfx/libmodules__hal_nordic__nrfx.a(nrfx_gpiote.c.obj)
 .text.nrfx_gpiote_pin_uninit
                0x0000000000025a40        0x4 modules/hal_nordic/modules/hal_nordic/nrfx/libmodules__hal_nordic__nrfx.a(nrfx_gpiote.c.obj)
                0x0000000000025a40                nrfx_gpiote_pin_uninit
 .text.nrfx_gpiote_trigger_disable
                0x0000000000025a44        0x4 modules/hal_nordic/modules/hal_nordic/nrfx/libmodules__hal_nordic__nrfx.a(nrfx_gpiote.c.obj)
                0x0000000000025a44                nrfx_gpiote_trigger_disable
 .text.nrfx_gpiote_in_event_get
                0x0000000000025a48        0x6 modules/hal_nordic/modules/hal_nordic/nrfx/libmodules__hal_nordic__nrfx.a(nrfx_gpiote.c.obj)
                0x0000000000025a48                nrfx_gpiote_in_event_get
 .text.nrfx_nvmc_flash_size_get
                0x0000000000025a4e        0x6 modules/hal_nordic/modules/hal_nordic/nrfx/libmodules__hal_nordic__nrfx.a(nrfx_nvmc.c.obj)
                0x0000000000025a4e                nrfx_nvmc_flash_size_get
 .text.nrfx_nvmc_flash_page_size_get
                0x0000000000025a54        0x6 modules/hal_nordic/modules/hal_nordic/nrfx/libmodules__hal_nordic__nrfx.a(nrfx_nvmc.c.obj)
                0x0000000000025a54                nrfx_nvmc_flash_page_size_get
 .text.nrfx_nvmc_flash_page_count_get
                0x0000000000025a5a        0x6 modules/hal_nordic/modules/hal_nordic/nrfx/libmodules__hal_nordic__nrfx.a(nrfx_nvmc.c.obj)
                0x0000000000025a5a                nrfx_nvmc_flash_page_count_get
 .text.__nrfy_internal_spim_event_handle
                0x0000000000025a60       0x2a modules/hal_nordic/modules/hal_nordic/nrfx/libmodules__hal_nordic__nrfx.a(nrfx_spim.c.obj)
 .text.__nrfy_internal_spim_events_process
                0x0000000000025a8a       0x7c modules/hal_nordic/modules/hal_nordic/nrfx/libmodules__hal_nordic__nrfx.a(nrfx_spim.c.obj)
 .text.spim_abort
                0x0000000000025b06       0x2c modules/hal_nordic/modules/hal_nordic/nrfx/libmodules__hal_nordic__nrfx.a(nrfx_spim.c.obj)
 .text.zcbor_new_backup
                0x0000000000025b32       0x3c modules/zcbor/libmodules__zcbor.a(zcbor_common.c.obj)
                0x0000000000025b32                zcbor_new_backup
 .text.zcbor_process_backup
                0x0000000000025b6e       0x8c modules/zcbor/libmodules__zcbor.a(zcbor_common.c.obj)
                0x0000000000025b6e                zcbor_process_backup
 .text.zcbor_new_state
                0x0000000000025bfa       0x4c modules/zcbor/libmodules__zcbor.a(zcbor_common.c.obj)
                0x0000000000025bfa                zcbor_new_state
 .text.zcbor_header_len
                0x0000000000025c46       0x32 modules/zcbor/libmodules__zcbor.a(zcbor_common.c.obj)
                0x0000000000025c46                zcbor_header_len
 .text.zcbor_header_len_ptr
                0x0000000000025c78       0x2c modules/zcbor/libmodules__zcbor.a(zcbor_common.c.obj)
                0x0000000000025c78                zcbor_header_len_ptr
 .text.zcbor_error.isra.0
                0x0000000000025ca4        0x6 modules/zcbor/libmodules__zcbor.a(zcbor_decode.c.obj)
 .text.err_restore
                0x0000000000025caa       0x10 modules/zcbor/libmodules__zcbor.a(zcbor_decode.c.obj)
 .text.initial_checks
                0x0000000000025cba       0x1a modules/zcbor/libmodules__zcbor.a(zcbor_decode.c.obj)
 .text.type_check
                0x0000000000025cd4       0x22 modules/zcbor/libmodules__zcbor.a(zcbor_decode.c.obj)
 .text.array_end_expect
                0x0000000000025cf6       0x24 modules/zcbor/libmodules__zcbor.a(zcbor_decode.c.obj)
 .text.list_map_end_decode
                0x0000000000025d1a       0x24 modules/zcbor/libmodules__zcbor.a(zcbor_decode.c.obj)
 .text.value_extract
                0x0000000000025d3e       0xda modules/zcbor/libmodules__zcbor.a(zcbor_decode.c.obj)
 .text.str_start_decode
                0x0000000000025e18       0x28 modules/zcbor/libmodules__zcbor.a(zcbor_decode.c.obj)
 .text.list_map_start_decode
                0x0000000000025e40       0x4c modules/zcbor/libmodules__zcbor.a(zcbor_decode.c.obj)
 .text.str_start_decode_with_overflow_check
                0x0000000000025e8c       0x24 modules/zcbor/libmodules__zcbor.a(zcbor_decode.c.obj)
 .text.str_decode
                0x0000000000025eb0       0x16 modules/zcbor/libmodules__zcbor.a(zcbor_decode.c.obj)
 .text.zcbor_uint_decode
                0x0000000000025ec6       0x22 modules/zcbor/libmodules__zcbor.a(zcbor_decode.c.obj)
                0x0000000000025ec6                zcbor_uint_decode
 .text.zcbor_uint32_decode
                0x0000000000025ee8        0x6 modules/zcbor/libmodules__zcbor.a(zcbor_decode.c.obj)
                0x0000000000025ee8                zcbor_uint32_decode
 .text.zcbor_size_decode
                0x0000000000025eee        0x4 modules/zcbor/libmodules__zcbor.a(zcbor_decode.c.obj)
                0x0000000000025eee                zcbor_size_decode
 .text.zcbor_bstr_decode
                0x0000000000025ef2        0x6 modules/zcbor/libmodules__zcbor.a(zcbor_decode.c.obj)
                0x0000000000025ef2                zcbor_bstr_decode
 .text.zcbor_tstr_decode
                0x0000000000025ef8        0x6 modules/zcbor/libmodules__zcbor.a(zcbor_decode.c.obj)
                0x0000000000025ef8                zcbor_tstr_decode
 .text.zcbor_map_start_decode
                0x0000000000025efe       0x2c modules/zcbor/libmodules__zcbor.a(zcbor_decode.c.obj)
                0x0000000000025efe                zcbor_map_start_decode
 .text.zcbor_array_at_end
                0x0000000000025f2a       0x26 modules/zcbor/libmodules__zcbor.a(zcbor_decode.c.obj)
                0x0000000000025f2a                zcbor_array_at_end
 .text.zcbor_map_end_decode
                0x0000000000025f50        0x4 modules/zcbor/libmodules__zcbor.a(zcbor_decode.c.obj)
                0x0000000000025f50                zcbor_map_end_decode
 .text.zcbor_simple_decode
                0x0000000000025f54       0x4a modules/zcbor/libmodules__zcbor.a(zcbor_decode.c.obj)
                0x0000000000025f54                zcbor_simple_decode
 .text.zcbor_bool_decode
                0x0000000000025f9e       0x36 modules/zcbor/libmodules__zcbor.a(zcbor_decode.c.obj)
                0x0000000000025f9e                zcbor_bool_decode
 .text.zcbor_tag_decode
                0x0000000000025fd4       0x2a modules/zcbor/libmodules__zcbor.a(zcbor_decode.c.obj)
                0x0000000000025fd4                zcbor_tag_decode
 .text.zcbor_any_skip
                0x0000000000025ffe      0x106 modules/zcbor/libmodules__zcbor.a(zcbor_decode.c.obj)
                0x0000000000025ffe                zcbor_any_skip
 .text.zcbor_error.isra.0
                0x0000000000026104        0x6 modules/zcbor/libmodules__zcbor.a(zcbor_encode.c.obj)
 .text.encode_header_byte
                0x000000000002610a       0x2a modules/zcbor/libmodules__zcbor.a(zcbor_encode.c.obj)
 .text.value_encode
                0x0000000000026134       0x20 modules/zcbor/libmodules__zcbor.a(zcbor_encode.c.obj)
 .text.str_encode
                0x0000000000026154       0x6e modules/zcbor/libmodules__zcbor.a(zcbor_encode.c.obj)
 .text.zcbor_int_encode
                0x00000000000261c2       0x46 modules/zcbor/libmodules__zcbor.a(zcbor_encode.c.obj)
                0x00000000000261c2                zcbor_int_encode
 .text.zcbor_uint_encode
                0x0000000000026208        0xa modules/zcbor/libmodules__zcbor.a(zcbor_encode.c.obj)
                0x0000000000026208                zcbor_uint_encode
 .text.zcbor_int32_put
                0x0000000000026212       0x14 modules/zcbor/libmodules__zcbor.a(zcbor_encode.c.obj)
                0x0000000000026212                zcbor_int32_put
 .text.zcbor_uint32_put
                0x0000000000026226       0x14 modules/zcbor/libmodules__zcbor.a(zcbor_encode.c.obj)
                0x0000000000026226                zcbor_uint32_put
 .text.zcbor_bstr_encode
                0x000000000002623a        0x6 modules/zcbor/libmodules__zcbor.a(zcbor_encode.c.obj)
                0x000000000002623a                zcbor_bstr_encode
 .text.zcbor_tstr_encode
                0x0000000000026240        0x6 modules/zcbor/libmodules__zcbor.a(zcbor_encode.c.obj)
                0x0000000000026240                zcbor_tstr_encode
 .text.zcbor_bstr_encode_ptr
                0x0000000000026246       0x12 modules/zcbor/libmodules__zcbor.a(zcbor_encode.c.obj)
                0x0000000000026246                zcbor_bstr_encode_ptr
 .text.zcbor_tstr_encode_ptr
                0x0000000000026258       0x12 modules/zcbor/libmodules__zcbor.a(zcbor_encode.c.obj)
                0x0000000000026258                zcbor_tstr_encode_ptr
 .text.zcbor_list_start_encode
                0x000000000002626a        0x8 modules/zcbor/libmodules__zcbor.a(zcbor_encode.c.obj)
                0x000000000002626a                zcbor_list_start_encode
 .text.zcbor_map_start_encode
                0x0000000000026272        0x8 modules/zcbor/libmodules__zcbor.a(zcbor_encode.c.obj)
                0x0000000000026272                zcbor_map_start_encode
 .text.zcbor_list_end_encode
                0x000000000002627a        0x8 modules/zcbor/libmodules__zcbor.a(zcbor_encode.c.obj)
                0x000000000002627a                zcbor_list_end_encode
 .text.zcbor_map_end_encode
                0x0000000000026282        0x4 modules/zcbor/libmodules__zcbor.a(zcbor_encode.c.obj)
                0x0000000000026282                zcbor_map_end_encode
 .text.zcbor_simple_encode
                0x0000000000026286       0x24 modules/zcbor/libmodules__zcbor.a(zcbor_encode.c.obj)
                0x0000000000026286                zcbor_simple_encode
 .text.zcbor_bool_put
                0x00000000000262aa       0x16 modules/zcbor/libmodules__zcbor.a(zcbor_encode.c.obj)
                0x00000000000262aa                zcbor_bool_put
 .text.zcbor_new_encode_state
                0x00000000000262c0       0x14 modules/zcbor/libmodules__zcbor.a(zcbor_encode.c.obj)
                0x00000000000262c0                zcbor_new_encode_state
 .text.z_impl_k_busy_wait
                0x00000000000262d4        0x8 zephyr/kernel/libkernel.a(busy_wait.c.obj)
                0x00000000000262d4                z_impl_k_busy_wait
 .text.z_device_state_init
                0x00000000000262dc        0x2 zephyr/kernel/libkernel.a(device.c.obj)
                0x00000000000262dc                z_device_state_init
 .text.z_impl_device_is_ready
                0x00000000000262de       0x16 zephyr/kernel/libkernel.a(device.c.obj)
                0x00000000000262de                z_impl_device_is_ready
 .text.arch_system_halt
                0x00000000000262f4       0x10 zephyr/kernel/libkernel.a(fatal.c.obj)
                0x00000000000262f4                arch_system_halt
 .text.k_sys_fatal_error_handler
                0x0000000000026304        0x6 zephyr/kernel/libkernel.a(fatal.c.obj)
                0x0000000000026304                k_sys_fatal_error_handler
 .text.do_device_init
                0x000000000002630a       0x30 zephyr/kernel/libkernel.a(init.c.obj)
 .text.z_early_memset
                0x000000000002633a        0x4 zephyr/kernel/libkernel.a(init.c.obj)
                0x000000000002633a                z_early_memset
 .text.z_early_memcpy
                0x000000000002633e        0x4 zephyr/kernel/libkernel.a(init.c.obj)
                0x000000000002633e                z_early_memcpy
 .text.z_init_static
                0x0000000000026342        0x2 zephyr/kernel/libkernel.a(init_static.c.obj)
                0x0000000000026342                z_init_static
 .text.create_free_list
                0x0000000000026344       0x34 zephyr/kernel/libkernel.a(mem_slab.c.obj)
 .text.k_mem_slab_init
                0x0000000000026378       0x1c zephyr/kernel/libkernel.a(mem_slab.c.obj)
                0x0000000000026378                k_mem_slab_init
 .text.k_mem_slab_free
                0x0000000000026394       0x6e zephyr/kernel/libkernel.a(mem_slab.c.obj)
                0x0000000000026394                k_mem_slab_free
 .text.idle     0x0000000000026402       0x16 zephyr/kernel/libkernel.a(idle.c.obj)
                0x0000000000026402                idle
 .text.adjust_owner_prio.isra.0
                0x0000000000026418       0x10 zephyr/kernel/libkernel.a(mutex.c.obj)
 .text.z_impl_k_mutex_init
                0x0000000000026428        0xe zephyr/kernel/libkernel.a(mutex.c.obj)
                0x0000000000026428                z_impl_k_mutex_init
 .text.z_impl_k_sem_init
                0x0000000000026436       0x18 zephyr/kernel/libkernel.a(sem.c.obj)
                0x0000000000026436                z_impl_k_sem_init
 .text.k_is_in_isr
                0x000000000002644e        0xc zephyr/kernel/libkernel.a(thread.c.obj)
                0x000000000002644e                k_is_in_isr
 .text.sys_dlist_remove
                0x000000000002645a       0x10 zephyr/kernel/libkernel.a(sched.c.obj)
 .text.unpend_thread_no_timeout
                0x000000000002646a       0x14 zephyr/kernel/libkernel.a(sched.c.obj)
 .text.add_to_waitq_locked
                0x000000000002647e       0x50 zephyr/kernel/libkernel.a(sched.c.obj)
 .text.z_ready_thread
                0x00000000000264ce       0x1e zephyr/kernel/libkernel.a(sched.c.obj)
                0x00000000000264ce                z_ready_thread
 .text.z_sched_wake_thread
                0x00000000000264ec       0x3a zephyr/kernel/libkernel.a(sched.c.obj)
                0x00000000000264ec                z_sched_wake_thread
 .text.z_thread_timeout
                0x0000000000026526        0x8 zephyr/kernel/libkernel.a(sched.c.obj)
                0x0000000000026526                z_thread_timeout
 .text.z_impl_k_sleep
                0x000000000002652e       0x32 zephyr/kernel/libkernel.a(sched.c.obj)
                0x000000000002652e                z_impl_k_sleep
 .text.next_timeout
                0x0000000000026560       0x32 zephyr/kernel/libkernel.a(timeout.c.obj)
 .text.z_abort_timeout
                0x0000000000026592       0x42 zephyr/kernel/libkernel.a(timeout.c.obj)
                0x0000000000026592                z_abort_timeout
 .text.sys_clock_tick_get_32
                0x00000000000265d4        0x8 zephyr/kernel/libkernel.a(timeout.c.obj)
                0x00000000000265d4                sys_clock_tick_get_32
 .text.z_impl_k_uptime_ticks
                0x00000000000265dc        0x4 zephyr/kernel/libkernel.a(timeout.c.obj)
                0x00000000000265dc                z_impl_k_uptime_ticks
 *(SORT_BY_ALIGNMENT(.TEXT.*))
 *(SORT_BY_ALIGNMENT(.gnu.linkonce.t.*))
 *(SORT_BY_ALIGNMENT(.glue_7t))
 .glue_7t       0x00000000000265e0        0x0 linker stubs
 *(SORT_BY_ALIGNMENT(.glue_7))
 .glue_7        0x00000000000265e0        0x0 linker stubs
 *(SORT_BY_ALIGNMENT(.vfp11_veneer))
 .vfp11_veneer  0x00000000000265e0        0x0 linker stubs
 *(SORT_BY_ALIGNMENT(.v4_bx))
 .v4_bx         0x00000000000265e0        0x0 linker stubs
                0x00000000000265e0                . = ALIGN (0x4)
                0x00000000000265e0                __text_region_end = .

.ARM.exidx      0x00000000000265e0        0x8
                0x00000000000265e0                __exidx_start = .
 *(SORT_BY_ALIGNMENT(.ARM.exidx*) SORT_BY_ALIGNMENT(gnu.linkonce.armexidx.*))
 .ARM.exidx     0x00000000000265e0        0x8 /opt/nordic/ncs/toolchains/b8efef2ad5/opt/zephyr-sdk/arm-zephyr-eabi/bin/../lib/gcc/arm-zephyr-eabi/12.2.0/thumb/v8-m.main/nofp/libgcc.a(_udivmoddi4.o)
                0x00000000000265e8                __exidx_end = .
                0x00000000000265e8                __rodata_region_start = .

initlevel       0x00000000000265e8       0x68
                0x00000000000265e8                __init_start = .
                0x00000000000265e8                __init_EARLY_start = .
 *(SORT_BY_NAME(SORT_BY_ALIGNMENT(.z_init_EARLY?_*)))
 *(SORT_BY_NAME(SORT_BY_ALIGNMENT(.z_init_EARLY??_*)))
                0x00000000000265e8                __init_PRE_KERNEL_1_start = .
 *(SORT_BY_NAME(SORT_BY_ALIGNMENT(.z_init_PRE_KERNEL_1?_*)))
 .z_init_PRE_KERNEL_10_0_
                0x00000000000265e8        0x8 zephyr/soc/soc/nrf9151/libsoc__nordic.a(soc.c.obj)
 *(SORT_BY_NAME(SORT_BY_ALIGNMENT(.z_init_PRE_KERNEL_1??_*)))
 .z_init_PRE_KERNEL_130_00061_
                0x00000000000265f0        0x8 zephyr/drivers/clock_control/libdrivers__clock_control.a(clock_control_nrf.c.obj)
 .z_init_PRE_KERNEL_130_0_